Archive member included because of file (symbol)

contiki-sky.a(deluge.o)       test-deluge.co (deluge_disseminate)
contiki-sky.a(contiki-sky-pla)
                              obj_sky/contiki-sky-main.o (init_platform)
contiki-sky.a(button-sensor.o)
                              contiki-sky.a(contiki-sky-pla) (button_sensor)
contiki-sky.a(ds2411.o)       obj_sky/contiki-sky-main.o (ds2411_init)
contiki-sky.a(xmem.o)         obj_sky/contiki-sky-main.o (xmem_init)
contiki-sky.a(node-id.o)      obj_sky/contiki-sky-main.o (node_id_restore)
contiki-sky.a(sensors.o)      contiki-sky.a(button-sensor.o) (sensors_changed)
contiki-sky.a(cfs-coffee.o)   test-deluge.co (cfs_open)
contiki-sky.a(cc2420.o)       contiki-sky.a(deluge.o) (cc2420_set_channel)
contiki-sky.a(cc2420-arch.o)  contiki-sky.a(cc2420.o) (cc2420_arch_init)
contiki-sky.a(uart1.o)        obj_sky/contiki-sky-main.o (uart1_active)
contiki-sky.a(slip_uart1.o)   obj_sky/contiki-sky-main.o (putchar)
contiki-sky.a(slip.o)         obj_sky/contiki-sky-main.o (slip_set_input_callback)
contiki-sky.a(crc16.o)        contiki-sky.a(deluge.o) (crc16_data)
contiki-sky.a(msp430.o)       contiki-sky.a(uart1.o) (msp430_add_lpm_req)
contiki-sky.a(clock.o)        contiki-sky.a(deluge.o) (clock_time)
contiki-sky.a(leds.o)         obj_sky/contiki-sky-main.o (leds_init)
contiki-sky.a(leds-arch.o)    contiki-sky.a(leds.o) (leds_arch_init)
contiki-sky.a(watchdog.o)     obj_sky/contiki-sky-main.o (watchdog_start)
contiki-sky.a(rtimer-arch.o)  obj_sky/contiki-sky-main.o (rtimer_arch_now)
contiki-sky.a(autostart.o)    obj_sky/contiki-sky-main.o (autostart_start)
contiki-sky.a(ctimer.o)       obj_sky/contiki-sky-main.o (ctimer_init)
contiki-sky.a(energest.o)     obj_sky/contiki-sky-main.o (energest_init)
contiki-sky.a(etimer.o)       contiki-sky.a(clock.o) (etimer_request_poll)
contiki-sky.a(process.o)      contiki-sky.a(ctimer.o) (process_current)
contiki-sky.a(rtimer.o)       obj_sky/contiki-sky-main.o (rtimer_init)
contiki-sky.a(timer.o)        obj_sky/contiki-sky-main.o (timer_set)
contiki-sky.a(list.o)         contiki-sky.a(ctimer.o) (list_init)
contiki-sky.a(random.o)       obj_sky/contiki-sky-main.o (random_init)
contiki-sky.a(uip.o)          contiki-sky.a(slip.o) (uip_aligned_buf)
contiki-sky.a(uip-fw.o)       obj_sky/contiki-sky-main.o (uip_fw_default)
contiki-sky.a(uip-fw-drv.o)   obj_sky/contiki-sky-main.o (uip_fw_process)
contiki-sky.a(uip-over-mesh.o)
                              obj_sky/contiki-sky-main.o (uip_over_mesh_init)
contiki-sky.a(tcpip.o)        contiki-sky.a(uip-fw-drv.o) (tcpip_set_outputfunc)
contiki-sky.a(broadcast.o)    contiki-sky.a(deluge.o) (broadcast_close)
contiki-sky.a(channel.o)      contiki-sky.a(broadcast.o) (channel_set_attributes)
contiki-sky.a(ftsp.o)         contiki-sky.a(cc2420.o) (get_global_time_departure)
contiki-sky.a(rime.o)         obj_sky/contiki-sky-main.o (rime_driver)
contiki-sky.a(route.o)        contiki-sky.a(uip-over-mesh.o) (route_init)
contiki-sky.a(route-discovery)
                              contiki-sky.a(uip-over-mesh.o) (route_discovery_open)
contiki-sky.a(trickle.o)      contiki-sky.a(uip-over-mesh.o) (trickle_open)
contiki-sky.a(unicast.o)      contiki-sky.a(uip-over-mesh.o) (unicast_open)
contiki-sky.a(nullmac.o)      obj_sky/contiki-sky-main.o (nullmac_driver)
contiki-sky.a(nullrdc-noframe)
                              contiki-sky.a(deluge.o) (nullrdc_noframer_send_packet)
contiki-sky.a(linkaddr.o)     obj_sky/contiki-sky-main.o (linkaddr_copy)
contiki-sky.a(packetbuf.o)    contiki-sky.a(cc2420.o) (packetbuf_set_datalen)
contiki-sky.a(queuebuf.o)     contiki-sky.a(rime.o) (queuebuf_init)
contiki-sky.a(nullsec.o)      obj_sky/contiki-sky-main.o (nullsec_driver)
contiki-sky.a(spi.o)          contiki-sky.a(xmem.o) (spi_init)
contiki-sky.a(uip-ipchksum.o)
                              contiki-sky.a(slip.o) (uip_ipchksum)
contiki-sky.a(memb.o)         contiki-sky.a(route.o) (memb_init)
contiki-sky.a(abc.o)          contiki-sky.a(broadcast.o) (abc_open)
contiki-sky.a(announcement.o)
                              contiki-sky.a(rime.o) (announcement_init)
contiki-sky.a(broadcast-annou)
                              contiki-sky.a(rime.o) (broadcast_announcement_init)
contiki-sky.a(chameleon.o)    contiki-sky.a(rime.o) (chameleon_init)
contiki-sky.a(netflood.o)     contiki-sky.a(route-discovery) (netflood_open)
contiki-sky.a(mac.o)          contiki-sky.a(nullrdc-noframe) (mac_call_sent_callback)
contiki-sky.a(chameleon-bitop)
                              contiki-sky.a(chameleon.o) (chameleon_bitopt)
contiki-sky.a(ipolite.o)      contiki-sky.a(netflood.o) (ipolite_open)
/usr/lib/gcc/msp430/4.5.3/mmpy-16/libgcc.a(_mulsi3.o)
                              contiki-sky.a(cfs-coffee.o) (__mulsi3)
/usr/lib/gcc/msp430/4.5.3/mmpy-16/libgcc.a(_muldi3.o)
                              contiki-sky.a(ftsp.o) (__muldi3)
/usr/lib/gcc/msp430/4.5.3/mmpy-16/libgcc.a(_udivmodhi4.o)
[...]
Memory Configuration

Name             Origin             Length             Attributes
sfr              0x00000000         0x00000010
peripheral_8bit  0x00000010         0x000000f0
peripheral_16bit 0x00000100         0x00000100
infomem          0x00001000         0x00000100
infob            0x00001000         0x00000080
infoa            0x00001080         0x00000080
ram              0x00001100         0x00002800         xw
rom              0x00004000         0x0000bfe0         xr
vectors          0x0000ffe0         0x00000020
bsl              0x00000000         0x00000000
infoc            0x00000000         0x00000000
infod            0x00000000         0x00000000
far_rom          0x00000000         0x00000000
*default*        0x00000000         0xffffffff

Linker script and memory map

LOAD /usr/lib/gcc/msp430/4.5.3/mmpy-16/crt0ivtbl16.o
LOAD test-deluge.co
LOAD obj_sky/contiki-sky-main.o
LOAD contiki-sky.a
LOAD /usr/lib/gcc/msp430/4.5.3/mmpy-16/libgcc.a
LOAD /usr/lib/gcc/msp430/4.5.3/../../../../msp430/lib/mmpy-16/libc.a
LOAD /usr/lib/gcc/msp430/4.5.3/mmpy-16/libgcc.a
LOAD /usr/lib/gcc/msp430/4.5.3/mmpy-16/libcrt0.a
                0x00000000                __IE1 = 0x0
                0x00000002                __IFG1 = 0x2
                0x00000004                __ME1 = 0x4
                0x00000001                __IE2 = 0x1
                0x00000003                __IFG2 = 0x3
                0x00000005                __ME2 = 0x5
                0x00000120                __WDTCTL = 0x120
                0x00000130                __MPY = 0x130
                0x00000132                __MPYS = 0x132
                0x00000134                __MAC = 0x134
                0x00000136                __MACS = 0x136
                0x00000138                __OP2 = 0x138
                0x0000013a                __RESLO = 0x13a
                0x0000013c                __RESHI = 0x13c
                0x0000013e                __SUMEXT = 0x13e
                0x00000020                __P1IN = 0x20
                0x00000021                __P1OUT = 0x21
                0x00000022                __P1DIR = 0x22
                0x00000023                __P1IFG = 0x23
                0x00000024                __P1IES = 0x24
                0x00000025                __P1IE = 0x25
                0x00000026                __P1SEL = 0x26
                0x00000028                __P2IN = 0x28
                0x00000029                __P2OUT = 0x29
                0x0000002a                __P2DIR = 0x2a
                0x0000002b                __P2IFG = 0x2b
                0x0000002c                __P2IES = 0x2c
                0x0000002d                __P2IE = 0x2d
                0x0000002e                __P2SEL = 0x2e
                0x00000018                __P3IN = 0x18
                0x00000019                __P3OUT = 0x19
                0x0000001a                __P3DIR = 0x1a
                0x0000001b                __P3SEL = 0x1b
                0x0000001c                __P4IN = 0x1c
                0x0000001d                __P4OUT = 0x1d
                0x0000001e                __P4DIR = 0x1e
                0x0000001f                __P4SEL = 0x1f
                0x00000030                __P5IN = 0x30
                0x00000031                __P5OUT = 0x31
                0x00000032                __P5DIR = 0x32
                0x00000033                __P5SEL = 0x33
                0x00000034                __P6IN = 0x34
                0x00000035                __P6OUT = 0x35
                0x00000036                __P6DIR = 0x36
                0x00000037                __P6SEL = 0x37
                0x00000070                __U0CTL = 0x70
                0x00000071                __U0TCTL = 0x71
                0x00000072                __U0RCTL = 0x72
                0x00000073                __U0MCTL = 0x73
                0x00000074                __U0BR0 = 0x74
                0x00000075                __U0BR1 = 0x75
                0x00000076                __U0RXBUF = 0x76
                0x00000077                __U0TXBUF = 0x77
                0x00000078                __U1CTL = 0x78
                0x00000079                __U1TCTL = 0x79
                0x0000007a                __U1RCTL = 0x7a
                0x0000007b                __U1MCTL = 0x7b
                0x0000007c                __U1BR0 = 0x7c
                0x0000007d                __U1BR1 = 0x7d
                0x0000007e                __U1RXBUF = 0x7e
                0x0000007f                __U1TXBUF = 0x7f
                0x00000050                __I2CIE = 0x50
                0x00000051                __I2CIFG = 0x51
                0x00000052                __I2CNDAT = 0x52
                0x00000071                __I2CTCTL = 0x71
                0x00000072                __I2CDCTL = 0x72
                0x00000073                __I2CPSC = 0x73
                0x00000074                __I2CSCLH = 0x74
                0x00000075                __I2CSCLL = 0x75
                0x00000076                __I2CDRB = 0x76
                0x00000076                __I2CDRW = 0x76
                0x00000118                __I2COA = 0x118
                0x0000011a                __I2CSA = 0x11a
                0x0000011c                __I2CIV = 0x11c
                0x0000012e                __TAIV = 0x12e
                0x00000160                __TACTL = 0x160
                0x00000162                __TACCTL0 = 0x162
                0x00000164                __TACCTL1 = 0x164
                0x00000166                __TACCTL2 = 0x166
                0x00000170                __TAR = 0x170
                0x00000172                __TACCR0 = 0x172
                0x00000174                __TACCR1 = 0x174
                0x00000176                __TACCR2 = 0x176
                0x0000011e                __TBIV = 0x11e
                0x00000180                __TBCTL = 0x180
                0x00000182                __TBCCTL0 = 0x182
                0x00000184                __TBCCTL1 = 0x184
                0x00000186                __TBCCTL2 = 0x186
                0x00000188                __TBCCTL3 = 0x188
                0x0000018a                __TBCCTL4 = 0x18a
                0x0000018c                __TBCCTL5 = 0x18c
                0x0000018e                __TBCCTL6 = 0x18e
                0x00000190                __TBR = 0x190
                0x00000192                __TBCCR0 = 0x192
                0x00000194                __TBCCR1 = 0x194
                0x00000196                __TBCCR2 = 0x196
                0x00000198                __TBCCR3 = 0x198
                0x0000019a                __TBCCR4 = 0x19a
                0x0000019c                __TBCCR5 = 0x19c
                0x0000019e                __TBCCR6 = 0x19e
                0x00000056                __DCOCTL = 0x56
                0x00000057                __BCSCTL1 = 0x57
                0x00000058                __BCSCTL2 = 0x58
                0x00000055                __SVSCTL = 0x55
                0x00000128                __FCTL1 = 0x128
                0x0000012a                __FCTL2 = 0x12a
                0x0000012c                __FCTL3 = 0x12c
                0x00000059                __CACTL1 = 0x59
                0x0000005a                __CACTL2 = 0x5a
                0x0000005b                __CAPD = 0x5b
                0x000001a0                __ADC12CTL0 = 0x1a0
                0x000001a2                __ADC12CTL1 = 0x1a2
                0x000001a4                __ADC12IFG = 0x1a4
                0x000001a6                __ADC12IE = 0x1a6
                0x000001a8                __ADC12IV = 0x1a8
                0x00000140                __ADC12MEM0 = 0x140
                0x00000142                __ADC12MEM1 = 0x142
                0x00000144                __ADC12MEM2 = 0x144
                0x00000146                __ADC12MEM3 = 0x146
                0x00000148                __ADC12MEM4 = 0x148
                0x0000014a                __ADC12MEM5 = 0x14a
                0x0000014c                __ADC12MEM6 = 0x14c
                0x0000014e                __ADC12MEM7 = 0x14e
                0x00000150                __ADC12MEM8 = 0x150
                0x00000152                __ADC12MEM9 = 0x152
                0x00000154                __ADC12MEM10 = 0x154
                0x00000156                __ADC12MEM11 = 0x156
                0x00000158                __ADC12MEM12 = 0x158
                0x0000015a                __ADC12MEM13 = 0x15a
                0x0000015c                __ADC12MEM14 = 0x15c
                0x0000015e                __ADC12MEM15 = 0x15e
                0x00000080                __ADC12MCTL0 = 0x80
                0x00000081                __ADC12MCTL1 = 0x81
                0x00000082                __ADC12MCTL2 = 0x82
                0x00000083                __ADC12MCTL3 = 0x83
                0x00000084                __ADC12MCTL4 = 0x84
                0x00000085                __ADC12MCTL5 = 0x85
                0x00000086                __ADC12MCTL6 = 0x86
                0x00000087                __ADC12MCTL7 = 0x87
                0x00000088                __ADC12MCTL8 = 0x88
                0x00000089                __ADC12MCTL9 = 0x89
                0x0000008a                __ADC12MCTL10 = 0x8a
                0x0000008b                __ADC12MCTL11 = 0x8b
                0x0000008c                __ADC12MCTL12 = 0x8c
                0x0000008d                __ADC12MCTL13 = 0x8d
                0x0000008e                __ADC12MCTL14 = 0x8e
                0x0000008f                __ADC12MCTL15 = 0x8f
                0x000001c0                __DAC12_0CTL = 0x1c0
                0x000001c2                __DAC12_1CTL = 0x1c2
                0x000001c8                __DAC12_0DAT = 0x1c8
                0x000001ca                __DAC12_1DAT = 0x1ca
                0x00000122                __DMACTL0 = 0x122
                0x00000124                __DMACTL1 = 0x124
                0x000001e0                __DMA0CTL = 0x1e0
                0x000001e8                __DMA1CTL = 0x1e8
                0x000001f0                __DMA2CTL = 0x1f0
                0x000001e2                __DMA0SA = 0x1e2
                0x000001e4                __DMA0DA = 0x1e4
                0x000001e6                __DMA0SZ = 0x1e6
                0x000001ea                __DMA1SA = 0x1ea
                0x000001ec                __DMA1DA = 0x1ec
                0x000001ee                __DMA1SZ = 0x1ee
                0x000001f2                __DMA2SA = 0x1f2
                0x000001f4                __DMA2DA = 0x1f4
                0x000001f6                __DMA2SZ = 0x1f6

.hash
 *(.hash)

.dynsym
 *(.dynsym)

.dynstr
 *(.dynstr)

.gnu.version
 *(.gnu.version)

.gnu.version_d
 *(.gnu.version_d)

.gnu.version_r
 *(.gnu.version_r)

.rel.init
 *(.rel.init)

.rela.init
 *(.rela.init)

.rel.text
 *(.rel.text)
 *(.rel.text.*)
 *(.rel.gnu.linkonce.t*)

.rela.text
 *(.rela.text)
 *(.rela.text.*)
 *(.rela.gnu.linkonce.t*)

.rel.fini
 *(.rel.fini)

.rela.fini
 *(.rela.fini)

.rel.rodata
 *(.rel.rodata)
 *(.rel.rodata.*)
 *(.rel.gnu.linkonce.r*)

.rela.rodata
 *(.rela.rodata)
 *(.rela.rodata.*)
 *(.rela.gnu.linkonce.r*)

.rel.data
 *(.rel.data)
 *(.rel.data.*)
 *(.rel.gnu.linkonce.d*)

.rela.data
 *(.rela.data)
 *(.rela.data.*)
 *(.rela.gnu.linkonce.d*)

.rel.ctors
 *(.rel.ctors)

.rela.ctors
 *(.rela.ctors)

.rel.dtors
 *(.rel.dtors)

.rela.dtors
 *(.rela.dtors)

.rel.got
 *(.rel.got)

.rela.got
 *(.rela.got)

.rel.bss
 *(.rel.bss)

.rela.bss
 *(.rela.bss)

.rel.plt
 *(.rel.plt)

.rela.plt
 *(.rela.plt)

.text           0x00004000     0x97b8
                0x00004000                . = ALIGN (0x2)
 *(.init)
 *(.init0)
 .init0         0x00004000        0x0 /usr/lib/gcc/msp430/4.5.3/mmpy-16/libcrt0.a(_reset_vector__.o)
                0x00004000                _reset_vector__
 *(.init1)
 *(.init2)
 .init2         0x00004000        0x4 /usr/lib/gcc/msp430/4.5.3/mmpy-16/libcrt0.a(__init_stack.o)
                0x00004000                __init_stack
 *(.init3)
 .init3         0x00004004        0xa /usr/lib/gcc/msp430/4.5.3/mmpy-16/libcrt0.a(__low_level_init.o)
                0x00004004                __low_level_init
 *(.init4)
 .init4         0x0000400e       0x16 /usr/lib/gcc/msp430/4.5.3/mmpy-16/libcrt0.a(_copy_data.o)
                0x0000400e                __do_copy_data
 .init4         0x00004024       0x14 /usr/lib/gcc/msp430/4.5.3/mmpy-16/libcrt0.a(_clear_bss.o)
                0x00004024                __do_clear_bss
 *(.init5)
 *(.init6)
 *(.init7)
 *(.init8)
 *(.init9)
 .init9         0x00004038      0x392 obj_sky/contiki-sky-main.o
                0x00004038                main
 *(.fini9)
 .fini9         0x000043ca        0x0 /usr/lib/gcc/msp430/4.5.3/mmpy-16/libcrt0.a(__stop_progExec__.o)
                0x000043ca                __stop_progExec__
 *(.fini8)
 *(.fini7)
 *(.fini6)
 *(.fini5)
 *(.fini4)
 *(.fini3)
 *(.fini2)
 *(.fini1)
 *(.fini0)
 .fini0         0x000043ca        0x6 /usr/lib/gcc/msp430/4.5.3/mmpy-16/libcrt0.a(_endless_loop__.o)
                0x000043ca                _endless_loop__
 *(.fini)
                0x000043d0                . = ALIGN (0x2)
                0x000043d0                __ctors_start = .
 *(.ctors)
                0x000043d0                __ctors_end = .
                0x000043d0                __dtors_start = .
 *(.dtors)
                0x000043d0                __dtors_end = .
                0x000043d0                . = ALIGN (0x2)
 *(.text)
 .text          0x000043d0        0x4 /usr/lib/gcc/msp430/4.5.3/mmpy-16/crt0ivtbl16.o
                0x000043d0                __isr_14
                0x000043d0                __isr_11
                0x000043d0                __isr_2
                0x000043d0                __isr_7
                0x000043d0                __isr_0
                0x000043d0                __isr_8
                0x000043d0                __isr_3
                0x000043d0                __isr_12
                0x000043d0                __isr_13
                0x000043d0                __isr_9
 .text          0x000043d4       0xc6 test-deluge.co
                0x00004496                autostart_processes
 .text          0x0000449a      0x15e obj_sky/contiki-sky-main.o
 .text          0x000045f8      0x400 contiki-sky.a(deluge.o)
 .text          0x000049f8       0x10 contiki-sky.a(button-sensor.o)
                0x00004a00                button_sensor
 .text          0x00004a08        0x8 contiki-sky.a(sensors.o)
 .text          0x00004a10       0x70 contiki-sky.a(cc2420.o)
                0x00004a50                cc2420_driver
                0x00004a6c                cc2420_aes_128_driver
 .text          0x00004a80       0x26 contiki-sky.a(slip.o)
 .text          0x00004aa6        0xf contiki-sky.a(ctimer.o)
 .text          0x00004ab5        0xc contiki-sky.a(etimer.o)
 *fill*         0x00004ac1        0x1 00
 .text          0x00004ac2       0x28 contiki-sky.a(uip.o)
                0x00004ae2                uip_broadcast_addr
                0x00004ae6                uip_all_zeroes_addr
 .text          0x00004aea        0xe contiki-sky.a(uip-fw-drv.o)
 .text          0x00004af8        0xa contiki-sky.a(uip-over-mesh.o)
 .text          0x00004b02        0xd contiki-sky.a(tcpip.o)
 *fill*         0x00004b0f        0x1 00
 .text          0x00004b10        0x8 contiki-sky.a(broadcast.o)
 .text          0x00004b18        0xc contiki-sky.a(rime.o)
                0x00004b1e                rime_driver
 .text          0x00004b24        0xa contiki-sky.a(route-discovery)
 .text          0x00004b2e        0xa contiki-sky.a(trickle.o)
 .text          0x00004b38        0xa contiki-sky.a(unicast.o)
 .text          0x00004b42       0x2e contiki-sky.a(nullmac.o)
                0x00004b62                nullmac_driver
 .text          0x00004b70      0x17a contiki-sky.a(nullrdc-noframe)
                0x00004cda                nullrdc_noframer_driver
 .text          0x00004cea        0x2 contiki-sky.a(linkaddr.o)
                0x00004cea                linkaddr_null
 .text          0x00004cec       0x10 contiki-sky.a(nullsec.o)
                0x00004cf4                nullsec_driver
 .text          0x00004cfc        0x2 contiki-sky.a(abc.o)
 .text          0x00004cfe        0x4 contiki-sky.a(broadcast-annou)
 .text          0x00004d02        0x6 contiki-sky.a(netflood.o)
 .text          0x00004d08       0x10 contiki-sky.a(chameleon-bitop)
                0x00004d08                chameleon_bitopt
 .text          0x00004d18        0x4 contiki-sky.a(ipolite.o)
 .text          0x00004d1c      0x1fe /usr/lib/gcc/msp430/4.5.3/mmpy-16/libgcc.a(_mul_sf.o)
                0x00004d1c                __mulsf3
 .text          0x00004f1a       0x9a /usr/lib/gcc/msp430/4.5.3/mmpy-16/libgcc.a(_si_to_sf.o)
                0x00004f1a                __floatsisf
 .text          0x00004fb4       0x8a /usr/lib/gcc/msp430/4.5.3/mmpy-16/libgcc.a(_sf_to_si.o)
                0x00004fb4                __fixsfsi
 .text          0x0000503e        0x8 /usr/lib/gcc/msp430/4.5.3/mmpy-16/libgcc.a(_thenan_sf.o)
                0x0000503e                __thenan_sf
 .text          0x00005046      0x100 /usr/lib/gcc/msp430/4.5.3/mmpy-16/libgcc.a(_clz.o)
                0x00005046                __clz_tab
 .text          0x00005146       0x58 /usr/lib/gcc/msp430/4.5.3/mmpy-16/libgcc.a(_clzsi2.o)
                0x00005146                __clzsi2
 .text          0x0000519e      0x1d6 /usr/lib/gcc/msp430/4.5.3/mmpy-16/libgcc.a(_pack_sf.o)
                0x0000519e                __pack_f
 .text          0x00005374      0x132 /usr/lib/gcc/msp430/4.5.3/mmpy-16/libgcc.a(_unpack_sf.o)
                0x00005374                __unpack_f
 .text          0x000054a6       0x20 /usr/lib/gcc/msp430/4.5.3/../../../../msp430/lib/mmpy-16/libc.a(strcmp.o)
                0x000054a6                strcmp
 .text          0x000054c6       0x30 /usr/lib/gcc/msp430/4.5.3/../../../../msp430/lib/mmpy-16/libc.a(strncmp.o)
                0x000054c6                strncmp
 .text          0x000054f6       0x34 /usr/lib/gcc/msp430/4.5.3/../../../../msp430/lib/mmpy-16/libc.a(memcmp.o)
                0x000054f6                memcmp
 .text          0x0000552a       0x14 /usr/lib/gcc/msp430/4.5.3/../../../../msp430/lib/mmpy-16/libc.a(strcpy.o)
                0x0000552a                strcpy
 .text          0x0000553e       0x2c /usr/lib/gcc/msp430/4.5.3/../../../../msp430/lib/mmpy-16/libc.a(strncpy.o)
                0x0000553e                strncpy
 .text          0x0000556a      0x104 /usr/lib/gcc/msp430/4.5.3/../../../../msp430/lib/mmpy-16/libc.a(memcpy.o)
                0x0000556a                memcpy
 .text          0x0000566e       0x66 /usr/lib/gcc/msp430/4.5.3/../../../../msp430/lib/mmpy-16/libc.a(memset.o)
                0x0000566e                memset
 .text          0x000056d4      0x10c /usr/lib/gcc/msp430/4.5.3/../../../../msp430/lib/mmpy-16/libc.a(malloc.o)
                0x000056d4                malloc
                0x000057d8                free
 .text          0x000057e0       0x20 /usr/lib/gcc/msp430/4.5.3/../../../../msp430/lib/mmpy-16/libc.a(printf.o)
                0x000057e0                printf
                0x000057f2                vprintf
 .text          0x00005800      0x476 /usr/lib/gcc/msp430/4.5.3/../../../../msp430/lib/mmpy-16/libc.a(vuprintf.o)
                0x0000590c                vuprintf
 .text          0x00005c76       0x2c /usr/lib/gcc/msp430/4.5.3/../../../../msp430/lib/mmpy-16/libc.a(puts.o)
                0x00005c76                puts
 .text          0x00005ca2      0x134 /usr/lib/gcc/msp430/4.5.3/../../../../msp430/lib/mmpy-16/libc.a(rand.o)
                0x00005ca2                rand_r
                0x00005d36                rand
                0x00005dcc                srand
                0x00005dd6                . = ALIGN (0x2)
 *(.text.*)
 .text.process_thread_deluge_test_process
                0x00005dd6      0x162 test-deluge.co
 .text.set_gateway
                0x00005f38       0x5a obj_sky/contiki-sky-main.o
 .text.process_thread_node_send_page_process
                0x00005f92       0x2e contiki-sky.a(deluge.o)
 .text.process_thread_deluge_process
                0x00005fc0      0x194 contiki-sky.a(deluge.o)
 .text.set_period_first_mc_deluge
                0x00006154       0xe6 contiki-sky.a(deluge.o)
 .text.node_receive_page_set_first_mc_deluge
                0x0000623a       0x5c contiki-sky.a(deluge.o)
 .text.node_receive_page_set_general_mc_deluge
                0x00006296       0x4e contiki-sky.a(deluge.o)
 .text.send_request_mc_deluge
                0x000062e4       0x8a contiki-sky.a(deluge.o)
 .text.send_profile_mc_deluge
                0x0000636e       0xac contiki-sky.a(deluge.o)
 .text.read_page.clone.0
                0x0000641a       0x3a contiki-sky.a(deluge.o)
 .text.send_page_mc_deluge
                0x00006454       0xd2 contiki-sky.a(deluge.o)
 .text.sink_send_page_mc_deluge
                0x00006526       0x56 contiki-sky.a(deluge.o)
 .text.send_page_by_request_mc_deluge
                0x0000657c       0xd2 contiki-sky.a(deluge.o)
 .text.node_send_page_mc_deluge.clone.2
                0x0000664e       0x88 contiki-sky.a(deluge.o)
 .text.node_send_page_mc_deluge_set_timer
                0x000066d6       0x76 contiki-sky.a(deluge.o)
 .text.node_resend_page_mc_deluge
                0x0000674c        0xa contiki-sky.a(deluge.o)
 .text.node_send_page_set_general_timer_mc_deluge
                0x00006756       0x64 contiki-sky.a(deluge.o)
 .text.transition.clone.3
                0x000067ba       0x38 contiki-sky.a(deluge.o)
 .text.tx_callback_mc_deluge
                0x000067f2       0x3e contiki-sky.a(deluge.o)
 .text.init_page.clone.4
                0x00006830       0x74 contiki-sky.a(deluge.o)
 .text.highest_available_page.clone.6
                0x000068a4       0x2e contiki-sky.a(deluge.o)
 .text.deluge_disseminate
                0x000068d2      0x11e contiki-sky.a(deluge.o)
                0x000068d2                deluge_disseminate
 .text.handle_profile_mc_deluge
                0x000069f0      0x144 contiki-sky.a(deluge.o)
                0x000069f0                handle_profile_mc_deluge
 .text.handle_packet_mc_deluge
                0x00006b34      0x236 contiki-sky.a(deluge.o)
                0x00006b34                handle_packet_mc_deluge
 .text.handle_request_mc_deluge
                0x00006d6a       0xd0 contiki-sky.a(deluge.o)
                0x00006d6a                handle_request_mc_deluge
 .text.init_platform
                0x00006e3a        0xc contiki-sky.a(contiki-sky-pla)
                0x00006e3a                init_platform
 .text.status   0x00006e46       0x16 contiki-sky.a(button-sensor.o)
 .text.configure
                0x00006e5c       0x4a contiki-sky.a(button-sensor.o)
 .text.value    0x00006ea6       0x26 contiki-sky.a(button-sensor.o)
 .text.irq_p2   0x00006ecc       0x92 contiki-sky.a(button-sensor.o)
                0x00006ecc                irq_p2
                0x00006ecc                __isr_1
 .text.crc8_add
                0x00006f5e       0x1a contiki-sky.a(ds2411.o)
 .text.owreadb  0x00006f78       0x56 contiki-sky.a(ds2411.o)
 .text.ds2411_init
                0x00006fce      0x10a contiki-sky.a(ds2411.o)
                0x00006fce                ds2411_init
 .text.write_enable
                0x000070d8       0x28 contiki-sky.a(xmem.o)
 .text.wait_ready
                0x00007100       0x4e contiki-sky.a(xmem.o)
 .text.xmem_init
                0x0000714e       0x3c contiki-sky.a(xmem.o)
                0x0000714e                xmem_init
 .text.xmem_pread
                0x0000718a       0xdc contiki-sky.a(xmem.o)
                0x0000718a                xmem_pread
 .text.xmem_pwrite
                0x00007266      0x13e contiki-sky.a(xmem.o)
                0x00007266                xmem_pwrite
 .text.xmem_erase
                0x000073a4       0xaa contiki-sky.a(xmem.o)
                0x000073a4                xmem_erase
 .text.node_id_restore
                0x0000744e       0x38 contiki-sky.a(node-id.o)
                0x0000744e                node_id_restore
 .text.get_sensor_index
                0x00007486       0x22 contiki-sky.a(sensors.o)
 .text.process_thread_sensors_process
                0x000074a8       0xc2 contiki-sky.a(sensors.o)
 .text.sensors_changed
                0x0000756a       0x14 contiki-sky.a(sensors.o)
                0x0000756a                sensors_changed
 .text.next_file
                0x0000757e       0x22 contiki-sky.a(cfs-coffee.o)
 .text.load_file
                0x000075a0       0x7c contiki-sky.a(cfs-coffee.o)
 .text.read_header
                0x0000761c       0x26 contiki-sky.a(cfs-coffee.o)
 .text.find_file
                0x00007642       0xb2 contiki-sky.a(cfs-coffee.o)
 .text.find_contiguous_pages
                0x000076f4       0x78 contiki-sky.a(cfs-coffee.o)
 .text.file_end
                0x0000776c       0xca contiki-sky.a(cfs-coffee.o)
 .text.write_header
                0x00007836       0x2a contiki-sky.a(cfs-coffee.o)
 .text.get_record_index
                0x00007860       0xf4 contiki-sky.a(cfs-coffee.o)
 .text.read_log_page
                0x00007954      0x12c contiki-sky.a(cfs-coffee.o)
 .text.remove_by_page.clone.0
                0x00007a80       0xa2 contiki-sky.a(cfs-coffee.o)
 .text.find_next_record.clone.1
                0x00007b22       0xd8 contiki-sky.a(cfs-coffee.o)
 .text.reserve  0x00007bfa      0x258 contiki-sky.a(cfs-coffee.o)
 .text.cfs_open
                0x00007e52       0xda contiki-sky.a(cfs-coffee.o)
                0x00007e52                cfs_open
 .text.cfs_close
                0x00007f2c       0x2a contiki-sky.a(cfs-coffee.o)
                0x00007f2c                cfs_close
 .text.cfs_seek
                0x00007f56       0xba contiki-sky.a(cfs-coffee.o)
                0x00007f56                cfs_seek
 .text.cfs_remove
                0x00008010       0x1a contiki-sky.a(cfs-coffee.o)
                0x00008010                cfs_remove
 .text.cfs_read
                0x0000802a      0x1aa contiki-sky.a(cfs-coffee.o)
                0x0000802a                cfs_read
 .text.merge_log
                0x000081d4      0x1b4 contiki-sky.a(cfs-coffee.o)
 .text.write_log_page
                0x00008388      0x31a contiki-sky.a(cfs-coffee.o)
 .text.cfs_write
                0x000086a2      0x29e contiki-sky.a(cfs-coffee.o)
                0x000086a2                cfs_write
 .text.get_object
                0x00008940        0x4 contiki-sky.a(cc2420.o)
 .text.set_object
                0x00008944        0x4 contiki-sky.a(cc2420.o)
 .text.strobe   0x00008948       0x1e contiki-sky.a(cc2420.o)
 .text.getreg   0x00008966       0x50 contiki-sky.a(cc2420.o)
 .text.setreg   0x000089b6       0x48 contiki-sky.a(cc2420.o)
 .text.write_ram
                0x000089fe       0x6c contiki-sky.a(cc2420.o)
 .text.write_fifo_buf
                0x00008a6a       0x38 contiki-sky.a(cc2420.o)
 .text.get_status
                0x00008aa2       0x22 contiki-sky.a(cc2420.o)
 .text.set_txpower
                0x00008ac4       0x2a contiki-sky.a(cc2420.o)
 .text.cc2420_receiving_packet
                0x00008aee       0x10 contiki-sky.a(cc2420.o)
 .text.pending_packet
                0x00008afe        0x8 contiki-sky.a(cc2420.o)
 .text.on       0x00008b06       0x24 contiki-sky.a(cc2420.o)
 .text.wait_for_transmission
                0x00008b2a       0x20 contiki-sky.a(cc2420.o)
 .text.wait_for_status
                0x00008b4a       0x2a contiki-sky.a(cc2420.o)
 .text.getrxdata
                0x00008b74       0x4e contiki-sky.a(cc2420.o)
 .text.flushrx  0x00008bc2       0x1a contiki-sky.a(cc2420.o)
 .text.off      0x00008bdc       0x68 contiki-sky.a(cc2420.o)
 .text.RELEASE_LOCK
                0x00008c44       0x28 contiki-sky.a(cc2420.o)
 .text.encrypt  0x00008c6c       0x88 contiki-sky.a(cc2420.o)
 .text.set_key  0x00008cf4       0x18 contiki-sky.a(cc2420.o)
 .text.set_frame_filtering
                0x00008d0c       0x30 contiki-sky.a(cc2420.o)
 .text.set_auto_ack
                0x00008d3c       0x30 contiki-sky.a(cc2420.o)
 .text.set_poll_mode
                0x00008d6c       0x36 contiki-sky.a(cc2420.o)
 .text.cc2420_prepare
                0x00008da2       0x3c contiki-sky.a(cc2420.o)
 .text.cc2420_on
                0x00008dde       0x22 contiki-sky.a(cc2420.o)
                0x00008dde                cc2420_on
 .text.cc2420_off
                0x00008e00       0x30 contiki-sky.a(cc2420.o)
                0x00008e00                cc2420_off
 .text.cc2420_cca
                0x00008e30       0x5e contiki-sky.a(cc2420.o)
 .text.cc2420_read
                0x00008e8e       0xc4 contiki-sky.a(cc2420.o)
 .text.process_thread_cc2420_process
                0x00008f52       0x56 contiki-sky.a(cc2420.o)
 .text.cc2420_set_channel
                0x00008fa8       0x3c contiki-sky.a(cc2420.o)
                0x00008fa8                cc2420_set_channel
 .text.cc2420_set_pan_addr
                0x00008fe4       0x4c contiki-sky.a(cc2420.o)
                0x00008fe4                cc2420_set_pan_addr
 .text.cc2420_interrupt
                0x00009030       0x24 contiki-sky.a(cc2420.o)
                0x00009030                cc2420_interrupt
 .text.cc2420_set_txpower
                0x00009054        0xe contiki-sky.a(cc2420.o)
                0x00009054                cc2420_set_txpower
 .text.cc2420_get_txpower
                0x00009062       0x1e contiki-sky.a(cc2420.o)
                0x00009062                cc2420_get_txpower
 .text.cc2420_transmit
                0x00009080      0x13c contiki-sky.a(cc2420.o)
 .text.cc2420_send
                0x000091bc       0x12 contiki-sky.a(cc2420.o)
 .text.cc2420_rssi
                0x000091ce       0x4c contiki-sky.a(cc2420.o)
                0x000091ce                cc2420_rssi
 .text.get_value
                0x0000921a      0x106 contiki-sky.a(cc2420.o)
 .text.cc2420_set_cca_threshold
                0x00009320       0x16 contiki-sky.a(cc2420.o)
                0x00009320                cc2420_set_cca_threshold
 .text.set_value
                0x00009336       0xc4 contiki-sky.a(cc2420.o)
 .text.cc2420_init
                0x000093fa       0xf8 contiki-sky.a(cc2420.o)
                0x000093fa                cc2420_init
 .text.cc2420_port1_interrupt
                0x000094f2       0x6a contiki-sky.a(cc2420-arch.o)
                0x000094f2                __isr_4
                0x000094f2                cc2420_port1_interrupt
 .text.cc2420_arch_init
                0x0000955c       0x1a contiki-sky.a(cc2420-arch.o)
                0x0000955c                cc2420_arch_init
 .text.handle_rxdma_timer
                0x00009576       0x42 contiki-sky.a(uart1.o)
 .text.uart1_active
                0x000095b8       0x18 contiki-sky.a(uart1.o)
                0x000095b8                uart1_active
 .text.uart1_set_input
                0x000095d0       0x20 contiki-sky.a(uart1.o)
                0x000095d0                uart1_set_input
 .text.uart1_writeb
                0x000095f0       0x1a contiki-sky.a(uart1.o)
                0x000095f0                uart1_writeb
 .text.uart1_init
                0x0000960a       0xee contiki-sky.a(uart1.o)
                0x0000960a                uart1_init
 .text.slip_arch_writeb
                0x000096f8        0x6 contiki-sky.a(slip_uart1.o)
                0x000096f8                slip_arch_writeb
 .text.putchar  0x000096fe       0x3c contiki-sky.a(slip_uart1.o)
                0x000096fe                putchar
 .text.slip_arch_init
                0x0000973a        0xa contiki-sky.a(slip_uart1.o)
                0x0000973a                slip_arch_init
 .text.rxbuf_init
                0x00009744       0x12 contiki-sky.a(slip.o)
 .text.slip_set_input_callback
                0x00009756        0x6 contiki-sky.a(slip.o)
                0x00009756                slip_set_input_callback
 .text.slip_send
                0x0000975c       0x60 contiki-sky.a(slip.o)
                0x0000975c                slip_send
 .text.slip_write
                0x000097bc       0x5e contiki-sky.a(slip.o)
                0x000097bc                slip_write
 .text.process_thread_slip_process
                0x0000981a      0x1f4 contiki-sky.a(slip.o)
 .text.slip_input_byte
                0x00009a0e       0xc0 contiki-sky.a(slip.o)
                0x00009a0e                slip_input_byte
 .text.crc16_add
                0x00009ace       0x50 contiki-sky.a(crc16.o)
                0x00009ace                crc16_add
 .text.crc16_data
                0x00009b1e       0x28 contiki-sky.a(crc16.o)
                0x00009b1e                crc16_data
 .text.msp430_init_dco
                0x00009b46       0x74 contiki-sky.a(msp430.o)
                0x00009b46                msp430_init_dco
 .text.msp430_add_lpm_req
                0x00009bba        0xa contiki-sky.a(msp430.o)
                0x00009bba                msp430_add_lpm_req
 .text.msp430_cpu_init
                0x00009bc4       0x2a contiki-sky.a(msp430.o)
                0x00009bc4                msp430_cpu_init
 .text.splhigh_
                0x00009bee        0x8 contiki-sky.a(msp430.o)
                0x00009bee                splhigh_
 .text.msp430_sync_dco
                0x00009bf6       0x60 contiki-sky.a(msp430.o)
                0x00009bf6                msp430_sync_dco
 .text.read_tar
                0x00009c56        0xe contiki-sky.a(clock.o)
 .text.timera1  0x00009c64       0xf2 contiki-sky.a(clock.o)
                0x00009c64                __isr_5
                0x00009c64                timera1
 .text.clock_time
                0x00009d56       0x1a contiki-sky.a(clock.o)
                0x00009d56                clock_time
 .text.clock_init
                0x00009d70       0x28 contiki-sky.a(clock.o)
                0x00009d70                clock_init
 .text.clock_delay
                0x00009d98        0xc contiki-sky.a(clock.o)
                0x00009d98                clock_delay
 .text.show_leds
                0x00009da4      0x104 contiki-sky.a(leds.o)
 .text.leds_init
                0x00009ea8        0xa contiki-sky.a(leds.o)
                0x00009ea8                leds_init
 .text.leds_on  0x00009eb2        0xa contiki-sky.a(leds.o)
                0x00009eb2                leds_on
 .text.leds_off
                0x00009ebc        0xe contiki-sky.a(leds.o)
                0x00009ebc                leds_off
 .text.leds_arch_init
                0x00009eca        0xe contiki-sky.a(leds-arch.o)
                0x00009eca                leds_arch_init
 .text.leds_arch_set
                0x00009ed8       0x3a contiki-sky.a(leds-arch.o)
                0x00009ed8                leds_arch_set
 .text.watchdog_interrupt
                0x00009f12        0x6 contiki-sky.a(watchdog.o)
                0x00009f12                __isr_10
                0x00009f12                watchdog_interrupt
 .text.watchdog_start
                0x00009f18       0x14 contiki-sky.a(watchdog.o)
                0x00009f18                watchdog_start
 .text.watchdog_periodic
                0x00009f2c       0x12 contiki-sky.a(watchdog.o)
                0x00009f2c                watchdog_periodic
 .text.watchdog_stop
                0x00009f3e       0x16 contiki-sky.a(watchdog.o)
                0x00009f3e                watchdog_stop
 .text.watchdog_init
                0x00009f54       0x14 contiki-sky.a(watchdog.o)
                0x00009f54                watchdog_init
 .text.rtimer_arch_init
                0x00009f68        0xe contiki-sky.a(rtimer-arch.o)
                0x00009f68                rtimer_arch_init
 .text.rtimer_arch_now
                0x00009f76        0xe contiki-sky.a(rtimer-arch.o)
                0x00009f76                rtimer_arch_now
 .text.timera0  0x00009f84       0x76 contiki-sky.a(rtimer-arch.o)
                0x00009f84                __isr_6
                0x00009f84                timera0
 .text.rtimer_arch_schedule
                0x00009ffa        0x6 contiki-sky.a(rtimer-arch.o)
                0x00009ffa                rtimer_arch_schedule
 .text.autostart_start
                0x0000a000       0x18 contiki-sky.a(autostart.o)
                0x0000a000                autostart_start
 .text.process_thread_ctimer_process
                0x0000a018       0xa4 contiki-sky.a(ctimer.o)
 .text.ctimer_init
                0x0000a0bc       0x18 contiki-sky.a(ctimer.o)
                0x0000a0bc                ctimer_init
 .text.ctimer_set_with_process
                0x0000a0d4       0x4e contiki-sky.a(ctimer.o)
                0x0000a0d4                ctimer_set_with_process
 .text.ctimer_set
                0x0000a122       0x10 contiki-sky.a(ctimer.o)
                0x0000a122                ctimer_set
 .text.ctimer_reset
                0x0000a132       0x30 contiki-sky.a(ctimer.o)
                0x0000a132                ctimer_reset
 .text.ctimer_stop
                0x0000a162       0x28 contiki-sky.a(ctimer.o)
                0x0000a162                ctimer_stop
 .text.ctimer_expired
                0x0000a18a       0x32 contiki-sky.a(ctimer.o)
                0x0000a18a                ctimer_expired
 .text.energest_init
                0x0000a1bc       0x2a contiki-sky.a(energest.o)
                0x0000a1bc                energest_init
 .text.energest_type_time
                0x0000a1e6       0x44 contiki-sky.a(energest.o)
                0x0000a1e6                energest_type_time
 .text.energest_type_set
                0x0000a22a        0xe contiki-sky.a(energest.o)
                0x0000a22a                energest_type_set
 .text.energest_flush
                0x0000a238       0x4a contiki-sky.a(energest.o)
                0x0000a238                energest_flush
 .text.update_time
                0x0000a282       0x78 contiki-sky.a(etimer.o)
 .text.etimer_request_poll
                0x0000a2fa        0xa contiki-sky.a(etimer.o)
                0x0000a2fa                etimer_request_poll
 .text.process_thread_etimer_process
                0x0000a304       0xce contiki-sky.a(etimer.o)
 .text.add_timer
                0x0000a3d2       0x40 contiki-sky.a(etimer.o)
 .text.etimer_set
                0x0000a412       0x12 contiki-sky.a(etimer.o)
                0x0000a412                etimer_set
 .text.etimer_reset
                0x0000a424       0x12 contiki-sky.a(etimer.o)
                0x0000a424                etimer_reset
 .text.etimer_restart
                0x0000a436       0x12 contiki-sky.a(etimer.o)
                0x0000a436                etimer_restart
 .text.etimer_expired
                0x0000a448        0xe contiki-sky.a(etimer.o)
                0x0000a448                etimer_expired
 .text.etimer_pending
                0x0000a456        0xe contiki-sky.a(etimer.o)
                0x0000a456                etimer_pending
 .text.etimer_next_expiration_time
                0x0000a464       0x16 contiki-sky.a(etimer.o)
                0x0000a464                etimer_next_expiration_time
 .text.etimer_stop
                0x0000a47a       0x3c contiki-sky.a(etimer.o)
                0x0000a47a                etimer_stop
 .text.call_process
                0x0000a4b6       0x4c contiki-sky.a(process.o)
 .text.exit_process
                0x0000a502       0x94 contiki-sky.a(process.o)
 .text.do_poll  0x0000a596       0x30 contiki-sky.a(process.o)
 .text.process_alloc_event
                0x0000a5c6        0xe contiki-sky.a(process.o)
                0x0000a5c6                process_alloc_event
 .text.process_exit
                0x0000a5d4        0xa contiki-sky.a(process.o)
                0x0000a5d4                process_exit
 .text.process_init
                0x0000a5de       0x1c contiki-sky.a(process.o)
                0x0000a5de                process_init
 .text.process_run
                0x0000a5fa       0x8c contiki-sky.a(process.o)
                0x0000a5fa                process_run
 .text.process_nevents
                0x0000a686        0xc contiki-sky.a(process.o)
                0x0000a686                process_nevents
 .text.process_post
                0x0000a692       0x4e contiki-sky.a(process.o)
                0x0000a692                process_post
 .text.process_post_synch
                0x0000a6e0       0x12 contiki-sky.a(process.o)
                0x0000a6e0                process_post_synch
 .text.process_start
                0x0000a6f2       0x32 contiki-sky.a(process.o)
                0x0000a6f2                process_start
 .text.process_poll
                0x0000a724       0x1a contiki-sky.a(process.o)
                0x0000a724                process_poll
 .text.rtimer_init
                0x0000a73e        0x6 contiki-sky.a(rtimer.o)
                0x0000a73e                rtimer_init
 .text.rtimer_run_next
                0x0000a744       0x26 contiki-sky.a(rtimer.o)
                0x0000a744                rtimer_run_next
 .text.timer_set
                0x0000a76a       0x1c contiki-sky.a(timer.o)
                0x0000a76a                timer_set
 .text.timer_reset
                0x0000a786        0xe contiki-sky.a(timer.o)
                0x0000a786                timer_reset
 .text.timer_restart
                0x0000a794       0x14 contiki-sky.a(timer.o)
                0x0000a794                timer_restart
 .text.timer_expired
                0x0000a7a8       0x2e contiki-sky.a(timer.o)
                0x0000a7a8                timer_expired
 .text.list_init
                0x0000a7d6        0x6 contiki-sky.a(list.o)
                0x0000a7d6                list_init
 .text.list_head
                0x0000a7dc        0x4 contiki-sky.a(list.o)
                0x0000a7dc                list_head
 .text.list_tail
                0x0000a7e0       0x14 contiki-sky.a(list.o)
                0x0000a7e0                list_tail
 .text.list_remove
                0x0000a7f4       0x2e contiki-sky.a(list.o)
                0x0000a7f4                list_remove
 .text.list_push
                0x0000a822       0x1a contiki-sky.a(list.o)
                0x0000a822                list_push
 .text.list_add
                0x0000a83c       0x2a contiki-sky.a(list.o)
                0x0000a83c                list_add
 .text.list_item_next
                0x0000a866        0x8 contiki-sky.a(list.o)
                0x0000a866                list_item_next
 .text.random_init
                0x0000a86e        0x6 contiki-sky.a(random.o)
                0x0000a86e                random_init
 .text.random_rand
                0x0000a874        0x6 contiki-sky.a(random.o)
                0x0000a874                random_rand
 .text.chksum   0x0000a87a       0x34 contiki-sky.a(uip.o)
 .text.upper_layer_chksum
                0x0000a8ae       0x46 contiki-sky.a(uip.o)
 .text.uip_add32
                0x0000a8f4       0x72 contiki-sky.a(uip.o)
                0x0000a8f4                uip_add32
 .text.uip_add_rcv_nxt
                0x0000a966       0x2c contiki-sky.a(uip.o)
 .text.uip_chksum
                0x0000a992       0x1c contiki-sky.a(uip.o)
                0x0000a992                uip_chksum
 .text.uip_tcpchksum
                0x0000a9ae        0xa contiki-sky.a(uip.o)
                0x0000a9ae                uip_tcpchksum
 .text.uip_udpchksum
                0x0000a9b8        0xa contiki-sky.a(uip.o)
                0x0000a9b8                uip_udpchksum
 .text.uip_init
                0x0000a9c2       0x60 contiki-sky.a(uip.o)
                0x0000a9c2                uip_init
 .text.uip_unlisten
                0x0000aa22       0x32 contiki-sky.a(uip.o)
                0x0000aa22                uip_unlisten
 .text.uip_process
                0x0000aa54      0xc78 contiki-sky.a(uip.o)
                0x0000aa54                uip_process
 .text.uip_htons
                0x0000b6cc       0x12 contiki-sky.a(uip.o)
                0x0000b6cc                uip_htons
 .text.uip_fw_output
                0x0000b6de       0xea contiki-sky.a(uip-fw.o)
                0x0000b6de                uip_fw_output
 .text.uip_fw_forward
                0x0000b7c8      0x158 contiki-sky.a(uip-fw.o)
                0x0000b7c8                uip_fw_forward
 .text.uip_fw_default
                0x0000b920        0x6 contiki-sky.a(uip-fw.o)
                0x0000b920                uip_fw_default
 .text.uip_fw_periodic
                0x0000b926       0x1c contiki-sky.a(uip-fw.o)
                0x0000b926                uip_fw_periodic
 .text.process_thread_uip_fw_process
                0x0000b942       0x3c contiki-sky.a(uip-fw-drv.o)
 .text.timedout
                0x0000b97e       0x12 contiki-sky.a(uip-over-mesh.o)
 .text.new_route
                0x0000b990       0x36 contiki-sky.a(uip-over-mesh.o)
 .text.recv_data
                0x0000b9c6       0x74 contiki-sky.a(uip-over-mesh.o)
 .text.uip_over_mesh_init
                0x0000ba3a       0x54 contiki-sky.a(uip-over-mesh.o)
                0x0000ba3a                uip_over_mesh_init
 .text.uip_over_mesh_send
                0x0000ba8e      0x106 contiki-sky.a(uip-over-mesh.o)
                0x0000ba8e                uip_over_mesh_send
 .text.uip_over_mesh_set_gateway_netif
                0x0000bb94        0x6 contiki-sky.a(uip-over-mesh.o)
                0x0000bb94                uip_over_mesh_set_gateway_netif
 .text.uip_over_mesh_set_gateway
                0x0000bb9a        0xc contiki-sky.a(uip-over-mesh.o)
                0x0000bb9a                uip_over_mesh_set_gateway
 .text.gateway_announce_recv
                0x0000bba6       0x10 contiki-sky.a(uip-over-mesh.o)
 .text.uip_over_mesh_make_announced_gateway
                0x0000bbb6       0x32 contiki-sky.a(uip-over-mesh.o)
                0x0000bbb6                uip_over_mesh_make_announced_gateway
 .text.uip_over_mesh_set_net
                0x0000bbe8       0x16 contiki-sky.a(uip-over-mesh.o)
                0x0000bbe8                uip_over_mesh_set_net
 .text.start_periodic_tcp_timer
                0x0000bbfe       0x16 contiki-sky.a(tcpip.o)
 .text.tcpip_output
                0x0000bc14        0xc contiki-sky.a(tcpip.o)
                0x0000bc14                tcpip_output
 .text.process_thread_tcpip_process
                0x0000bc20      0x1b6 contiki-sky.a(tcpip.o)
 .text.tcpip_set_outputfunc
                0x0000bdd6        0x6 contiki-sky.a(tcpip.o)
                0x0000bdd6                tcpip_set_outputfunc
 .text.tcpip_input
                0x0000bddc       0x12 contiki-sky.a(tcpip.o)
                0x0000bddc                tcpip_input
 .text.tcpip_uipcall
                0x0000bdee       0x68 contiki-sky.a(tcpip.o)
                0x0000bdee                tcpip_uipcall
 .text.sent_by_abc
                0x0000be56       0x10 contiki-sky.a(broadcast.o)
 .text.recv_from_abc
                0x0000be66       0x26 contiki-sky.a(broadcast.o)
 .text.broadcast_open
                0x0000be8c       0x2a contiki-sky.a(broadcast.o)
                0x0000be8c                broadcast_open
 .text.broadcast_close
                0x0000beb6        0x6 contiki-sky.a(broadcast.o)
                0x0000beb6                broadcast_close
 .text.broadcast_send
                0x0000bebc       0x1a contiki-sky.a(broadcast.o)
                0x0000bebc                broadcast_send
 .text.channel_init
                0x0000bed6        0xa contiki-sky.a(channel.o)
                0x0000bed6                channel_init
 .text.channel_open
                0x0000bee0       0x10 contiki-sky.a(channel.o)
                0x0000bee0                channel_open
 .text.channel_close
                0x0000bef0        0xc contiki-sky.a(channel.o)
                0x0000bef0                channel_close
 .text.channel_lookup
                0x0000befc       0x20 contiki-sky.a(channel.o)
                0x0000befc                channel_lookup
 .text.channel_set_attributes
                0x0000bf1c       0x24 contiki-sky.a(channel.o)
                0x0000bf1c                channel_set_attributes
 .text.get_global_time_departure
                0x0000bf40       0x52 contiki-sky.a(ftsp.o)
                0x0000bf40                get_global_time_departure
 .text.input    0x0000bf92       0x3a contiki-sky.a(rime.o)
 .text.init     0x0000bfcc       0x2e contiki-sky.a(rime.o)
 .text.packet_sent
                0x0000bffa       0x44 contiki-sky.a(rime.o)
 .text.rime_output
                0x0000c03e       0x20 contiki-sky.a(rime.o)
                0x0000c03e                rime_output
 .text.periodic
                0x0000c05e       0x58 contiki-sky.a(route.o)
 .text.route_init
                0x0000c0b6       0x28 contiki-sky.a(route.o)
                0x0000c0b6                route_init
 .text.route_lookup
                0x0000c0de       0x4c contiki-sky.a(route.o)
                0x0000c0de                route_lookup
 .text.route_add
                0x0000c12a       0xa0 contiki-sky.a(route.o)
                0x0000c12a                route_add
 .text.route_refresh
                0x0000c1ca        0xe contiki-sky.a(route.o)
                0x0000c1ca                route_refresh
 .text.route_remove
                0x0000c1d8       0x1c contiki-sky.a(route.o)
                0x0000c1d8                route_remove
 .text.route_decay
                0x0000c1f4       0x22 contiki-sky.a(route.o)
                0x0000c1f4                route_decay
 .text.route_set_lifetime
                0x0000c216        0x6 contiki-sky.a(route.o)
                0x0000c216                route_set_lifetime
 .text.timeout_handler
                0x0000c21c       0x14 contiki-sky.a(route-discovery)
 .text.rrep_packet_received
                0x0000c230       0xac contiki-sky.a(route-discovery)
 .text.rreq_packet_received
                0x0000c2dc       0xd6 contiki-sky.a(route-discovery)
 .text.route_discovery_explicit_open
                0x0000c3b2       0x2a contiki-sky.a(route-discovery)
                0x0000c3b2                route_discovery_explicit_open
 .text.route_discovery_open
                0x0000c3dc       0x16 contiki-sky.a(route-discovery)
                0x0000c3dc                route_discovery_open
 .text.route_discovery_discover
                0x0000c3f2       0x6e contiki-sky.a(route-discovery)
                0x0000c3f2                route_discovery_discover
 .text.send     0x0000c460       0x1c contiki-sky.a(trickle.o)
 .text.run_trickle
                0x0000c47c       0xce contiki-sky.a(trickle.o)
 .text.timer_callback
                0x0000c54a        0x6 contiki-sky.a(trickle.o)
 .text.recv     0x0000c550       0x98 contiki-sky.a(trickle.o)
 .text.trickle_open
                0x0000c5e8       0x44 contiki-sky.a(trickle.o)
                0x0000c5e8                trickle_open
 .text.trickle_send
                0x0000c62c       0x3e contiki-sky.a(trickle.o)
                0x0000c62c                trickle_send
 .text.sent_by_broadcast
                0x0000c66a       0x10 contiki-sky.a(unicast.o)
 .text.recv_from_broadcast
                0x0000c67a       0x2e contiki-sky.a(unicast.o)
 .text.unicast_open
                0x0000c6a8       0x2a contiki-sky.a(unicast.o)
                0x0000c6a8                unicast_open
 .text.unicast_close
                0x0000c6d2        0x6 contiki-sky.a(unicast.o)
                0x0000c6d2                unicast_close
 .text.unicast_send
                0x0000c6d8       0x16 contiki-sky.a(unicast.o)
                0x0000c6d8                unicast_send
 .text.send_packet
                0x0000c6ee        0x6 contiki-sky.a(nullmac.o)
 .text.on       0x0000c6f4        0x6 contiki-sky.a(nullmac.o)
 .text.off      0x0000c6fa        0x6 contiki-sky.a(nullmac.o)
 .text.channel_check_interval
                0x0000c700        0x4 contiki-sky.a(nullmac.o)
 .text.init     0x0000c704        0x2 contiki-sky.a(nullmac.o)
 .text.packet_input
                0x0000c706        0xe contiki-sky.a(nullmac.o)
 .text.on       0x0000c714        0x6 contiki-sky.a(nullrdc-noframe)
 .text.off      0x0000c71a       0x10 contiki-sky.a(nullrdc-noframe)
 .text.channel_check_interval
                0x0000c72a        0x4 contiki-sky.a(nullrdc-noframe)
 .text.init     0x0000c72e        0x6 contiki-sky.a(nullrdc-noframe)
 .text.packet_input
                0x0000c734       0xc8 contiki-sky.a(nullrdc-noframe)
 .text.send_packet
                0x0000c7fc       0x34 contiki-sky.a(nullrdc-noframe)
 .text.send_list
                0x0000c830       0x24 contiki-sky.a(nullrdc-noframe)
 .text.nullrdc_noframer_send_packet
                0x0000c854       0x8a contiki-sky.a(nullrdc-noframe)
                0x0000c854                nullrdc_noframer_send_packet
 .text.nullrdc_noframer_check_channel
                0x0000c8de       0x92 contiki-sky.a(nullrdc-noframe)
                0x0000c8de                nullrdc_noframer_check_channel
 .text.linkaddr_copy
                0x0000c970        0x6 contiki-sky.a(linkaddr.o)
                0x0000c970                linkaddr_copy
 .text.linkaddr_cmp
                0x0000c976       0x12 contiki-sky.a(linkaddr.o)
                0x0000c976                linkaddr_cmp
 .text.linkaddr_set_node_addr
                0x0000c988        0xc contiki-sky.a(linkaddr.o)
                0x0000c988                linkaddr_set_node_addr
 .text.packetbuf_hdrreduce
                0x0000c994       0x1a contiki-sky.a(packetbuf.o)
                0x0000c994                packetbuf_hdrreduce
 .text.packetbuf_set_datalen
                0x0000c9ae        0x6 contiki-sky.a(packetbuf.o)
                0x0000c9ae                packetbuf_set_datalen
 .text.packetbuf_hdrptr
                0x0000c9b4        0x6 contiki-sky.a(packetbuf.o)
                0x0000c9b4                packetbuf_hdrptr
 .text.packetbuf_datalen
                0x0000c9ba        0x6 contiki-sky.a(packetbuf.o)
                0x0000c9ba                packetbuf_datalen
 .text.packetbuf_hdrlen
                0x0000c9c0        0xa contiki-sky.a(packetbuf.o)
                0x0000c9c0                packetbuf_hdrlen
 .text.packetbuf_dataptr
                0x0000c9ca        0xc contiki-sky.a(packetbuf.o)
                0x0000c9ca                packetbuf_dataptr
 .text.packetbuf_copyto
                0x0000c9d6       0x46 contiki-sky.a(packetbuf.o)
                0x0000c9d6                packetbuf_copyto
 .text.packetbuf_compact
                0x0000ca1c       0x34 contiki-sky.a(packetbuf.o)
                0x0000ca1c                packetbuf_compact
 .text.packetbuf_totlen
                0x0000ca50        0xc contiki-sky.a(packetbuf.o)
                0x0000ca50                packetbuf_totlen
 .text.packetbuf_hdralloc
                0x0000ca5c       0x3e contiki-sky.a(packetbuf.o)
                0x0000ca5c                packetbuf_hdralloc
 .text.packetbuf_attr_clear
                0x0000ca9a       0x2c contiki-sky.a(packetbuf.o)
                0x0000ca9a                packetbuf_attr_clear
 .text.packetbuf_clear
                0x0000cac6       0x12 contiki-sky.a(packetbuf.o)
                0x0000cac6                packetbuf_clear
 .text.packetbuf_copyfrom
                0x0000cad8       0x2e contiki-sky.a(packetbuf.o)
                0x0000cad8                packetbuf_copyfrom
 .text.packetbuf_attr_copyto
                0x0000cb06       0x20 contiki-sky.a(packetbuf.o)
                0x0000cb06                packetbuf_attr_copyto
 .text.packetbuf_attr_copyfrom
                0x0000cb26       0x2c contiki-sky.a(packetbuf.o)
                0x0000cb26                packetbuf_attr_copyfrom
 .text.queuebuf_init
                0x0000cb52       0x12 contiki-sky.a(queuebuf.o)
                0x0000cb52                queuebuf_init
 .text.queuebuf_new_from_packetbuf
                0x0000cb64       0x52 contiki-sky.a(queuebuf.o)
                0x0000cb64                queuebuf_new_from_packetbuf
 .text.queuebuf_free
                0x0000cbb6       0x2a contiki-sky.a(queuebuf.o)
                0x0000cbb6                queuebuf_free
 .text.queuebuf_to_packetbuf
                0x0000cbe0       0x36 contiki-sky.a(queuebuf.o)
                0x0000cbe0                queuebuf_to_packetbuf
 .text.queuebuf_dataptr
                0x0000cc16       0x18 contiki-sky.a(queuebuf.o)
                0x0000cc16                queuebuf_dataptr
 .text.queuebuf_datalen
                0x0000cc2e        0x8 contiki-sky.a(queuebuf.o)
                0x0000cc2e                queuebuf_datalen
 .text.init     0x0000cc36        0x2 contiki-sky.a(nullsec.o)
 .text.send     0x0000cc38        0xa contiki-sky.a(nullsec.o)
 .text.input    0x0000cc42        0x6 contiki-sky.a(nullsec.o)
 .text.spi_init
                0x0000cc48       0x32 contiki-sky.a(spi.o)
                0x0000cc48                spi_init
 .text.uip_ipchksum
                0x0000cc7a       0x32 contiki-sky.a(uip-ipchksum.o)
                0x0000cc7a                uip_ipchksum
 .text.memb_init
                0x0000ccac       0x36 contiki-sky.a(memb.o)
                0x0000ccac                memb_init
 .text.memb_alloc
                0x0000cce2       0x3e contiki-sky.a(memb.o)
                0x0000cce2                memb_alloc
 .text.memb_free
                0x0000cd20       0x3a contiki-sky.a(memb.o)
                0x0000cd20                memb_free
 .text.memb_inmemb
                0x0000cd5a       0x2e contiki-sky.a(memb.o)
                0x0000cd5a                memb_inmemb
 .text.abc_open
                0x0000cd88       0x26 contiki-sky.a(abc.o)
                0x0000cd88                abc_open
 .text.abc_close
                0x0000cdae        0x6 contiki-sky.a(abc.o)
                0x0000cdae                abc_close
 .text.abc_send
                0x0000cdb4        0x6 contiki-sky.a(abc.o)
                0x0000cdb4                abc_send
 .text.abc_input
                0x0000cdba        0xe contiki-sky.a(abc.o)
                0x0000cdba                abc_input
 .text.abc_sent
                0x0000cdc8       0x10 contiki-sky.a(abc.o)
                0x0000cdc8                abc_sent
 .text.announcement_init
                0x0000cdd8        0xa contiki-sky.a(announcement.o)
                0x0000cdd8                announcement_init
 .text.announcement_register_observer_callback
                0x0000cde2        0x6 contiki-sky.a(announcement.o)
                0x0000cde2                announcement_register_observer_callback
 .text.announcement_list
                0x0000cde8        0xa contiki-sky.a(announcement.o)
                0x0000cde8                announcement_list
 .text.announcement_heard
                0x0000cdf2       0x42 contiki-sky.a(announcement.o)
                0x0000cdf2                announcement_heard
 .text.adv_packet_sent
                0x0000ce34        0x2 contiki-sky.a(broadcast-annou)
 .text.adv_packet_received
                0x0000ce36       0x6c contiki-sky.a(broadcast-annou)
 .text.set_timers
                0x0000cea2       0x60 contiki-sky.a(broadcast-annou)
 .text.new_announcement
                0x0000cf02       0x18 contiki-sky.a(broadcast-annou)
 .text.send_timer
                0x0000cf1a       0x38 contiki-sky.a(broadcast-annou)
 .text.send_adv
                0x0000cf52       0x66 contiki-sky.a(broadcast-annou)
 .text.broadcast_announcement_init
                0x0000cfb8       0x48 contiki-sky.a(broadcast-annou)
                0x0000cfb8                broadcast_announcement_init
 .text.chameleon_init
                0x0000d000        0x6 contiki-sky.a(chameleon.o)
                0x0000d000                chameleon_init
 .text.chameleon_parse
                0x0000d006       0x10 contiki-sky.a(chameleon.o)
                0x0000d006                chameleon_parse
 .text.chameleon_create
                0x0000d016       0x1c contiki-sky.a(chameleon.o)
                0x0000d016                chameleon_create
 .text.chameleon_hdrsize
                0x0000d032        0x6 contiki-sky.a(chameleon.o)
                0x0000d032                chameleon_hdrsize
 .text.sent     0x0000d038       0x10 contiki-sky.a(netflood.o)
 .text.dropped  0x0000d048       0x10 contiki-sky.a(netflood.o)
 .text.recv_from_ipolite
                0x0000d058       0xf2 contiki-sky.a(netflood.o)
 .text.netflood_open
                0x0000d14a       0x2e contiki-sky.a(netflood.o)
                0x0000d14a                netflood_open
 .text.netflood_send
                0x0000d178       0x5e contiki-sky.a(netflood.o)
                0x0000d178                netflood_send
 .text.mac_call_sent_callback
                0x0000d1d6       0x14 contiki-sky.a(mac.o)
                0x0000d1d6                mac_call_sent_callback
 .text.get_bits_in_byte
                0x0000d1ea       0x30 contiki-sky.a(chameleon-bitop)
 .text.header_size
                0x0000d21a       0x16 contiki-sky.a(chameleon-bitop)
 .text.get_bits
                0x0000d230       0xaa contiki-sky.a(chameleon-bitop)
                0x0000d230                get_bits
 .text.unpack_header
                0x0000d2da       0xde contiki-sky.a(chameleon-bitop)
 .text.set_bits_in_byte
                0x0000d3b8       0x26 contiki-sky.a(chameleon-bitop)
                0x0000d3b8                set_bits_in_byte
 .text.set_bits
                0x0000d3de       0xb0 contiki-sky.a(chameleon-bitop)
                0x0000d3de                set_bits
 .text.pack_header
                0x0000d48e       0xc0 contiki-sky.a(chameleon-bitop)
 .text.sent     0x0000d54e        0x2 contiki-sky.a(ipolite.o)
 .text.send     0x0000d550       0x36 contiki-sky.a(ipolite.o)
 .text.recv     0x0000d586       0xa8 contiki-sky.a(ipolite.o)
 .text.ipolite_open
                0x0000d62e       0x24 contiki-sky.a(ipolite.o)
                0x0000d62e                ipolite_open
 .text.ipolite_send
                0x0000d652       0xb4 contiki-sky.a(ipolite.o)
                0x0000d652                ipolite_send
 .text.libgcc   0x0000d706       0x20 /usr/lib/gcc/msp430/4.5.3/mmpy-16/libgcc.a(_mulsi3.o)
                0x0000d706                __mulsi3
 .text.libgcc   0x0000d726       0x1c /usr/lib/gcc/msp430/4.5.3/mmpy-16/libgcc.a(_udivmodhi4.o)
                0x0000d726                __udivmodhi4
 .text.libgcc   0x0000d742       0x2a /usr/lib/gcc/msp430/4.5.3/mmpy-16/libgcc.a(_udivmodsi4.o)
                0x0000d742                __udivmodsi4
 .text.libgcc   0x0000d76c       0x4a /usr/lib/gcc/msp430/4.5.3/mmpy-16/libgcc.a(_divmodsi4.o)
                0x0000d76c                __divmodsi4
 .text.crt0     0x0000d7b6        0x2 /usr/lib/gcc/msp430/4.5.3/mmpy-16/libcrt0.a(_unexpected_.o)
                0x0000d7b6                _unexpected_

.rodata         0x0000d7b8        0x0
                0x0000d7b8                . = ALIGN (0x2)
 *(.rodata .rodata.* .gnu.linkonce.r.*)
                0x0000d7b8                . = ALIGN (0x2)
                0x0000d7b8                _etext = .

.data           0x00001100       0xa2 load address 0x0000d7b8
                0x00001100                . = ALIGN (0x2)
                0x00001100                PROVIDE (__data_start, .)
 *(.data)
 .data          0x00001100        0xa test-deluge.co
                0x00001100                deluge_test_process
 .data          0x0000110a       0x18 obj_sky/contiki-sky-main.o
 .data          0x00001122       0x14 contiki-sky.a(deluge.o)
                0x00001122                deluge_process
                0x0000112c                node_send_page_process
 .data          0x00001136        0x4 contiki-sky.a(contiki-sky-pla)
                0x00001136                sensors
 .data          0x0000113a        0xa contiki-sky.a(sensors.o)
                0x0000113a                sensors_process
 .data          0x00001144        0xc contiki-sky.a(cc2420.o)
                0x00001144                cc2420_process
 .data          0x00001150        0xa contiki-sky.a(slip.o)
                0x00001150                slip_process
 .data          0x0000115a        0x2 contiki-sky.a(msp430.o)
 .data          0x0000115c        0xa contiki-sky.a(ctimer.o)
                0x0000115c                ctimer_process
 .data          0x00001166        0xa contiki-sky.a(etimer.o)
                0x00001166                etimer_process
 .data          0x00001170        0xa contiki-sky.a(uip-fw-drv.o)
                0x00001170                uip_fw_process
 .data          0x0000117a        0xa contiki-sky.a(tcpip.o)
                0x0000117a                tcpip_process
 .data          0x00001184        0xa contiki-sky.a(route.o)
 .data          0x0000118e       0x10 contiki-sky.a(queuebuf.o)
 .data          0x0000119e        0x4 /usr/lib/gcc/msp430/4.5.3/../../../../msp430/lib/mmpy-16/libc.a(rand.o)
 *(SORT(.data.*))
                0x000011a2                . = ALIGN (0x2)
 *(.gnu.linkonce.d*)
                0x000011a2                . = ALIGN (0x2)
                0x000011a2                _edata = .
                0x0000d7b8                PROVIDE (__data_load_start, LOADADDR (.data))
                0x000000a2                PROVIDE (__data_size, SIZEOF (.data))

.bss            0x000011a2     0x17f8 load address 0x0000d85a
                0x000011a2                PROVIDE (__bss_start, .)
 *(.bss)
 .bss           0x000011a2        0xc test-deluge.co
 .bss           0x000011ae        0xe obj_sky/contiki-sky-main.o
 .bss           0x000011bc       0xf0 contiki-sky.a(deluge.o)
 .bss           0x000012ac        0x8 contiki-sky.a(button-sensor.o)
 .bss           0x000012b4        0x2 contiki-sky.a(node-id.o)
                0x000012b4                node_id
 .bss           0x000012b6        0x6 contiki-sky.a(sensors.o)
 .bss           0x000012bc       0x8e contiki-sky.a(cfs-coffee.o)
 .bss           0x0000134a        0xa contiki-sky.a(cc2420.o)
 .bss           0x00001354       0x9a contiki-sky.a(uart1.o)
 .bss           0x000013ee        0x1 contiki-sky.a(slip_uart1.o)
 *fill*         0x000013ef        0x1 00
 .bss           0x000013f0       0x88 contiki-sky.a(slip.o)
 .bss           0x00001478        0xa contiki-sky.a(clock.o)
 .bss           0x00001482        0x1 contiki-sky.a(leds.o)
 *fill*         0x00001483        0x1 00
 .bss           0x00001484        0x2 contiki-sky.a(watchdog.o)
 .bss           0x00001486        0x4 contiki-sky.a(ctimer.o)
 .bss           0x0000148a        0x6 contiki-sky.a(etimer.o)
 .bss           0x00001490       0x3a contiki-sky.a(process.o)
                0x00001490                process_list
                0x00001492                process_current
 .bss           0x000014ca        0x2 contiki-sky.a(rtimer.o)
 .bss           0x000014cc       0x12 contiki-sky.a(uip.o)
                0x000014cc                uip_lladdr
 .bss           0x000014de      0x1a8 contiki-sky.a(uip-fw.o)
 .bss           0x00001686       0xd2 contiki-sky.a(uip-over-mesh.o)
 .bss           0x00001758       0x30 contiki-sky.a(tcpip.o)
 .bss           0x00001788        0x2 contiki-sky.a(channel.o)
 .bss           0x0000178a       0xf6 contiki-sky.a(ftsp.o)
 .bss           0x00001880        0x2 contiki-sky.a(rime.o)
 .bss           0x00001882       0x7e contiki-sky.a(route.o)
 .bss           0x00001900        0x1 contiki-sky.a(route-discovery)
 *fill*         0x00001901        0x1 00
 .bss           0x00001902       0x86 contiki-sky.a(packetbuf.o)
 .bss           0x00001988      0xc20 contiki-sky.a(queuebuf.o)
 .bss           0x000025a8        0x6 contiki-sky.a(announcement.o)
 .bss           0x000025ae       0x46 contiki-sky.a(broadcast-annou)
 .bss           0x000025f4        0x1 /usr/lib/gcc/msp430/4.5.3/../../../../msp430/lib/mmpy-16/libc.a(malloc.o)
 *(SORT(.bss.*))
 *(COMMON)
 *fill*         0x000025f5        0x1 00
 COMMON         0x000025f6        0x8 obj_sky/contiki-sky-main.o
                0x000025f6                ftsp_arrival_time
                0x000025fa                ftsp_arrival_global_time
 COMMON         0x000025fe      0x11a contiki-sky.a(deluge.o)
                0x000025fe                current_object
 COMMON         0x00002718        0x2 contiki-sky.a(contiki-sky-pla)
                0x00002718                sensors_flags
 COMMON         0x0000271a        0x8 contiki-sky.a(ds2411.o)
                0x0000271a                ds2411_id
 COMMON         0x00002722        0x1 contiki-sky.a(sensors.o)
                0x00002722                sensors_event
 *fill*         0x00002723        0x1 00
 COMMON         0x00002724       0x16 contiki-sky.a(cc2420.o)
                0x00002724                time_attach
                0x00002725                cc2420_last_rssi
                0x00002726                cc2420_sfd_start_time
                0x00002728                cc2420_time_of_departure
                0x0000272a                cc2420_time_of_arrival
                0x0000272c                state
                0x0000272d                cc2420_last_correlation
                0x0000272e                cc2420_authority_level_of_sender
                0x00002730                ftsp_table_updated
                0x00002731                cc2420_sfd_counter
                0x00002732                ftsp_msg_sent
                0x00002734                cc2420_sfd_end_time
                0x00002736                ftsp_departure_time
 COMMON         0x0000273a        0x1 contiki-sky.a(slip.o)
                0x0000273a                slip_active
 *fill*         0x0000273b        0x1 00
 COMMON         0x0000273c        0x2 contiki-sky.a(msp430.o)
                0x0000273c                msp430_dco_required
 COMMON         0x0000273e       0x56 contiki-sky.a(energest.o)
                0x0000273e                energest_total_time
                0x0000276e                energest_total_count
                0x00002770                energest_current_mode
                0x0000277c                energest_current_time
 COMMON         0x00002794        0x1 contiki-sky.a(process.o)
                0x00002794                process_maxevents
 *fill*         0x00002795        0x1 00
 COMMON         0x00002796      0x1c2 contiki-sky.a(uip.o)
                0x00002796                uip_len
                0x00002798                uip_sappdata
                0x0000279a                uip_acc32
                0x0000279e                uip_aligned_buf
                0x0000280a                uip_flags
                0x0000280c                uip_udp_conn
                0x0000280e                uip_appdata
                0x00002810                uip_conn
                0x00002812                uip_conns
                0x00002892                uip_listenports
                0x000028a2                uip_draddr
                0x000028a6                uip_netmask
                0x000028aa                uip_hostaddr
                0x000028ae                uip_slen
                0x000028b0                uip_udp_conns
 COMMON         0x00002958        0x2 contiki-sky.a(tcpip.o)
                0x00002958                tcpip_is_forwarding
                0x00002959                tcpip_event
 COMMON         0x0000295a        0x1 contiki-sky.a(nullrdc-noframe)
                0x0000295a                nullrdc_noframer_sent_count
 *fill*         0x0000295b        0x1 00
 COMMON         0x0000295c        0x2 contiki-sky.a(linkaddr.o)
                0x0000295c                linkaddr_node_addr
 COMMON         0x0000295e       0x3c contiki-sky.a(packetbuf.o)
                0x0000295e                packetbuf_addrs
                0x00002966                packetbuf_attrs
                0x0000299a                PROVIDE (__bss_end, .)
                0x0000299a                _end = .
                0x000017f8                PROVIDE (__bss_size, SIZEOF (.bss))

.noinit         0x0000299a        0x0 load address 0x0000d85a
                0x0000299a                PROVIDE (__noinit_start, .)
 *(.noinit)
 *(.noinit.*)
 *(COMMON)
                0x0000299a                PROVIDE (__noinit_end, .)
                0x0000299a                _end = .

.infomem        0x00001000        0x0
 *(.infomem)
                0x00001000                . = ALIGN (0x2)
 *(.infomem.*)

.infomemnobits  0x00001000        0x0
                0x00001000                . = ALIGN (0x2)
 *(.infomemnobits)
                0x00001000                . = ALIGN (0x2)
 *(.infomemnobits.*)

.vectors        0x0000ffe0       0x20
                0x0000ffe0                PROVIDE (__vectors_start, .)
 *(.vectors*)
 .vectors       0x0000ffe0       0x20 /usr/lib/gcc/msp430/4.5.3/mmpy-16/crt0ivtbl16.o
                0x0000ffe0                __ivtbl_16
                0x00010000                _vectors_end = .

.fartext        0x00000000        0x0
                0x00000000                . = ALIGN (0x2)
 *(.fartext)
                0x00000000                . = ALIGN (0x2)
 *(.fartext.*)
                0x00000000                _efartext = .

.profiler
 *(.profiler)

.stab           0x00000000    0x24000
 *(.stab)
 .stab          0x00000000     0x1320 test-deluge.co
 .stab          0x00001320     0x1290 obj_sky/contiki-sky-main.o
                               0x1950 (size before relaxing)
 .stab          0x000025b0     0x2268 contiki-sky.a(deluge.o)
                               0x2dfc (size before relaxing)
 .stab          0x00004818      0x240 contiki-sky.a(contiki-sky-pla)
                                0x5a0 (size before relaxing)
 .stab          0x00004a58      0x45c contiki-sky.a(button-sensor.o)
                                0x7d4 (size before relaxing)
 .stab          0x00004eb4      0x660 contiki-sky.a(ds2411.o)
                                0xb88 (size before relaxing)
 .stab          0x00005514      0x9e4 contiki-sky.a(xmem.o)
                                0xf18 (size before relaxing)
 .stab          0x00005ef8      0x294 contiki-sky.a(node-id.o)
                                0x4bc (size before relaxing)
 .stab          0x0000618c      0x648 contiki-sky.a(sensors.o)
                                0xb70 (size before relaxing)
 .stab          0x000067d4     0x2808 contiki-sky.a(cfs-coffee.o)
                               0x2d78 (size before relaxing)
 .stab          0x00008fdc     0x29d0 contiki-sky.a(cc2420.o)
                               0x3180 (size before relaxing)
 .stab          0x0000b9ac      0xa5c contiki-sky.a(cc2420-arch.o)
                               0x13f8 (size before relaxing)
 .stab          0x0000c408      0x5f4 contiki-sky.a(uart1.o)
                                0x954 (size before relaxing)
 .stab          0x0000c9fc      0x324 contiki-sky.a(slip_uart1.o)
                                0x684 (size before relaxing)
 .stab          0x0000cd20      0xb94 contiki-sky.a(slip.o)
                               0x1350 (size before relaxing)
 .stab          0x0000d8b4      0x24c contiki-sky.a(crc16.o)
                                0x258 (size before relaxing)
 .stab          0x0000db00      0x714 contiki-sky.a(msp430.o)
                                0xa74 (size before relaxing)
 .stab          0x0000e214      0x87c contiki-sky.a(clock.o)
                                0xbdc (size before relaxing)
 .stab          0x0000ea90      0x5c4 contiki-sky.a(leds.o)
                                0x810 (size before relaxing)
 .stab          0x0000f054      0x354 contiki-sky.a(leds-arch.o)
                                0x6b4 (size before relaxing)
 .stab          0x0000f3a8      0x3d8 contiki-sky.a(watchdog.o)
                                0x738 (size before relaxing)
 .stab          0x0000f780      0x3a8 contiki-sky.a(rtimer-arch.o)
                                0x708 (size before relaxing)
 .stab          0x0000fb28      0x270 contiki-sky.a(autostart.o)
                                0x510 (size before relaxing)
 .stab          0x0000fd98      0x834 contiki-sky.a(ctimer.o)
                                0xbac (size before relaxing)
 .stab          0x000105cc      0x420 contiki-sky.a(energest.o)
                                0x6b4 (size before relaxing)
 .stab          0x000109ec      0xa98 contiki-sky.a(etimer.o)
                                0xd68 (size before relaxing)
 .stab          0x00011484      0xb7c contiki-sky.a(process.o)
                               0x1014 (size before relaxing)
 .stab          0x00012000      0x3b4 contiki-sky.a(rtimer.o)
                                0x6a8 (size before relaxing)
 .stab          0x000123b4      0x330 contiki-sky.a(timer.o)
                                0x570 (size before relaxing)
 .stab          0x000126e4      0x804 contiki-sky.a(list.o)
                                0x810 (size before relaxing)
 .stab          0x00012ee8      0x204 contiki-sky.a(random.o)
                                0x600 (size before relaxing)
 .stab          0x000130ec     0x255c contiki-sky.a(uip.o)
                               0x2cdc (size before relaxing)
 .stab          0x00015648      0x948 contiki-sky.a(uip-fw.o)
                               0x10e0 (size before relaxing)
 .stab          0x00015f90      0x2ac contiki-sky.a(uip-fw-drv.o)
                                0xa38 (size before relaxing)
 .stab          0x0001623c      0xbac contiki-sky.a(uip-over-mesh.o)
                               0x183c (size before relaxing)
 .stab          0x00016de8     0x1164 contiki-sky.a(tcpip.o)
                               0x1fc8 (size before relaxing)
 .stab          0x00017f4c      0x6b4 contiki-sky.a(broadcast.o)
                               0x14e8 (size before relaxing)
 .stab          0x00018600      0x654 contiki-sky.a(channel.o)
                               0x1284 (size before relaxing)
 .stab          0x00018c54     0x16bc contiki-sky.a(ftsp.o)
                               0x2460 (size before relaxing)
 .stab          0x0001a310      0xb94 contiki-sky.a(rime.o)
                               0x13ec (size before relaxing)
 .stab          0x0001aea4      0x9cc contiki-sky.a(route.o)
                                0xec4 (size before relaxing)
 .stab          0x0001b870      0xa38 contiki-sky.a(route-discovery)
                               0x16ec (size before relaxing)
 .stab          0x0001c2a8      0x7bc contiki-sky.a(trickle.o)
                               0x1074 (size before relaxing)
 .stab          0x0001ca64      0x600 contiki-sky.a(unicast.o)
                               0x1284 (size before relaxing)
 .stab          0x0001d064      0x480 contiki-sky.a(nullmac.o)
                                0xdbc (size before relaxing)
 .stab          0x0001d4e4      0xac8 contiki-sky.a(nullrdc-noframe)
                               0x17e8 (size before relaxing)
 .stab          0x0001dfac      0x2a0 contiki-sky.a(linkaddr.o)
                                0x69c (size before relaxing)
 .stab          0x0001e24c      0xbf4 contiki-sky.a(packetbuf.o)
                               0x1a40 (size before relaxing)
 .stab          0x0001ee40      0xa2c contiki-sky.a(queuebuf.o)
                               0x1860 (size before relaxing)
 .stab          0x0001f86c      0x39c contiki-sky.a(nullsec.o)
                                0xcd8 (size before relaxing)
 .stab          0x0001fc08      0x1e0 contiki-sky.a(spi.o)
                                0x408 (size before relaxing)
 .stab          0x0001fde8      0x2dc contiki-sky.a(uip-ipchksum.o)
                                0xa50 (size before relaxing)
 .stab          0x000200c4      0x588 contiki-sky.a(memb.o)
                                0xac8 (size before relaxing)
 .stab          0x0002064c      0x648 contiki-sky.a(abc.o)
                               0x147c (size before relaxing)
 .stab          0x00020c94      0x6c0 contiki-sky.a(announcement.o)
                                0x960 (size before relaxing)
 .stab          0x00021354      0x93c contiki-sky.a(broadcast-annou)
                               0x15c0 (size before relaxing)
 .stab          0x00021c90      0x594 contiki-sky.a(chameleon.o)
                               0x1248 (size before relaxing)
 .stab          0x00022224      0x708 contiki-sky.a(netflood.o)
                                0xfd8 (size before relaxing)
 .stab          0x0002292c      0x1d4 contiki-sky.a(mac.o)
                                0x4c8 (size before relaxing)
 .stab          0x00022b00      0xc6c contiki-sky.a(chameleon-bitop)
                               0x18f0 (size before relaxing)
 .stab          0x0002376c      0x894 contiki-sky.a(ipolite.o)
                               0x1524 (size before relaxing)

.stabstr        0x00000000    0x18aa2
 *(.stabstr)
 .stabstr       0x00000000    0x18aa2 test-deluge.co

.stab.excl
 *(.stab.excl)

.stab.exclstr
 *(.stab.exclstr)

.stab.index
 *(.stab.index)

.stab.indexstr
 *(.stab.indexstr)

.comment
 *(.comment)

.debug
 *(.debug)

.line
 *(.line)

.debug_srcinfo
 *(.debug_srcinfo)

.debug_sfnames
 *(.debug_sfnames)

.debug_aranges  0x00000000      0x230
 *(.debug_aranges)
 .debug_aranges
                0x00000000       0x14 /usr/lib/gcc/msp430/4.5.3/mmpy-16/libgcc.a(_mulsi3.o)
 .debug_aranges
                0x00000014       0x14 /usr/lib/gcc/msp430/4.5.3/mmpy-16/libgcc.a(_udivmodhi4.o)
 .debug_aranges
                0x00000028       0x14 /usr/lib/gcc/msp430/4.5.3/mmpy-16/libgcc.a(_udivmodsi4.o)
 .debug_aranges
                0x0000003c       0x14 /usr/lib/gcc/msp430/4.5.3/mmpy-16/libgcc.a(_divmodsi4.o)
 .debug_aranges
                0x00000050       0x14 /usr/lib/gcc/msp430/4.5.3/mmpy-16/libgcc.a(_mul_sf.o)
 .debug_aranges
                0x00000064       0x14 /usr/lib/gcc/msp430/4.5.3/mmpy-16/libgcc.a(_si_to_sf.o)
 .debug_aranges
                0x00000078       0x14 /usr/lib/gcc/msp430/4.5.3/mmpy-16/libgcc.a(_sf_to_si.o)
 .debug_aranges
                0x0000008c       0x14 /usr/lib/gcc/msp430/4.5.3/mmpy-16/libgcc.a(_clzsi2.o)
 .debug_aranges
                0x000000a0       0x14 /usr/lib/gcc/msp430/4.5.3/mmpy-16/libgcc.a(_pack_sf.o)
 .debug_aranges
                0x000000b4       0x14 /usr/lib/gcc/msp430/4.5.3/mmpy-16/libgcc.a(_unpack_sf.o)
 .debug_aranges
                0x000000c8       0x14 /usr/lib/gcc/msp430/4.5.3/../../../../msp430/lib/mmpy-16/libc.a(strcmp.o)
 .debug_aranges
                0x000000dc       0x14 /usr/lib/gcc/msp430/4.5.3/../../../../msp430/lib/mmpy-16/libc.a(strncmp.o)
 .debug_aranges
                0x000000f0       0x14 /usr/lib/gcc/msp430/4.5.3/../../../../msp430/lib/mmpy-16/libc.a(memcmp.o)
 .debug_aranges
                0x00000104       0x14 /usr/lib/gcc/msp430/4.5.3/../../../../msp430/lib/mmpy-16/libc.a(strcpy.o)
 .debug_aranges
                0x00000118       0x14 /usr/lib/gcc/msp430/4.5.3/../../../../msp430/lib/mmpy-16/libc.a(strncpy.o)
 .debug_aranges
                0x0000012c       0x14 /usr/lib/gcc/msp430/4.5.3/../../../../msp430/lib/mmpy-16/libc.a(memcpy.o)
 .debug_aranges
                0x00000140       0x14 /usr/lib/gcc/msp430/4.5.3/../../../../msp430/lib/mmpy-16/libc.a(memset.o)
 .debug_aranges
                0x00000154       0x14 /usr/lib/gcc/msp430/4.5.3/../../../../msp430/lib/mmpy-16/libc.a(malloc.o)
 .debug_aranges
                0x00000168       0x14 /usr/lib/gcc/msp430/4.5.3/../../../../msp430/lib/mmpy-16/libc.a(printf.o)
 .debug_aranges
                0x0000017c       0x14 /usr/lib/gcc/msp430/4.5.3/../../../../msp430/lib/mmpy-16/libc.a(vuprintf.o)
 .debug_aranges
                0x00000190       0x14 /usr/lib/gcc/msp430/4.5.3/../../../../msp430/lib/mmpy-16/libc.a(puts.o)
 .debug_aranges
                0x000001a4       0x14 /usr/lib/gcc/msp430/4.5.3/../../../../msp430/lib/mmpy-16/libc.a(rand.o)
 .debug_aranges
                0x000001b8       0x14 /usr/lib/gcc/msp430/4.5.3/mmpy-16/libcrt0.a(__init_stack.o)
 .debug_aranges
                0x000001cc       0x14 /usr/lib/gcc/msp430/4.5.3/mmpy-16/libcrt0.a(__low_level_init.o)
 .debug_aranges
                0x000001e0       0x14 /usr/lib/gcc/msp430/4.5.3/mmpy-16/libcrt0.a(_copy_data.o)
 .debug_aranges
                0x000001f4       0x14 /usr/lib/gcc/msp430/4.5.3/mmpy-16/libcrt0.a(_clear_bss.o)
 .debug_aranges
                0x00000208       0x14 /usr/lib/gcc/msp430/4.5.3/mmpy-16/libcrt0.a(_endless_loop__.o)
 .debug_aranges
                0x0000021c       0x14 /usr/lib/gcc/msp430/4.5.3/mmpy-16/libcrt0.a(_unexpected_.o)

.debug_pubnames
                0x00000000      0x288
 *(.debug_pubnames)
 .debug_pubnames
                0x00000000       0x1f /usr/lib/gcc/msp430/4.5.3/mmpy-16/libgcc.a(_mul_sf.o)
 .debug_pubnames
                0x0000001f       0x22 /usr/lib/gcc/msp430/4.5.3/mmpy-16/libgcc.a(_si_to_sf.o)
 .debug_pubnames
                0x00000041       0x20 /usr/lib/gcc/msp430/4.5.3/mmpy-16/libgcc.a(_sf_to_si.o)
 .debug_pubnames
                0x00000061       0x22 /usr/lib/gcc/msp430/4.5.3/mmpy-16/libgcc.a(_thenan_sf.o)
 .debug_pubnames
                0x00000083       0x20 /usr/lib/gcc/msp430/4.5.3/mmpy-16/libgcc.a(_clz.o)
 .debug_pubnames
                0x000000a3       0x1f /usr/lib/gcc/msp430/4.5.3/mmpy-16/libgcc.a(_clzsi2.o)
 .debug_pubnames
                0x000000c2       0x1f /usr/lib/gcc/msp430/4.5.3/mmpy-16/libgcc.a(_pack_sf.o)
 .debug_pubnames
                0x000000e1       0x21 /usr/lib/gcc/msp430/4.5.3/mmpy-16/libgcc.a(_unpack_sf.o)
 .debug_pubnames
                0x00000102       0x1d /usr/lib/gcc/msp430/4.5.3/../../../../msp430/lib/mmpy-16/libc.a(strcmp.o)
 .debug_pubnames
                0x0000011f       0x1e /usr/lib/gcc/msp430/4.5.3/../../../../msp430/lib/mmpy-16/libc.a(strncmp.o)
 .debug_pubnames
                0x0000013d       0x1d /usr/lib/gcc/msp430/4.5.3/../../../../msp430/lib/mmpy-16/libc.a(memcmp.o)
 .debug_pubnames
                0x0000015a       0x1d /usr/lib/gcc/msp430/4.5.3/../../../../msp430/lib/mmpy-16/libc.a(strcpy.o)
 .debug_pubnames
                0x00000177       0x1e /usr/lib/gcc/msp430/4.5.3/../../../../msp430/lib/mmpy-16/libc.a(strncpy.o)
 .debug_pubnames
                0x00000195       0x1d /usr/lib/gcc/msp430/4.5.3/../../../../msp430/lib/mmpy-16/libc.a(memcpy.o)
 .debug_pubnames
                0x000001b2       0x1d /usr/lib/gcc/msp430/4.5.3/../../../../msp430/lib/mmpy-16/libc.a(memset.o)
 .debug_pubnames
                0x000001cf       0x26 /usr/lib/gcc/msp430/4.5.3/../../../../msp430/lib/mmpy-16/libc.a(malloc.o)
 .debug_pubnames
                0x000001f5       0x29 /usr/lib/gcc/msp430/4.5.3/../../../../msp430/lib/mmpy-16/libc.a(printf.o)
 .debug_pubnames
                0x0000021e       0x1f /usr/lib/gcc/msp430/4.5.3/../../../../msp430/lib/mmpy-16/libc.a(vuprintf.o)
 .debug_pubnames
                0x0000023d       0x1b /usr/lib/gcc/msp430/4.5.3/../../../../msp430/lib/mmpy-16/libc.a(puts.o)
 .debug_pubnames
                0x00000258       0x30 /usr/lib/gcc/msp430/4.5.3/../../../../msp430/lib/mmpy-16/libc.a(rand.o)

.debug_info     0x00000000     0x2616
 *(.debug_info)
 .debug_info    0x00000000       0xd7 /usr/lib/gcc/msp430/4.5.3/mmpy-16/libgcc.a(_mulsi3.o)
 .debug_info    0x000000d7       0xd7 /usr/lib/gcc/msp430/4.5.3/mmpy-16/libgcc.a(_udivmodhi4.o)
 .debug_info    0x000001ae       0xd7 /usr/lib/gcc/msp430/4.5.3/mmpy-16/libgcc.a(_udivmodsi4.o)
 .debug_info    0x00000285       0xd7 /usr/lib/gcc/msp430/4.5.3/mmpy-16/libgcc.a(_divmodsi4.o)
 .debug_info    0x0000035c      0x3d6 /usr/lib/gcc/msp430/4.5.3/mmpy-16/libgcc.a(_mul_sf.o)
 .debug_info    0x00000732      0x218 /usr/lib/gcc/msp430/4.5.3/mmpy-16/libgcc.a(_si_to_sf.o)
 .debug_info    0x0000094a      0x296 /usr/lib/gcc/msp430/4.5.3/mmpy-16/libgcc.a(_sf_to_si.o)
 .debug_info    0x00000be0      0x151 /usr/lib/gcc/msp430/4.5.3/mmpy-16/libgcc.a(_thenan_sf.o)
 .debug_info    0x00000d31       0x99 /usr/lib/gcc/msp430/4.5.3/mmpy-16/libgcc.a(_clz.o)
 .debug_info    0x00000dca      0x115 /usr/lib/gcc/msp430/4.5.3/mmpy-16/libgcc.a(_clzsi2.o)
 .debug_info    0x00000edf      0x2c2 /usr/lib/gcc/msp430/4.5.3/mmpy-16/libgcc.a(_pack_sf.o)
 .debug_info    0x000011a1      0x24d /usr/lib/gcc/msp430/4.5.3/mmpy-16/libgcc.a(_unpack_sf.o)
 .debug_info    0x000013ee       0xa4 /usr/lib/gcc/msp430/4.5.3/../../../../msp430/lib/mmpy-16/libc.a(strcmp.o)
 .debug_info    0x00001492       0xbd /usr/lib/gcc/msp430/4.5.3/../../../../msp430/lib/mmpy-16/libc.a(strncmp.o)
 .debug_info    0x0000154f       0xe2 /usr/lib/gcc/msp430/4.5.3/../../../../msp430/lib/mmpy-16/libc.a(memcmp.o)
 .debug_info    0x00001631       0xb8 /usr/lib/gcc/msp430/4.5.3/../../../../msp430/lib/mmpy-16/libc.a(strcpy.o)
 .debug_info    0x000016e9       0xe3 /usr/lib/gcc/msp430/4.5.3/../../../../msp430/lib/mmpy-16/libc.a(strncpy.o)
 .debug_info    0x000017cc      0x113 /usr/lib/gcc/msp430/4.5.3/../../../../msp430/lib/mmpy-16/libc.a(memcpy.o)
 .debug_info    0x000018df       0xfe /usr/lib/gcc/msp430/4.5.3/../../../../msp430/lib/mmpy-16/libc.a(memset.o)
 .debug_info    0x000019dd      0x15e /usr/lib/gcc/msp430/4.5.3/../../../../msp430/lib/mmpy-16/libc.a(malloc.o)
 .debug_info    0x00001b3b      0x103 /usr/lib/gcc/msp430/4.5.3/../../../../msp430/lib/mmpy-16/libc.a(printf.o)
 .debug_info    0x00001c3e      0x3b5 /usr/lib/gcc/msp430/4.5.3/../../../../msp430/lib/mmpy-16/libc.a(vuprintf.o)
 .debug_info    0x00001ff3       0x96 /usr/lib/gcc/msp430/4.5.3/../../../../msp430/lib/mmpy-16/libc.a(puts.o)
 .debug_info    0x00002089      0x137 /usr/lib/gcc/msp430/4.5.3/../../../../msp430/lib/mmpy-16/libc.a(rand.o)
 .debug_info    0x000021c0       0xb9 /usr/lib/gcc/msp430/4.5.3/mmpy-16/libcrt0.a(__init_stack.o)
 .debug_info    0x00002279       0xb9 /usr/lib/gcc/msp430/4.5.3/mmpy-16/libcrt0.a(__low_level_init.o)
 .debug_info    0x00002332       0xb9 /usr/lib/gcc/msp430/4.5.3/mmpy-16/libcrt0.a(_copy_data.o)
 .debug_info    0x000023eb       0xb9 /usr/lib/gcc/msp430/4.5.3/mmpy-16/libcrt0.a(_clear_bss.o)
 .debug_info    0x000024a4       0xb9 /usr/lib/gcc/msp430/4.5.3/mmpy-16/libcrt0.a(_endless_loop__.o)
 .debug_info    0x0000255d       0xb9 /usr/lib/gcc/msp430/4.5.3/mmpy-16/libcrt0.a(_unexpected_.o)
 *(.gnu.linkonce.wi.*)

.debug_abbrev   0x00000000     0x1274
 *(.debug_abbrev)
 .debug_abbrev  0x00000000       0x14 /usr/lib/gcc/msp430/4.5.3/mmpy-16/libgcc.a(_mulsi3.o)
 .debug_abbrev  0x00000014       0x14 /usr/lib/gcc/msp430/4.5.3/mmpy-16/libgcc.a(_udivmodhi4.o)
 .debug_abbrev  0x00000028       0x14 /usr/lib/gcc/msp430/4.5.3/mmpy-16/libgcc.a(_udivmodsi4.o)
 .debug_abbrev  0x0000003c       0x14 /usr/lib/gcc/msp430/4.5.3/mmpy-16/libgcc.a(_divmodsi4.o)
 .debug_abbrev  0x00000050      0x1d9 /usr/lib/gcc/msp430/4.5.3/mmpy-16/libgcc.a(_mul_sf.o)
 .debug_abbrev  0x00000229      0x162 /usr/lib/gcc/msp430/4.5.3/mmpy-16/libgcc.a(_si_to_sf.o)
 .debug_abbrev  0x0000038b      0x160 /usr/lib/gcc/msp430/4.5.3/mmpy-16/libgcc.a(_sf_to_si.o)
 .debug_abbrev  0x000004eb       0xcb /usr/lib/gcc/msp430/4.5.3/mmpy-16/libgcc.a(_thenan_sf.o)
 .debug_abbrev  0x000005b6       0x61 /usr/lib/gcc/msp430/4.5.3/mmpy-16/libgcc.a(_clz.o)
 .debug_abbrev  0x00000617       0xbd /usr/lib/gcc/msp430/4.5.3/mmpy-16/libgcc.a(_clzsi2.o)
 .debug_abbrev  0x000006d4      0x183 /usr/lib/gcc/msp430/4.5.3/mmpy-16/libgcc.a(_pack_sf.o)
 .debug_abbrev  0x00000857      0x14b /usr/lib/gcc/msp430/4.5.3/mmpy-16/libgcc.a(_unpack_sf.o)
 .debug_abbrev  0x000009a2       0x60 /usr/lib/gcc/msp430/4.5.3/../../../../msp430/lib/mmpy-16/libc.a(strcmp.o)
 .debug_abbrev  0x00000a02       0x6d /usr/lib/gcc/msp430/4.5.3/../../../../msp430/lib/mmpy-16/libc.a(strncmp.o)
 .debug_abbrev  0x00000a6f       0x8a /usr/lib/gcc/msp430/4.5.3/../../../../msp430/lib/mmpy-16/libc.a(memcmp.o)
 .debug_abbrev  0x00000af9       0x7e /usr/lib/gcc/msp430/4.5.3/../../../../msp430/lib/mmpy-16/libc.a(strcpy.o)
 .debug_abbrev  0x00000b77       0x94 /usr/lib/gcc/msp430/4.5.3/../../../../msp430/lib/mmpy-16/libc.a(strncpy.o)
 .debug_abbrev  0x00000c0b       0x97 /usr/lib/gcc/msp430/4.5.3/../../../../msp430/lib/mmpy-16/libc.a(memcpy.o)
 .debug_abbrev  0x00000ca2       0x8d /usr/lib/gcc/msp430/4.5.3/../../../../msp430/lib/mmpy-16/libc.a(memset.o)
 .debug_abbrev  0x00000d2f       0xf8 /usr/lib/gcc/msp430/4.5.3/../../../../msp430/lib/mmpy-16/libc.a(malloc.o)
 .debug_abbrev  0x00000e27       0xce /usr/lib/gcc/msp430/4.5.3/../../../../msp430/lib/mmpy-16/libc.a(printf.o)
 .debug_abbrev  0x00000ef5      0x1cb /usr/lib/gcc/msp430/4.5.3/../../../../msp430/lib/mmpy-16/libc.a(vuprintf.o)
 .debug_abbrev  0x000010c0       0x60 /usr/lib/gcc/msp430/4.5.3/../../../../msp430/lib/mmpy-16/libc.a(puts.o)
 .debug_abbrev  0x00001120       0xdc /usr/lib/gcc/msp430/4.5.3/../../../../msp430/lib/mmpy-16/libc.a(rand.o)
 .debug_abbrev  0x000011fc       0x14 /usr/lib/gcc/msp430/4.5.3/mmpy-16/libcrt0.a(__init_stack.o)
 .debug_abbrev  0x00001210       0x14 /usr/lib/gcc/msp430/4.5.3/mmpy-16/libcrt0.a(__low_level_init.o)
 .debug_abbrev  0x00001224       0x14 /usr/lib/gcc/msp430/4.5.3/mmpy-16/libcrt0.a(_copy_data.o)
 .debug_abbrev  0x00001238       0x14 /usr/lib/gcc/msp430/4.5.3/mmpy-16/libcrt0.a(_clear_bss.o)
 .debug_abbrev  0x0000124c       0x14 /usr/lib/gcc/msp430/4.5.3/mmpy-16/libcrt0.a(_endless_loop__.o)
 .debug_abbrev  0x00001260       0x14 /usr/lib/gcc/msp430/4.5.3/mmpy-16/libcrt0.a(_unexpected_.o)

.debug_line     0x00000000     0x1325
 *(.debug_line)
 .debug_line    0x00000000       0x9d /usr/lib/gcc/msp430/4.5.3/mmpy-16/libgcc.a(_mulsi3.o)
 .debug_line    0x0000009d       0x9a /usr/lib/gcc/msp430/4.5.3/mmpy-16/libgcc.a(_udivmodhi4.o)
 .debug_line    0x00000137       0xa1 /usr/lib/gcc/msp430/4.5.3/mmpy-16/libgcc.a(_udivmodsi4.o)
 .debug_line    0x000001d8       0xaf /usr/lib/gcc/msp430/4.5.3/mmpy-16/libgcc.a(_divmodsi4.o)
 .debug_line    0x00000287      0x13d /usr/lib/gcc/msp430/4.5.3/mmpy-16/libgcc.a(_mul_sf.o)
 .debug_line    0x000003c4       0xc5 /usr/lib/gcc/msp430/4.5.3/mmpy-16/libgcc.a(_si_to_sf.o)
 .debug_line    0x00000489       0xc3 /usr/lib/gcc/msp430/4.5.3/mmpy-16/libgcc.a(_sf_to_si.o)
 .debug_line    0x0000054c       0x94 /usr/lib/gcc/msp430/4.5.3/mmpy-16/libgcc.a(_thenan_sf.o)
 .debug_line    0x000005e0       0x80 /usr/lib/gcc/msp430/4.5.3/mmpy-16/libgcc.a(_clz.o)
 .debug_line    0x00000660       0xbd /usr/lib/gcc/msp430/4.5.3/mmpy-16/libgcc.a(_clzsi2.o)
 .debug_line    0x0000071d       0xfd /usr/lib/gcc/msp430/4.5.3/mmpy-16/libgcc.a(_pack_sf.o)
 .debug_line    0x0000081a       0xd9 /usr/lib/gcc/msp430/4.5.3/mmpy-16/libgcc.a(_unpack_sf.o)
 .debug_line    0x000008f3       0x49 /usr/lib/gcc/msp430/4.5.3/../../../../msp430/lib/mmpy-16/libc.a(strcmp.o)
 .debug_line    0x0000093c       0x76 /usr/lib/gcc/msp430/4.5.3/../../../../msp430/lib/mmpy-16/libc.a(strncmp.o)