Archive member included because of file (symbol)

contiki-sky.a(contiki-sky-pla)
                              obj_sky/contiki-sky-main.o (init_platform)
contiki-sky.a(button-sensor.o)
                              contiki-sky.a(contiki-sky-pla) (button_sensor)
contiki-sky.a(ds2411.o)       obj_sky/contiki-sky-main.o (ds2411_init)
contiki-sky.a(xmem.o)         obj_sky/contiki-sky-main.o (xmem_init)
contiki-sky.a(node-id.o)      obj_sky/contiki-sky-main.o (node_id_restore)
contiki-sky.a(sensors.o)      contiki-sky.a(button-sensor.o) (sensors_changed)
contiki-sky.a(cc2420.o)       obj_sky/contiki-sky-main.o (cc2420_set_pan_addr)
contiki-sky.a(cc2420-arch.o)  contiki-sky.a(cc2420.o) (cc2420_arch_init)
contiki-sky.a(uart1.o)        obj_sky/contiki-sky-main.o (uart1_active)
contiki-sky.a(uart1-putchar.o)
                              obj_sky/contiki-sky-main.o (putchar)
contiki-sky.a(msp430.o)       contiki-sky.a(uart1.o) (msp430_add_lpm_req)
contiki-sky.a(clock.o)        contiki-sky.a(cc2420.o) (clock_time)
contiki-sky.a(leds.o)         obj_sky/contiki-sky-main.o (leds_init)
contiki-sky.a(leds-arch.o)    contiki-sky.a(leds.o) (leds_arch_init)
contiki-sky.a(watchdog.o)     obj_sky/contiki-sky-main.o (watchdog_start)
contiki-sky.a(rtimer-arch.o)  obj_sky/contiki-sky-main.o (rtimer_arch_now)
contiki-sky.a(autostart.o)    obj_sky/contiki-sky-main.o (autostart_start)
contiki-sky.a(ctimer.o)       obj_sky/contiki-sky-main.o (ctimer_init)
contiki-sky.a(energest.o)     obj_sky/contiki-sky-main.o (energest_init)
contiki-sky.a(etimer.o)       contiki-sky.a(clock.o) (etimer_request_poll)
contiki-sky.a(process.o)      contiki-sky.a(ctimer.o) (process_current)
contiki-sky.a(rtimer.o)       obj_sky/contiki-sky-main.o (rtimer_init)
contiki-sky.a(timer.o)        obj_sky/contiki-sky-main.o (timer_set)
contiki-sky.a(serial-line.o)  obj_sky/contiki-sky-main.o (serial_line_input_byte)
contiki-sky.a(list.o)         contiki-sky.a(ctimer.o) (list_init)
contiki-sky.a(random.o)       obj_sky/contiki-sky-main.o (random_init)
contiki-sky.a(ringbuf.o)      contiki-sky.a(serial-line.o) (ringbuf_init)
contiki-sky.a(broadcast.o)    example-broadcast.co (broadcast_open)
contiki-sky.a(channel.o)      contiki-sky.a(broadcast.o) (channel_set_attributes)
contiki-sky.a(ftsp.o)         contiki-sky.a(cc2420.o) (get_global_time_departure)
contiki-sky.a(rime.o)         obj_sky/contiki-sky-main.o (rime_driver)
contiki-sky.a(nullmac.o)      obj_sky/contiki-sky-main.o (nullmac_driver)
contiki-sky.a(nullrdc.o)      obj_sky/contiki-sky-main.o (nullrdc_driver)
contiki-sky.a(linkaddr.o)     obj_sky/contiki-sky-main.o (linkaddr_copy)
contiki-sky.a(packetbuf.o)    contiki-sky.a(cc2420.o) (packetbuf_set_datalen)
contiki-sky.a(queuebuf.o)     contiki-sky.a(rime.o) (queuebuf_init)
contiki-sky.a(nullsec.o)      obj_sky/contiki-sky-main.o (nullsec_driver)
contiki-sky.a(spi.o)          contiki-sky.a(xmem.o) (spi_init)
contiki-sky.a(memb.o)         contiki-sky.a(queuebuf.o) (memb_init)
contiki-sky.a(abc.o)          contiki-sky.a(broadcast.o) (abc_open)
contiki-sky.a(announcement.o)
                              contiki-sky.a(rime.o) (announcement_init)
contiki-sky.a(broadcast-annou)
                              contiki-sky.a(rime.o) (broadcast_announcement_init)
contiki-sky.a(chameleon.o)    contiki-sky.a(rime.o) (chameleon_init)
contiki-sky.a(framer-nullmac.)
                              contiki-sky.a(nullrdc.o) (framer_nullmac)
contiki-sky.a(mac.o)          contiki-sky.a(nullrdc.o) (mac_call_sent_callback)
contiki-sky.a(chameleon-bitop)
                              contiki-sky.a(chameleon.o) (chameleon_bitopt)
/usr/lib/gcc/msp430/4.5.3/mmpy-16/libgcc.a(_muldi3.o)
                              contiki-sky.a(ftsp.o) (__muldi3)
/usr/lib/gcc/msp430/4.5.3/mmpy-16/libgcc.a(_udivmodhi4.o)
                              contiki-sky.a(ftsp.o) (__udivmodhi4)
/usr/lib/gcc/msp430/4.5.3/mmpy-16/libgcc.a(_udivmodsi4.o)
                              obj_sky/contiki-sky-main.o (__udivmodsi4)
/usr/lib/gcc/msp430/4.5.3/mmpy-16/libgcc.a(_divmodsi4.o)
                              contiki-sky.a(ftsp.o) (__divmodsi4)
/usr/lib/gcc/msp430/4.5.3/mmpy-16/libgcc.a(_floatdisf.o)
                              contiki-sky.a(ftsp.o) (__floatdisf)
/usr/lib/gcc/msp430/4.5.3/mmpy-16/libgcc.a(_mul_sf.o)
                              contiki-sky.a(ftsp.o) (__mulsf3)
/usr/lib/gcc/msp430/4.5.3/mmpy-16/libgcc.a(_div_sf.o)
                              contiki-sky.a(ftsp.o) (__divsf3)
/usr/lib/gcc/msp430/4.5.3/mmpy-16/libgcc.a(_si_to_sf.o)
                              contiki-sky.a(ftsp.o) (__floatsisf)
/usr/lib/gcc/msp430/4.5.3/mmpy-16/libgcc.a(_sf_to_si.o)
                              contiki-sky.a(ftsp.o) (__fixsfsi)
/usr/lib/gcc/msp430/4.5.3/mmpy-16/libgcc.a(_thenan_sf.o)
                              /usr/lib/gcc/msp430/4.5.3/mmpy-16/libgcc.a(_mul_sf.o) (__thenan_sf)
/usr/lib/gcc/msp430/4.5.3/mmpy-16/libgcc.a(_clz.o)
[...]
Memory Configuration

Name             Origin             Length             Attributes
sfr              0x00000000         0x00000010
peripheral_8bit  0x00000010         0x000000f0
peripheral_16bit 0x00000100         0x00000100
infomem          0x00001000         0x00000100
infob            0x00001000         0x00000080
infoa            0x00001080         0x00000080
ram              0x00001100         0x00002800         xw
rom              0x00004000         0x0000bfe0         xr
vectors          0x0000ffe0         0x00000020
bsl              0x00000000         0x00000000
infoc            0x00000000         0x00000000
infod            0x00000000         0x00000000
far_rom          0x00000000         0x00000000
*default*        0x00000000         0xffffffff

Linker script and memory map

LOAD /usr/lib/gcc/msp430/4.5.3/mmpy-16/crt0ivtbl16.o
LOAD example-broadcast.co
LOAD obj_sky/contiki-sky-main.o
LOAD contiki-sky.a
LOAD /usr/lib/gcc/msp430/4.5.3/mmpy-16/libgcc.a
LOAD /usr/lib/gcc/msp430/4.5.3/../../../../msp430/lib/mmpy-16/libc.a
LOAD /usr/lib/gcc/msp430/4.5.3/mmpy-16/libgcc.a
LOAD /usr/lib/gcc/msp430/4.5.3/mmpy-16/libcrt0.a
                0x00000000                __IE1 = 0x0
                0x00000002                __IFG1 = 0x2
                0x00000004                __ME1 = 0x4
                0x00000001                __IE2 = 0x1
                0x00000003                __IFG2 = 0x3
                0x00000005                __ME2 = 0x5
                0x00000120                __WDTCTL = 0x120
                0x00000130                __MPY = 0x130
                0x00000132                __MPYS = 0x132
                0x00000134                __MAC = 0x134
                0x00000136                __MACS = 0x136
                0x00000138                __OP2 = 0x138
                0x0000013a                __RESLO = 0x13a
                0x0000013c                __RESHI = 0x13c
                0x0000013e                __SUMEXT = 0x13e
                0x00000020                __P1IN = 0x20
                0x00000021                __P1OUT = 0x21
                0x00000022                __P1DIR = 0x22
                0x00000023                __P1IFG = 0x23
                0x00000024                __P1IES = 0x24
                0x00000025                __P1IE = 0x25
                0x00000026                __P1SEL = 0x26
                0x00000028                __P2IN = 0x28
                0x00000029                __P2OUT = 0x29
                0x0000002a                __P2DIR = 0x2a
                0x0000002b                __P2IFG = 0x2b
                0x0000002c                __P2IES = 0x2c
                0x0000002d                __P2IE = 0x2d
                0x0000002e                __P2SEL = 0x2e
                0x00000018                __P3IN = 0x18
                0x00000019                __P3OUT = 0x19
                0x0000001a                __P3DIR = 0x1a
                0x0000001b                __P3SEL = 0x1b
                0x0000001c                __P4IN = 0x1c
                0x0000001d                __P4OUT = 0x1d
                0x0000001e                __P4DIR = 0x1e
                0x0000001f                __P4SEL = 0x1f
                0x00000030                __P5IN = 0x30
                0x00000031                __P5OUT = 0x31
                0x00000032                __P5DIR = 0x32
                0x00000033                __P5SEL = 0x33
                0x00000034                __P6IN = 0x34
                0x00000035                __P6OUT = 0x35
                0x00000036                __P6DIR = 0x36
                0x00000037                __P6SEL = 0x37
                0x00000070                __U0CTL = 0x70
                0x00000071                __U0TCTL = 0x71
                0x00000072                __U0RCTL = 0x72
                0x00000073                __U0MCTL = 0x73
                0x00000074                __U0BR0 = 0x74
                0x00000075                __U0BR1 = 0x75
                0x00000076                __U0RXBUF = 0x76
                0x00000077                __U0TXBUF = 0x77
                0x00000078                __U1CTL = 0x78
                0x00000079                __U1TCTL = 0x79
                0x0000007a                __U1RCTL = 0x7a
                0x0000007b                __U1MCTL = 0x7b
                0x0000007c                __U1BR0 = 0x7c
                0x0000007d                __U1BR1 = 0x7d
                0x0000007e                __U1RXBUF = 0x7e
                0x0000007f                __U1TXBUF = 0x7f
                0x00000050                __I2CIE = 0x50
                0x00000051                __I2CIFG = 0x51
                0x00000052                __I2CNDAT = 0x52
                0x00000071                __I2CTCTL = 0x71
                0x00000072                __I2CDCTL = 0x72
                0x00000073                __I2CPSC = 0x73
                0x00000074                __I2CSCLH = 0x74
                0x00000075                __I2CSCLL = 0x75
                0x00000076                __I2CDRB = 0x76
                0x00000076                __I2CDRW = 0x76
                0x00000118                __I2COA = 0x118
                0x0000011a                __I2CSA = 0x11a
                0x0000011c                __I2CIV = 0x11c
                0x0000012e                __TAIV = 0x12e
                0x00000160                __TACTL = 0x160
                0x00000162                __TACCTL0 = 0x162
                0x00000164                __TACCTL1 = 0x164
                0x00000166                __TACCTL2 = 0x166
                0x00000170                __TAR = 0x170
                0x00000172                __TACCR0 = 0x172
                0x00000174                __TACCR1 = 0x174
                0x00000176                __TACCR2 = 0x176
                0x0000011e                __TBIV = 0x11e
                0x00000180                __TBCTL = 0x180
                0x00000182                __TBCCTL0 = 0x182
                0x00000184                __TBCCTL1 = 0x184
                0x00000186                __TBCCTL2 = 0x186
                0x00000188                __TBCCTL3 = 0x188
                0x0000018a                __TBCCTL4 = 0x18a
                0x0000018c                __TBCCTL5 = 0x18c
                0x0000018e                __TBCCTL6 = 0x18e
                0x00000190                __TBR = 0x190
                0x00000192                __TBCCR0 = 0x192
                0x00000194                __TBCCR1 = 0x194
                0x00000196                __TBCCR2 = 0x196
                0x00000198                __TBCCR3 = 0x198
                0x0000019a                __TBCCR4 = 0x19a
                0x0000019c                __TBCCR5 = 0x19c
                0x0000019e                __TBCCR6 = 0x19e
                0x00000056                __DCOCTL = 0x56
                0x00000057                __BCSCTL1 = 0x57
                0x00000058                __BCSCTL2 = 0x58
                0x00000055                __SVSCTL = 0x55
                0x00000128                __FCTL1 = 0x128
                0x0000012a                __FCTL2 = 0x12a
                0x0000012c                __FCTL3 = 0x12c
                0x00000059                __CACTL1 = 0x59
                0x0000005a                __CACTL2 = 0x5a
                0x0000005b                __CAPD = 0x5b
                0x000001a0                __ADC12CTL0 = 0x1a0
                0x000001a2                __ADC12CTL1 = 0x1a2
                0x000001a4                __ADC12IFG = 0x1a4
                0x000001a6                __ADC12IE = 0x1a6
                0x000001a8                __ADC12IV = 0x1a8
                0x00000140                __ADC12MEM0 = 0x140
                0x00000142                __ADC12MEM1 = 0x142
                0x00000144                __ADC12MEM2 = 0x144
                0x00000146                __ADC12MEM3 = 0x146
                0x00000148                __ADC12MEM4 = 0x148
                0x0000014a                __ADC12MEM5 = 0x14a
                0x0000014c                __ADC12MEM6 = 0x14c
                0x0000014e                __ADC12MEM7 = 0x14e
                0x00000150                __ADC12MEM8 = 0x150
                0x00000152                __ADC12MEM9 = 0x152
                0x00000154                __ADC12MEM10 = 0x154
                0x00000156                __ADC12MEM11 = 0x156
                0x00000158                __ADC12MEM12 = 0x158
                0x0000015a                __ADC12MEM13 = 0x15a
                0x0000015c                __ADC12MEM14 = 0x15c
                0x0000015e                __ADC12MEM15 = 0x15e
                0x00000080                __ADC12MCTL0 = 0x80
                0x00000081                __ADC12MCTL1 = 0x81
                0x00000082                __ADC12MCTL2 = 0x82
                0x00000083                __ADC12MCTL3 = 0x83
                0x00000084                __ADC12MCTL4 = 0x84
                0x00000085                __ADC12MCTL5 = 0x85
                0x00000086                __ADC12MCTL6 = 0x86
                0x00000087                __ADC12MCTL7 = 0x87
                0x00000088                __ADC12MCTL8 = 0x88
                0x00000089                __ADC12MCTL9 = 0x89
                0x0000008a                __ADC12MCTL10 = 0x8a
                0x0000008b                __ADC12MCTL11 = 0x8b
                0x0000008c                __ADC12MCTL12 = 0x8c
                0x0000008d                __ADC12MCTL13 = 0x8d
                0x0000008e                __ADC12MCTL14 = 0x8e
                0x0000008f                __ADC12MCTL15 = 0x8f
                0x000001c0                __DAC12_0CTL = 0x1c0
                0x000001c2                __DAC12_1CTL = 0x1c2
                0x000001c8                __DAC12_0DAT = 0x1c8
                0x000001ca                __DAC12_1DAT = 0x1ca
                0x00000122                __DMACTL0 = 0x122
                0x00000124                __DMACTL1 = 0x124
                0x000001e0                __DMA0CTL = 0x1e0
                0x000001e8                __DMA1CTL = 0x1e8
                0x000001f0                __DMA2CTL = 0x1f0
                0x000001e2                __DMA0SA = 0x1e2
                0x000001e4                __DMA0DA = 0x1e4
                0x000001e6                __DMA0SZ = 0x1e6
                0x000001ea                __DMA1SA = 0x1ea
                0x000001ec                __DMA1DA = 0x1ec
                0x000001ee                __DMA1SZ = 0x1ee
                0x000001f2                __DMA2SA = 0x1f2
                0x000001f4                __DMA2DA = 0x1f4
                0x000001f6                __DMA2SZ = 0x1f6

.hash
 *(.hash)

.dynsym
 *(.dynsym)

.dynstr
 *(.dynstr)

.gnu.version
 *(.gnu.version)

.gnu.version_d
 *(.gnu.version_d)

.gnu.version_r
 *(.gnu.version_r)

.rel.init
 *(.rel.init)

.rela.init
 *(.rela.init)

.rel.text
 *(.rel.text)
 *(.rel.text.*)
 *(.rel.gnu.linkonce.t*)

.rela.text
 *(.rela.text)
 *(.rela.text.*)
 *(.rela.gnu.linkonce.t*)

.rel.fini
 *(.rel.fini)

.rela.fini
 *(.rela.fini)

.rel.rodata
 *(.rel.rodata)
 *(.rel.rodata.*)
 *(.rel.gnu.linkonce.r*)

.rela.rodata
 *(.rela.rodata)
 *(.rela.rodata.*)
 *(.rela.gnu.linkonce.r*)

.rel.data
 *(.rel.data)
 *(.rel.data.*)
 *(.rel.gnu.linkonce.d*)

.rela.data
 *(.rela.data)
 *(.rela.data.*)
 *(.rela.gnu.linkonce.d*)

.rel.ctors
 *(.rel.ctors)

.rela.ctors
 *(.rela.ctors)

.rel.dtors
 *(.rel.dtors)

.rela.dtors
 *(.rela.dtors)

.rel.got
 *(.rel.got)

.rela.got
 *(.rela.got)

.rel.bss
 *(.rel.bss)

.rela.bss
 *(.rela.bss)

.rel.plt
 *(.rel.plt)

.rela.plt
 *(.rela.plt)

.text           0x00004000     0x433c
                0x00004000                . = ALIGN (0x2)
 *(.init)
 *(.init0)
 .init0         0x00004000        0x0 /usr/lib/gcc/msp430/4.5.3/mmpy-16/libcrt0.a(_reset_vector__.o)
                0x00004000                _reset_vector__
 *(.init1)
 *(.init2)
 .init2         0x00004000        0x4 /usr/lib/gcc/msp430/4.5.3/mmpy-16/libcrt0.a(__init_stack.o)
                0x00004000                __init_stack
 *(.init3)
 .init3         0x00004004        0xa /usr/lib/gcc/msp430/4.5.3/mmpy-16/libcrt0.a(__low_level_init.o)
                0x00004004                __low_level_init
 *(.init4)
 .init4         0x0000400e       0x16 /usr/lib/gcc/msp430/4.5.3/mmpy-16/libcrt0.a(_copy_data.o)
                0x0000400e                __do_copy_data
 .init4         0x00004024       0x14 /usr/lib/gcc/msp430/4.5.3/mmpy-16/libcrt0.a(_clear_bss.o)
                0x00004024                __do_clear_bss
 *(.init5)
 *(.init6)
 *(.init7)
 *(.init8)
 *(.init9)
 .init9         0x00004038      0x2d8 obj_sky/contiki-sky-main.o
                0x00004038                main
 *(.fini9)
 .fini9         0x00004310        0x0 /usr/lib/gcc/msp430/4.5.3/mmpy-16/libcrt0.a(__stop_progExec__.o)
                0x00004310                __stop_progExec__
 *(.fini8)
 *(.fini7)
 *(.fini6)
 *(.fini5)
 *(.fini4)
 *(.fini3)
 *(.fini2)
 *(.fini1)
 *(.fini0)
 .fini0         0x00004310        0x6 /usr/lib/gcc/msp430/4.5.3/mmpy-16/libcrt0.a(_endless_loop__.o)
                0x00004310                _endless_loop__
 *(.fini)
                0x00004316                . = ALIGN (0x2)
                0x00004316                __ctors_start = .
 *(.ctors)
                0x00004316                __ctors_end = .
                0x00004316                __dtors_start = .
 *(.dtors)
                0x00004316                __dtors_end = .
                0x00004316                . = ALIGN (0x2)
 *(.text)
 .text          0x00004316        0x4 /usr/lib/gcc/msp430/4.5.3/mmpy-16/crt0ivtbl16.o
                0x00004316                __isr_14
                0x00004316                __isr_11
                0x00004316                __isr_2
                0x00004316                __isr_7
                0x00004316                __isr_0
                0x00004316                __isr_8
                0x00004316                __isr_3
                0x00004316                __isr_12
                0x00004316                __isr_13
                0x00004316                __isr_9
 .text          0x0000431a       0x5e example-broadcast.co
                0x00004370                autostart_processes
 .text          0x00004378       0xdb obj_sky/contiki-sky-main.o
 *fill*         0x00004453        0x1 00
 .text          0x00004454       0x10 contiki-sky.a(button-sensor.o)
                0x0000445c                button_sensor
 .text          0x00004464        0x8 contiki-sky.a(sensors.o)
 .text          0x0000446c       0x70 contiki-sky.a(cc2420.o)
                0x000044ac                cc2420_driver
                0x000044c8                cc2420_aes_128_driver
 .text          0x000044dc        0xf contiki-sky.a(ctimer.o)
 .text          0x000044eb        0xc contiki-sky.a(etimer.o)
 .text          0x000044f7        0xe contiki-sky.a(serial-line.o)
 *fill*         0x00004505        0x1 00
 .text          0x00004506        0x8 contiki-sky.a(broadcast.o)
 .text          0x0000450e        0xc contiki-sky.a(rime.o)
                0x00004514                rime_driver
 .text          0x0000451a       0x2e contiki-sky.a(nullmac.o)
                0x0000453a                nullmac_driver
 .text          0x00004548      0x10c contiki-sky.a(nullrdc.o)
                0x00004644                nullrdc_driver
 .text          0x00004654        0x2 contiki-sky.a(linkaddr.o)
                0x00004654                linkaddr_null
 .text          0x00004656       0x10 contiki-sky.a(nullsec.o)
                0x0000465e                nullsec_driver
 .text          0x00004666        0x2 contiki-sky.a(abc.o)
 .text          0x00004668        0x4 contiki-sky.a(broadcast-annou)
 .text          0x0000466c        0x6 contiki-sky.a(framer-nullmac.)
                0x0000466c                framer_nullmac
 .text          0x00004672       0x10 contiki-sky.a(chameleon-bitop)
                0x00004672                chameleon_bitopt
 .text          0x00004682      0x1fe /usr/lib/gcc/msp430/4.5.3/mmpy-16/libgcc.a(_mul_sf.o)
                0x00004682                __mulsf3
 .text          0x00004880       0x9a /usr/lib/gcc/msp430/4.5.3/mmpy-16/libgcc.a(_si_to_sf.o)
                0x00004880                __floatsisf
 .text          0x0000491a       0x8a /usr/lib/gcc/msp430/4.5.3/mmpy-16/libgcc.a(_sf_to_si.o)
                0x0000491a                __fixsfsi
 .text          0x000049a4        0x8 /usr/lib/gcc/msp430/4.5.3/mmpy-16/libgcc.a(_thenan_sf.o)
                0x000049a4                __thenan_sf
 .text          0x000049ac      0x100 /usr/lib/gcc/msp430/4.5.3/mmpy-16/libgcc.a(_clz.o)
                0x000049ac                __clz_tab
 .text          0x00004aac       0x58 /usr/lib/gcc/msp430/4.5.3/mmpy-16/libgcc.a(_clzsi2.o)
                0x00004aac                __clzsi2
 .text          0x00004b04      0x1d6 /usr/lib/gcc/msp430/4.5.3/mmpy-16/libgcc.a(_pack_sf.o)
                0x00004b04                __pack_f
 .text          0x00004cda      0x132 /usr/lib/gcc/msp430/4.5.3/mmpy-16/libgcc.a(_unpack_sf.o)
                0x00004cda                __unpack_f
 .text          0x00004e0c      0x104 /usr/lib/gcc/msp430/4.5.3/../../../../msp430/lib/mmpy-16/libc.a(memcpy.o)
                0x00004e0c                memcpy
 .text          0x00004f10       0x66 /usr/lib/gcc/msp430/4.5.3/../../../../msp430/lib/mmpy-16/libc.a(memset.o)
                0x00004f10                memset
 .text          0x00004f76       0x20 /usr/lib/gcc/msp430/4.5.3/../../../../msp430/lib/mmpy-16/libc.a(printf.o)
                0x00004f76                printf
                0x00004f88                vprintf
 .text          0x00004f96      0x476 /usr/lib/gcc/msp430/4.5.3/../../../../msp430/lib/mmpy-16/libc.a(vuprintf.o)
                0x000050a2                vuprintf
 .text          0x0000540c       0x2c /usr/lib/gcc/msp430/4.5.3/../../../../msp430/lib/mmpy-16/libc.a(puts.o)
                0x0000540c                puts
 .text          0x00005438      0x134 /usr/lib/gcc/msp430/4.5.3/../../../../msp430/lib/mmpy-16/libc.a(rand.o)
                0x00005438                rand_r
                0x000054cc                rand
                0x00005562                srand
                0x0000556c                . = ALIGN (0x2)
 *(.text.*)
 .text.process_thread_example_broadcast_process
                0x0000556c       0x8c example-broadcast.co
 .text.broadcast_recv
                0x000055f8       0x22 example-broadcast.co
 .text.init_platform
                0x0000561a        0xc contiki-sky.a(contiki-sky-pla)
                0x0000561a                init_platform
 .text.status   0x00005626       0x16 contiki-sky.a(button-sensor.o)
 .text.configure
                0x0000563c       0x4a contiki-sky.a(button-sensor.o)
 .text.value    0x00005686       0x26 contiki-sky.a(button-sensor.o)
 .text.irq_p2   0x000056ac       0x92 contiki-sky.a(button-sensor.o)
                0x000056ac                irq_p2
                0x000056ac                __isr_1
 .text.crc8_add
                0x0000573e       0x1a contiki-sky.a(ds2411.o)
 .text.owreadb  0x00005758       0x56 contiki-sky.a(ds2411.o)
 .text.ds2411_init
                0x000057ae      0x10a contiki-sky.a(ds2411.o)
                0x000057ae                ds2411_init
 .text.wait_ready
                0x000058b8       0x4e contiki-sky.a(xmem.o)
 .text.xmem_init
                0x00005906       0x3c contiki-sky.a(xmem.o)
                0x00005906                xmem_init
 .text.xmem_pread
                0x00005942       0xdc contiki-sky.a(xmem.o)
                0x00005942                xmem_pread
 .text.node_id_restore
                0x00005a1e       0x38 contiki-sky.a(node-id.o)
                0x00005a1e                node_id_restore
 .text.get_sensor_index
                0x00005a56       0x22 contiki-sky.a(sensors.o)
 .text.process_thread_sensors_process
                0x00005a78       0xc2 contiki-sky.a(sensors.o)
 .text.sensors_changed
                0x00005b3a       0x14 contiki-sky.a(sensors.o)
                0x00005b3a                sensors_changed
 .text.get_object
                0x00005b4e        0x4 contiki-sky.a(cc2420.o)
 .text.set_object
                0x00005b52        0x4 contiki-sky.a(cc2420.o)
 .text.strobe   0x00005b56       0x1e contiki-sky.a(cc2420.o)
 .text.getreg   0x00005b74       0x50 contiki-sky.a(cc2420.o)
 .text.setreg   0x00005bc4       0x48 contiki-sky.a(cc2420.o)
 .text.write_ram
                0x00005c0c       0x6c contiki-sky.a(cc2420.o)
 .text.write_fifo_buf
                0x00005c78       0x38 contiki-sky.a(cc2420.o)
 .text.get_status
                0x00005cb0       0x22 contiki-sky.a(cc2420.o)
 .text.set_txpower
                0x00005cd2       0x2a contiki-sky.a(cc2420.o)
 .text.cc2420_receiving_packet
                0x00005cfc       0x10 contiki-sky.a(cc2420.o)
 .text.pending_packet
                0x00005d0c        0x8 contiki-sky.a(cc2420.o)
 .text.on       0x00005d14       0x24 contiki-sky.a(cc2420.o)
 .text.wait_for_transmission
                0x00005d38       0x20 contiki-sky.a(cc2420.o)
 .text.wait_for_status
                0x00005d58       0x2a contiki-sky.a(cc2420.o)
 .text.getrxdata
                0x00005d82       0x4e contiki-sky.a(cc2420.o)
 .text.flushrx  0x00005dd0       0x1a contiki-sky.a(cc2420.o)
 .text.off      0x00005dea       0x68 contiki-sky.a(cc2420.o)
 .text.RELEASE_LOCK
                0x00005e52       0x28 contiki-sky.a(cc2420.o)
 .text.encrypt  0x00005e7a       0x88 contiki-sky.a(cc2420.o)
 .text.set_key  0x00005f02       0x18 contiki-sky.a(cc2420.o)
 .text.set_frame_filtering
                0x00005f1a       0x30 contiki-sky.a(cc2420.o)
 .text.set_auto_ack
                0x00005f4a       0x30 contiki-sky.a(cc2420.o)
 .text.set_poll_mode
                0x00005f7a       0x36 contiki-sky.a(cc2420.o)
 .text.cc2420_prepare
                0x00005fb0       0x3c contiki-sky.a(cc2420.o)
 .text.cc2420_on
                0x00005fec       0x22 contiki-sky.a(cc2420.o)
                0x00005fec                cc2420_on
 .text.cc2420_off
                0x0000600e       0x30 contiki-sky.a(cc2420.o)
                0x0000600e                cc2420_off
 .text.cc2420_cca
                0x0000603e       0x5e contiki-sky.a(cc2420.o)
 .text.cc2420_read
                0x0000609c       0xc4 contiki-sky.a(cc2420.o)
 .text.process_thread_cc2420_process
                0x00006160       0x56 contiki-sky.a(cc2420.o)
 .text.cc2420_set_channel
                0x000061b6       0x3c contiki-sky.a(cc2420.o)
                0x000061b6                cc2420_set_channel
 .text.cc2420_set_pan_addr
                0x000061f2       0x4c contiki-sky.a(cc2420.o)
                0x000061f2                cc2420_set_pan_addr
 .text.cc2420_interrupt
                0x0000623e       0x24 contiki-sky.a(cc2420.o)
                0x0000623e                cc2420_interrupt
 .text.cc2420_set_txpower
                0x00006262        0xe contiki-sky.a(cc2420.o)
                0x00006262                cc2420_set_txpower
 .text.cc2420_get_txpower
                0x00006270       0x1e contiki-sky.a(cc2420.o)
                0x00006270                cc2420_get_txpower
 .text.cc2420_transmit
                0x0000628e      0x13c contiki-sky.a(cc2420.o)
 .text.cc2420_send
                0x000063ca       0x12 contiki-sky.a(cc2420.o)
 .text.cc2420_rssi
                0x000063dc       0x4c contiki-sky.a(cc2420.o)
                0x000063dc                cc2420_rssi
 .text.get_value
                0x00006428      0x106 contiki-sky.a(cc2420.o)
 .text.cc2420_set_cca_threshold
                0x0000652e       0x16 contiki-sky.a(cc2420.o)
                0x0000652e                cc2420_set_cca_threshold
 .text.set_value
                0x00006544       0xc4 contiki-sky.a(cc2420.o)
 .text.cc2420_init
                0x00006608       0xf8 contiki-sky.a(cc2420.o)
                0x00006608                cc2420_init
 .text.cc2420_port1_interrupt
                0x00006700       0x6a contiki-sky.a(cc2420-arch.o)
                0x00006700                __isr_4
                0x00006700                cc2420_port1_interrupt
 .text.cc2420_arch_init
                0x0000676a       0x1a contiki-sky.a(cc2420-arch.o)
                0x0000676a                cc2420_arch_init
 .text.handle_rxdma_timer
                0x00006784       0x42 contiki-sky.a(uart1.o)
 .text.uart1_active
                0x000067c6       0x18 contiki-sky.a(uart1.o)
                0x000067c6                uart1_active
 .text.uart1_set_input
                0x000067de       0x20 contiki-sky.a(uart1.o)
                0x000067de                uart1_set_input
 .text.uart1_writeb
                0x000067fe       0x1a contiki-sky.a(uart1.o)
                0x000067fe                uart1_writeb
 .text.uart1_init
                0x00006818       0xee contiki-sky.a(uart1.o)
                0x00006818                uart1_init
 .text.putchar  0x00006906        0xe contiki-sky.a(uart1-putchar.o)
                0x00006906                putchar
 .text.msp430_init_dco
                0x00006914       0x74 contiki-sky.a(msp430.o)
                0x00006914                msp430_init_dco
 .text.msp430_add_lpm_req
                0x00006988        0xa contiki-sky.a(msp430.o)
                0x00006988                msp430_add_lpm_req
 .text.msp430_cpu_init
                0x00006992       0x2a contiki-sky.a(msp430.o)
                0x00006992                msp430_cpu_init
 .text.splhigh_
                0x000069bc        0x8 contiki-sky.a(msp430.o)
                0x000069bc                splhigh_
 .text.msp430_sync_dco
                0x000069c4       0x60 contiki-sky.a(msp430.o)
                0x000069c4                msp430_sync_dco
 .text.read_tar
                0x00006a24        0xe contiki-sky.a(clock.o)
 .text.timera1  0x00006a32       0xf2 contiki-sky.a(clock.o)
                0x00006a32                __isr_5
                0x00006a32                timera1
 .text.clock_time
                0x00006b24       0x1a contiki-sky.a(clock.o)
                0x00006b24                clock_time
 .text.clock_init
                0x00006b3e       0x28 contiki-sky.a(clock.o)
                0x00006b3e                clock_init
 .text.clock_delay
                0x00006b66        0xc contiki-sky.a(clock.o)
                0x00006b66                clock_delay
 .text.show_leds
                0x00006b72      0x104 contiki-sky.a(leds.o)
 .text.leds_init
                0x00006c76        0xa contiki-sky.a(leds.o)
                0x00006c76                leds_init
 .text.leds_on  0x00006c80        0xa contiki-sky.a(leds.o)
                0x00006c80                leds_on
 .text.leds_off
                0x00006c8a        0xe contiki-sky.a(leds.o)
                0x00006c8a                leds_off
 .text.leds_arch_init
                0x00006c98        0xe contiki-sky.a(leds-arch.o)
                0x00006c98                leds_arch_init
 .text.leds_arch_set
                0x00006ca6       0x3a contiki-sky.a(leds-arch.o)
                0x00006ca6                leds_arch_set
 .text.watchdog_interrupt
                0x00006ce0        0x6 contiki-sky.a(watchdog.o)
                0x00006ce0                __isr_10
                0x00006ce0                watchdog_interrupt
 .text.watchdog_start
                0x00006ce6       0x14 contiki-sky.a(watchdog.o)
                0x00006ce6                watchdog_start
 .text.watchdog_periodic
                0x00006cfa       0x12 contiki-sky.a(watchdog.o)
                0x00006cfa                watchdog_periodic
 .text.watchdog_stop
                0x00006d0c       0x16 contiki-sky.a(watchdog.o)
                0x00006d0c                watchdog_stop
 .text.watchdog_init
                0x00006d22       0x14 contiki-sky.a(watchdog.o)
                0x00006d22                watchdog_init
 .text.rtimer_arch_init
                0x00006d36        0xe contiki-sky.a(rtimer-arch.o)
                0x00006d36                rtimer_arch_init
 .text.rtimer_arch_now
                0x00006d44        0xe contiki-sky.a(rtimer-arch.o)
                0x00006d44                rtimer_arch_now
 .text.timera0  0x00006d52       0x76 contiki-sky.a(rtimer-arch.o)
                0x00006d52                __isr_6
                0x00006d52                timera0
 .text.rtimer_arch_schedule
                0x00006dc8        0x6 contiki-sky.a(rtimer-arch.o)
                0x00006dc8                rtimer_arch_schedule
 .text.autostart_start
                0x00006dce       0x18 contiki-sky.a(autostart.o)
                0x00006dce                autostart_start
 .text.process_thread_ctimer_process
                0x00006de6       0xa4 contiki-sky.a(ctimer.o)
 .text.ctimer_init
                0x00006e8a       0x18 contiki-sky.a(ctimer.o)
                0x00006e8a                ctimer_init
 .text.ctimer_set_with_process
                0x00006ea2       0x4e contiki-sky.a(ctimer.o)
                0x00006ea2                ctimer_set_with_process
 .text.ctimer_set
                0x00006ef0       0x10 contiki-sky.a(ctimer.o)
                0x00006ef0                ctimer_set
 .text.ctimer_reset
                0x00006f00       0x30 contiki-sky.a(ctimer.o)
                0x00006f00                ctimer_reset
 .text.energest_init
                0x00006f30       0x2a contiki-sky.a(energest.o)
                0x00006f30                energest_init
 .text.energest_type_time
                0x00006f5a       0x44 contiki-sky.a(energest.o)
                0x00006f5a                energest_type_time
 .text.energest_type_set
                0x00006f9e        0xe contiki-sky.a(energest.o)
                0x00006f9e                energest_type_set
 .text.energest_flush
                0x00006fac       0x4a contiki-sky.a(energest.o)
                0x00006fac                energest_flush
 .text.update_time
                0x00006ff6       0x78 contiki-sky.a(etimer.o)
 .text.etimer_request_poll
                0x0000706e        0xa contiki-sky.a(etimer.o)
                0x0000706e                etimer_request_poll
 .text.process_thread_etimer_process
                0x00007078       0xce contiki-sky.a(etimer.o)
 .text.add_timer
                0x00007146       0x40 contiki-sky.a(etimer.o)
 .text.etimer_set
                0x00007186       0x12 contiki-sky.a(etimer.o)
                0x00007186                etimer_set
 .text.etimer_reset
                0x00007198       0x12 contiki-sky.a(etimer.o)
                0x00007198                etimer_reset
 .text.etimer_expired
                0x000071aa        0xe contiki-sky.a(etimer.o)
                0x000071aa                etimer_expired
 .text.etimer_pending
                0x000071b8        0xe contiki-sky.a(etimer.o)
                0x000071b8                etimer_pending
 .text.etimer_next_expiration_time
                0x000071c6       0x16 contiki-sky.a(etimer.o)
                0x000071c6                etimer_next_expiration_time
 .text.call_process
                0x000071dc       0x4c contiki-sky.a(process.o)
 .text.exit_process
                0x00007228       0x94 contiki-sky.a(process.o)
 .text.do_poll  0x000072bc       0x30 contiki-sky.a(process.o)
 .text.process_alloc_event
                0x000072ec        0xe contiki-sky.a(process.o)
                0x000072ec                process_alloc_event
 .text.process_init
                0x000072fa       0x1c contiki-sky.a(process.o)
                0x000072fa                process_init
 .text.process_run
                0x00007316       0x8c contiki-sky.a(process.o)
                0x00007316                process_run
 .text.process_nevents
                0x000073a2        0xc contiki-sky.a(process.o)
                0x000073a2                process_nevents
 .text.process_post
                0x000073ae       0x4e contiki-sky.a(process.o)
                0x000073ae                process_post
 .text.process_post_synch
                0x000073fc       0x12 contiki-sky.a(process.o)
                0x000073fc                process_post_synch
 .text.process_start
                0x0000740e       0x32 contiki-sky.a(process.o)
                0x0000740e                process_start
 .text.process_poll
                0x00007440       0x1a contiki-sky.a(process.o)
                0x00007440                process_poll
 .text.rtimer_init
                0x0000745a        0x6 contiki-sky.a(rtimer.o)
                0x0000745a                rtimer_init
 .text.rtimer_run_next
                0x00007460       0x26 contiki-sky.a(rtimer.o)
                0x00007460                rtimer_run_next
 .text.timer_set
                0x00007486       0x1c contiki-sky.a(timer.o)
                0x00007486                timer_set
 .text.timer_reset
                0x000074a2        0xe contiki-sky.a(timer.o)
                0x000074a2                timer_reset
 .text.timer_expired
                0x000074b0       0x2e contiki-sky.a(timer.o)
                0x000074b0                timer_expired
 .text.process_thread_serial_line_process
                0x000074de       0xa6 contiki-sky.a(serial-line.o)
 .text.serial_line_input_byte
                0x00007584       0x46 contiki-sky.a(serial-line.o)
                0x00007584                serial_line_input_byte
 .text.serial_line_init
                0x000075ca       0x1c contiki-sky.a(serial-line.o)
                0x000075ca                serial_line_init
 .text.list_init
                0x000075e6        0x6 contiki-sky.a(list.o)
                0x000075e6                list_init
 .text.list_head
                0x000075ec        0x4 contiki-sky.a(list.o)
                0x000075ec                list_head
 .text.list_tail
                0x000075f0       0x14 contiki-sky.a(list.o)
                0x000075f0                list_tail
 .text.list_remove
                0x00007604       0x2e contiki-sky.a(list.o)
                0x00007604                list_remove
 .text.list_add
                0x00007632       0x2a contiki-sky.a(list.o)
                0x00007632                list_add
 .text.list_item_next
                0x0000765c        0x8 contiki-sky.a(list.o)
                0x0000765c                list_item_next
 .text.random_init
                0x00007664        0x6 contiki-sky.a(random.o)
                0x00007664                random_init
 .text.random_rand
                0x0000766a        0x6 contiki-sky.a(random.o)
                0x0000766a                random_rand
 .text.ringbuf_init
                0x00007670       0x14 contiki-sky.a(ringbuf.o)
                0x00007670                ringbuf_init
 .text.ringbuf_put
                0x00007684       0x3c contiki-sky.a(ringbuf.o)
                0x00007684                ringbuf_put
 .text.ringbuf_get
                0x000076c0       0x32 contiki-sky.a(ringbuf.o)
                0x000076c0                ringbuf_get
 .text.sent_by_abc
                0x000076f2       0x10 contiki-sky.a(broadcast.o)
 .text.recv_from_abc
                0x00007702       0x26 contiki-sky.a(broadcast.o)
 .text.broadcast_open
                0x00007728       0x2a contiki-sky.a(broadcast.o)
                0x00007728                broadcast_open
 .text.broadcast_close
                0x00007752        0x6 contiki-sky.a(broadcast.o)
                0x00007752                broadcast_close
 .text.broadcast_send
                0x00007758       0x1a contiki-sky.a(broadcast.o)
                0x00007758                broadcast_send
 .text.channel_init
                0x00007772        0xa contiki-sky.a(channel.o)
                0x00007772                channel_init
 .text.channel_open
                0x0000777c       0x10 contiki-sky.a(channel.o)
                0x0000777c                channel_open
 .text.channel_close
                0x0000778c        0xc contiki-sky.a(channel.o)
                0x0000778c                channel_close
 .text.channel_lookup
                0x00007798       0x20 contiki-sky.a(channel.o)
                0x00007798                channel_lookup
 .text.channel_set_attributes
                0x000077b8       0x24 contiki-sky.a(channel.o)
                0x000077b8                channel_set_attributes
 .text.get_global_time_departure
                0x000077dc       0x52 contiki-sky.a(ftsp.o)
                0x000077dc                get_global_time_departure
 .text.input    0x0000782e       0x3a contiki-sky.a(rime.o)
 .text.init     0x00007868       0x2e contiki-sky.a(rime.o)
 .text.packet_sent
                0x00007896       0x44 contiki-sky.a(rime.o)
 .text.rime_output
                0x000078da       0x20 contiki-sky.a(rime.o)
                0x000078da                rime_output
 .text.send_packet
                0x000078fa        0x6 contiki-sky.a(nullmac.o)
 .text.on       0x00007900        0x6 contiki-sky.a(nullmac.o)
 .text.off      0x00007906        0x6 contiki-sky.a(nullmac.o)
 .text.channel_check_interval
                0x0000790c        0x4 contiki-sky.a(nullmac.o)
 .text.init     0x00007910        0x2 contiki-sky.a(nullmac.o)
 .text.packet_input
                0x00007912        0xe contiki-sky.a(nullmac.o)
 .text.on       0x00007920        0x6 contiki-sky.a(nullrdc.o)
 .text.off      0x00007926       0x10 contiki-sky.a(nullrdc.o)
 .text.channel_check_interval
                0x00007936        0x4 contiki-sky.a(nullrdc.o)
 .text.init     0x0000793a        0x6 contiki-sky.a(nullrdc.o)
 .text.packet_input
                0x00007940       0x48 contiki-sky.a(nullrdc.o)
 .text.send_one_packet
                0x00007988       0x6a contiki-sky.a(nullrdc.o)
 .text.send_list
                0x000079f2       0x30 contiki-sky.a(nullrdc.o)
 .text.send_packet
                0x00007a22        0x6 contiki-sky.a(nullrdc.o)
 .text.linkaddr_copy
                0x00007a28        0x6 contiki-sky.a(linkaddr.o)
                0x00007a28                linkaddr_copy
 .text.linkaddr_set_node_addr
                0x00007a2e        0xc contiki-sky.a(linkaddr.o)
                0x00007a2e                linkaddr_set_node_addr
 .text.packetbuf_hdrreduce
                0x00007a3a       0x1a contiki-sky.a(packetbuf.o)
                0x00007a3a                packetbuf_hdrreduce
 .text.packetbuf_set_datalen
                0x00007a54        0x6 contiki-sky.a(packetbuf.o)
                0x00007a54                packetbuf_set_datalen
 .text.packetbuf_hdrptr
                0x00007a5a        0x6 contiki-sky.a(packetbuf.o)
                0x00007a5a                packetbuf_hdrptr
 .text.packetbuf_datalen
                0x00007a60        0x6 contiki-sky.a(packetbuf.o)
                0x00007a60                packetbuf_datalen
 .text.packetbuf_hdrlen
                0x00007a66        0xa contiki-sky.a(packetbuf.o)
                0x00007a66                packetbuf_hdrlen
 .text.packetbuf_dataptr
                0x00007a70        0xc contiki-sky.a(packetbuf.o)
                0x00007a70                packetbuf_dataptr
 .text.packetbuf_compact
                0x00007a7c       0x34 contiki-sky.a(packetbuf.o)
                0x00007a7c                packetbuf_compact
 .text.packetbuf_totlen
                0x00007ab0        0xc contiki-sky.a(packetbuf.o)
                0x00007ab0                packetbuf_totlen
 .text.packetbuf_hdralloc
                0x00007abc       0x3e contiki-sky.a(packetbuf.o)
                0x00007abc                packetbuf_hdralloc
 .text.packetbuf_attr_clear
                0x00007afa       0x2c contiki-sky.a(packetbuf.o)
                0x00007afa                packetbuf_attr_clear
 .text.packetbuf_clear
                0x00007b26       0x12 contiki-sky.a(packetbuf.o)
                0x00007b26                packetbuf_clear
 .text.packetbuf_copyfrom
                0x00007b38       0x2e contiki-sky.a(packetbuf.o)
                0x00007b38                packetbuf_copyfrom
 .text.packetbuf_attr_copyfrom
                0x00007b66       0x2c contiki-sky.a(packetbuf.o)
                0x00007b66                packetbuf_attr_copyfrom
 .text.queuebuf_init
                0x00007b92       0x12 contiki-sky.a(queuebuf.o)
                0x00007b92                queuebuf_init
 .text.queuebuf_to_packetbuf
                0x00007ba4       0x36 contiki-sky.a(queuebuf.o)
                0x00007ba4                queuebuf_to_packetbuf
 .text.init     0x00007bda        0x2 contiki-sky.a(nullsec.o)
 .text.send     0x00007bdc        0xa contiki-sky.a(nullsec.o)
 .text.input    0x00007be6        0x6 contiki-sky.a(nullsec.o)
 .text.spi_init
                0x00007bec       0x32 contiki-sky.a(spi.o)
                0x00007bec                spi_init
 .text.memb_init
                0x00007c1e       0x36 contiki-sky.a(memb.o)
                0x00007c1e                memb_init
 .text.memb_inmemb
                0x00007c54       0x2e contiki-sky.a(memb.o)
                0x00007c54                memb_inmemb
 .text.abc_open
                0x00007c82       0x26 contiki-sky.a(abc.o)
                0x00007c82                abc_open
 .text.abc_close
                0x00007ca8        0x6 contiki-sky.a(abc.o)
                0x00007ca8                abc_close
 .text.abc_send
                0x00007cae        0x6 contiki-sky.a(abc.o)
                0x00007cae                abc_send
 .text.abc_input
                0x00007cb4        0xe contiki-sky.a(abc.o)
                0x00007cb4                abc_input
 .text.abc_sent
                0x00007cc2       0x10 contiki-sky.a(abc.o)
                0x00007cc2                abc_sent
 .text.announcement_init
                0x00007cd2        0xa contiki-sky.a(announcement.o)
                0x00007cd2                announcement_init
 .text.announcement_register_observer_callback
                0x00007cdc        0x6 contiki-sky.a(announcement.o)
                0x00007cdc                announcement_register_observer_callback
 .text.announcement_list
                0x00007ce2        0xa contiki-sky.a(announcement.o)
                0x00007ce2                announcement_list
 .text.announcement_heard
                0x00007cec       0x42 contiki-sky.a(announcement.o)
                0x00007cec                announcement_heard
 .text.adv_packet_sent
                0x00007d2e        0x2 contiki-sky.a(broadcast-annou)
 .text.adv_packet_received
                0x00007d30       0x6c contiki-sky.a(broadcast-annou)
 .text.set_timers
                0x00007d9c       0x60 contiki-sky.a(broadcast-annou)
 .text.new_announcement
                0x00007dfc       0x18 contiki-sky.a(broadcast-annou)
 .text.send_timer
                0x00007e14       0x38 contiki-sky.a(broadcast-annou)
 .text.send_adv
                0x00007e4c       0x66 contiki-sky.a(broadcast-annou)
 .text.broadcast_announcement_init
                0x00007eb2       0x48 contiki-sky.a(broadcast-annou)
                0x00007eb2                broadcast_announcement_init
 .text.chameleon_init
                0x00007efa        0x6 contiki-sky.a(chameleon.o)
                0x00007efa                chameleon_init
 .text.chameleon_parse
                0x00007f00       0x10 contiki-sky.a(chameleon.o)
                0x00007f00                chameleon_parse
 .text.chameleon_create
                0x00007f10       0x1c contiki-sky.a(chameleon.o)
                0x00007f10                chameleon_create
 .text.chameleon_hdrsize
                0x00007f2c        0x6 contiki-sky.a(chameleon.o)
                0x00007f2c                chameleon_hdrsize
 .text.hdr_length
                0x00007f32        0x4 contiki-sky.a(framer-nullmac.)
 .text.parse    0x00007f36       0x32 contiki-sky.a(framer-nullmac.)
 .text.create   0x00007f68       0x30 contiki-sky.a(framer-nullmac.)
 .text.mac_call_sent_callback
                0x00007f98       0x14 contiki-sky.a(mac.o)
                0x00007f98                mac_call_sent_callback
 .text.get_bits_in_byte
                0x00007fac       0x30 contiki-sky.a(chameleon-bitop)
 .text.header_size
                0x00007fdc       0x16 contiki-sky.a(chameleon-bitop)
 .text.get_bits
                0x00007ff2       0xaa contiki-sky.a(chameleon-bitop)
                0x00007ff2                get_bits
 .text.unpack_header
                0x0000809c       0xde contiki-sky.a(chameleon-bitop)
 .text.set_bits_in_byte
                0x0000817a       0x26 contiki-sky.a(chameleon-bitop)
                0x0000817a                set_bits_in_byte
 .text.set_bits
                0x000081a0       0xb0 contiki-sky.a(chameleon-bitop)
                0x000081a0                set_bits
 .text.pack_header
                0x00008250       0xc0 contiki-sky.a(chameleon-bitop)
 .text.libgcc   0x00008310       0x2a /usr/lib/gcc/msp430/4.5.3/mmpy-16/libgcc.a(_udivmodsi4.o)
                0x00008310                __udivmodsi4
 .text.crt0     0x0000833a        0x2 /usr/lib/gcc/msp430/4.5.3/mmpy-16/libcrt0.a(_unexpected_.o)
                0x0000833a                _unexpected_

.rodata         0x0000833c        0x0
                0x0000833c                . = ALIGN (0x2)
 *(.rodata .rodata.* .gnu.linkonce.r.*)
                0x0000833c                . = ALIGN (0x2)
                0x0000833c                _etext = .

.data           0x00001100       0x5a load address 0x0000833c
                0x00001100                . = ALIGN (0x2)
                0x00001100                PROVIDE (__data_start, .)
 *(.data)
 .data          0x00001100        0xc example-broadcast.co
                0x00001100                example_broadcast_process
 .data          0x0000110c        0x4 contiki-sky.a(contiki-sky-pla)
                0x0000110c                sensors
 .data          0x00001110        0xa contiki-sky.a(sensors.o)
                0x00001110                sensors_process
 .data          0x0000111a        0xc contiki-sky.a(cc2420.o)
                0x0000111a                cc2420_process
 .data          0x00001126        0x2 contiki-sky.a(msp430.o)
 .data          0x00001128        0xa contiki-sky.a(ctimer.o)
                0x00001128                ctimer_process
 .data          0x00001132        0xa contiki-sky.a(etimer.o)
                0x00001132                etimer_process
 .data          0x0000113c        0xa contiki-sky.a(serial-line.o)
                0x0000113c                serial_line_process
 .data          0x00001146       0x10 contiki-sky.a(queuebuf.o)
 .data          0x00001156        0x4 /usr/lib/gcc/msp430/4.5.3/../../../../msp430/lib/mmpy-16/libc.a(rand.o)
 *(SORT(.data.*))
                0x0000115a                . = ALIGN (0x2)
 *(.gnu.linkonce.d*)
                0x0000115a                . = ALIGN (0x2)
                0x0000115a                _edata = .
                0x0000833c                PROVIDE (__data_load_start, LOADADDR (.data))
                0x0000005a                PROVIDE (__data_size, SIZEOF (.data))

.bss            0x0000115a     0x10e4 load address 0x00008396
                0x0000115a                PROVIDE (__bss_start, .)
 *(.bss)
 .bss           0x0000115a       0x18 example-broadcast.co
 .bss           0x00001172        0xc obj_sky/contiki-sky-main.o
 .bss           0x0000117e        0x8 contiki-sky.a(button-sensor.o)
 .bss           0x00001186        0x2 contiki-sky.a(node-id.o)
                0x00001186                node_id
 .bss           0x00001188        0x6 contiki-sky.a(sensors.o)
 .bss           0x0000118e        0xa contiki-sky.a(cc2420.o)
 .bss           0x00001198       0x9a contiki-sky.a(uart1.o)
 .bss           0x00001232        0xa contiki-sky.a(clock.o)
 .bss           0x0000123c        0x1 contiki-sky.a(leds.o)
 *fill*         0x0000123d        0x1 00
 .bss           0x0000123e        0x2 contiki-sky.a(watchdog.o)
 .bss           0x00001240        0x4 contiki-sky.a(ctimer.o)
 .bss           0x00001244        0x6 contiki-sky.a(etimer.o)
 .bss           0x0000124a       0x3a contiki-sky.a(process.o)
                0x0000124a                process_list
                0x0000124c                process_current
 .bss           0x00001284        0x2 contiki-sky.a(rtimer.o)
 .bss           0x00001286      0x10a contiki-sky.a(serial-line.o)
 .bss           0x00001390        0x2 contiki-sky.a(channel.o)
 .bss           0x00001392       0xf6 contiki-sky.a(ftsp.o)
 .bss           0x00001488        0x2 contiki-sky.a(rime.o)
 .bss           0x0000148a       0x86 contiki-sky.a(packetbuf.o)
 .bss           0x00001510      0xc20 contiki-sky.a(queuebuf.o)
 .bss           0x00002130        0x6 contiki-sky.a(announcement.o)
 .bss           0x00002136       0x46 contiki-sky.a(broadcast-annou)
 *(SORT(.bss.*))
 *(COMMON)
 COMMON         0x0000217c        0x8 obj_sky/contiki-sky-main.o
                0x0000217c                ftsp_arrival_time
                0x00002180                ftsp_arrival_global_time
 COMMON         0x00002184        0x2 contiki-sky.a(contiki-sky-pla)
                0x00002184                sensors_flags
 COMMON         0x00002186        0x8 contiki-sky.a(ds2411.o)
                0x00002186                ds2411_id
 COMMON         0x0000218e        0x1 contiki-sky.a(sensors.o)
                0x0000218e                sensors_event
 *fill*         0x0000218f        0x1 00
 COMMON         0x00002190       0x16 contiki-sky.a(cc2420.o)
                0x00002190                time_attach
                0x00002191                cc2420_last_rssi
                0x00002192                cc2420_sfd_start_time
                0x00002194                cc2420_time_of_departure
                0x00002196                cc2420_time_of_arrival
                0x00002198                state
                0x00002199                cc2420_last_correlation
                0x0000219a                cc2420_authority_level_of_sender
                0x0000219c                ftsp_table_updated
                0x0000219d                cc2420_sfd_counter
                0x0000219e                ftsp_msg_sent
                0x000021a0                cc2420_sfd_end_time
                0x000021a2                ftsp_departure_time
 COMMON         0x000021a6        0x2 contiki-sky.a(msp430.o)
                0x000021a6                msp430_dco_required
 COMMON         0x000021a8       0x56 contiki-sky.a(energest.o)
                0x000021a8                energest_total_time
                0x000021d8                energest_total_count
                0x000021da                energest_current_mode
                0x000021e6                energest_current_time
 COMMON         0x000021fe        0x1 contiki-sky.a(process.o)
                0x000021fe                process_maxevents
 COMMON         0x000021ff        0x1 contiki-sky.a(serial-line.o)
                0x000021ff                serial_line_event_message
 COMMON         0x00002200        0x2 contiki-sky.a(linkaddr.o)
                0x00002200                linkaddr_node_addr
 COMMON         0x00002202       0x3c contiki-sky.a(packetbuf.o)
                0x00002202                packetbuf_addrs
                0x0000220a                packetbuf_attrs
                0x0000223e                PROVIDE (__bss_end, .)
                0x0000223e                _end = .
                0x000010e4                PROVIDE (__bss_size, SIZEOF (.bss))

.noinit         0x0000223e        0x0 load address 0x00008396
                0x0000223e                PROVIDE (__noinit_start, .)
 *(.noinit)
 *(.noinit.*)
 *(COMMON)
                0x0000223e                PROVIDE (__noinit_end, .)
                0x0000223e                _end = .

.infomem        0x00001000        0x0
 *(.infomem)
                0x00001000                . = ALIGN (0x2)
 *(.infomem.*)

.infomemnobits  0x00001000        0x0
                0x00001000                . = ALIGN (0x2)
 *(.infomemnobits)
                0x00001000                . = ALIGN (0x2)
 *(.infomemnobits.*)

.vectors        0x0000ffe0       0x20
                0x0000ffe0                PROVIDE (__vectors_start, .)
 *(.vectors*)
 .vectors       0x0000ffe0       0x20 /usr/lib/gcc/msp430/4.5.3/mmpy-16/crt0ivtbl16.o
                0x0000ffe0                __ivtbl_16
                0x00010000                _vectors_end = .

.fartext        0x00000000        0x0
                0x00000000                . = ALIGN (0x2)
 *(.fartext)
                0x00000000                . = ALIGN (0x2)
 *(.fartext.*)
                0x00000000                _efartext = .

.profiler
 *(.profiler)

.stab           0x00000000    0x17478
 *(.stab)
 .stab          0x00000000     0x1254 example-broadcast.co
 .stab          0x00001254     0x1068 obj_sky/contiki-sky-main.o
                               0x17a0 (size before relaxing)
 .stab          0x000022bc      0x234 contiki-sky.a(contiki-sky-pla)
                                0x5a0 (size before relaxing)
 .stab          0x000024f0      0x45c contiki-sky.a(button-sensor.o)
                                0x7d4 (size before relaxing)
 .stab          0x0000294c      0x660 contiki-sky.a(ds2411.o)
                                0xb88 (size before relaxing)
 .stab          0x00002fac      0x9e4 contiki-sky.a(xmem.o)
                                0xf18 (size before relaxing)
 .stab          0x00003990      0x294 contiki-sky.a(node-id.o)
                                0x4bc (size before relaxing)
 .stab          0x00003c24      0x648 contiki-sky.a(sensors.o)
                                0xb70 (size before relaxing)
 .stab          0x0000426c     0x29d0 contiki-sky.a(cc2420.o)
                               0x3180 (size before relaxing)
 .stab          0x00006c3c      0xa5c contiki-sky.a(cc2420-arch.o)
                               0x13f8 (size before relaxing)
 .stab          0x00007698      0x5f4 contiki-sky.a(uart1.o)
                                0x954 (size before relaxing)
 .stab          0x00007c8c      0x210 contiki-sky.a(uart1-putchar.o)
                                0x570 (size before relaxing)
 .stab          0x00007e9c      0x714 contiki-sky.a(msp430.o)
                                0xa74 (size before relaxing)
 .stab          0x000085b0      0x87c contiki-sky.a(clock.o)
                                0xbdc (size before relaxing)
 .stab          0x00008e2c      0x5c4 contiki-sky.a(leds.o)
                                0x810 (size before relaxing)
 .stab          0x000093f0      0x354 contiki-sky.a(leds-arch.o)
                                0x6b4 (size before relaxing)
 .stab          0x00009744      0x3d8 contiki-sky.a(watchdog.o)
                                0x738 (size before relaxing)
 .stab          0x00009b1c      0x3a8 contiki-sky.a(rtimer-arch.o)
                                0x708 (size before relaxing)
 .stab          0x00009ec4      0x270 contiki-sky.a(autostart.o)
                                0x510 (size before relaxing)
 .stab          0x0000a134      0x834 contiki-sky.a(ctimer.o)
                                0xbac (size before relaxing)
 .stab          0x0000a968      0x420 contiki-sky.a(energest.o)
                                0x6b4 (size before relaxing)
 .stab          0x0000ad88      0xa98 contiki-sky.a(etimer.o)
                                0xd68 (size before relaxing)
 .stab          0x0000b820      0xb7c contiki-sky.a(process.o)
                               0x1014 (size before relaxing)
 .stab          0x0000c39c      0x3b4 contiki-sky.a(rtimer.o)
                                0x6a8 (size before relaxing)
 .stab          0x0000c750      0x330 contiki-sky.a(timer.o)
                                0x570 (size before relaxing)
 .stab          0x0000ca80      0x528 contiki-sky.a(serial-line.o)
                                0xa50 (size before relaxing)
 .stab          0x0000cfa8      0x804 contiki-sky.a(list.o)
                                0x810 (size before relaxing)
 .stab          0x0000d7ac      0x228 contiki-sky.a(random.o)
                                0x600 (size before relaxing)
 .stab          0x0000d9d4      0x3d8 contiki-sky.a(ringbuf.o)
                                0x618 (size before relaxing)
 .stab          0x0000ddac      0x6b4 contiki-sky.a(broadcast.o)
                               0x14e8 (size before relaxing)
 .stab          0x0000e460      0x654 contiki-sky.a(channel.o)
                               0x1284 (size before relaxing)
 .stab          0x0000eab4     0x16bc contiki-sky.a(ftsp.o)
                               0x2460 (size before relaxing)
 .stab          0x00010170      0xb94 contiki-sky.a(rime.o)
                               0x13ec (size before relaxing)
 .stab          0x00010d04      0x480 contiki-sky.a(nullmac.o)
                                0xdbc (size before relaxing)
 .stab          0x00011184      0xf30 contiki-sky.a(nullrdc.o)
                               0x1c44 (size before relaxing)
 .stab          0x000120b4      0x2a0 contiki-sky.a(linkaddr.o)
                                0x69c (size before relaxing)
 .stab          0x00012354      0xbf4 contiki-sky.a(packetbuf.o)
                               0x1a40 (size before relaxing)
 .stab          0x00012f48      0xa2c contiki-sky.a(queuebuf.o)
                               0x1860 (size before relaxing)
 .stab          0x00013974      0x39c contiki-sky.a(nullsec.o)
                                0xcd8 (size before relaxing)
 .stab          0x00013d10      0x1e0 contiki-sky.a(spi.o)
                                0x408 (size before relaxing)
 .stab          0x00013ef0      0x588 contiki-sky.a(memb.o)
                                0xac8 (size before relaxing)
 .stab          0x00014478      0x648 contiki-sky.a(abc.o)
                               0x147c (size before relaxing)
 .stab          0x00014ac0      0x6c0 contiki-sky.a(announcement.o)
                                0x960 (size before relaxing)
 .stab          0x00015180      0x93c contiki-sky.a(broadcast-annou)
                               0x15c0 (size before relaxing)
 .stab          0x00015abc      0x594 contiki-sky.a(chameleon.o)
                               0x1248 (size before relaxing)
 .stab          0x00016050      0x5e8 contiki-sky.a(framer-nullmac.)
                                0xc00 (size before relaxing)
 .stab          0x00016638      0x1d4 contiki-sky.a(mac.o)
                                0x4c8 (size before relaxing)
 .stab          0x0001680c      0xc6c contiki-sky.a(chameleon-bitop)
                               0x18f0 (size before relaxing)

.stabstr        0x00000000    0x14b27
 *(.stabstr)
 .stabstr       0x00000000    0x14b27 example-broadcast.co

.stab.excl
 *(.stab.excl)

.stab.exclstr
 *(.stab.exclstr)

.stab.index
 *(.stab.index)

.stab.indexstr
 *(.stab.indexstr)

.comment
 *(.comment)

.debug
 *(.debug)

.line
 *(.line)

.debug_srcinfo
 *(.debug_srcinfo)

.debug_sfnames
 *(.debug_sfnames)

.debug_aranges  0x00000000      0x17c
 *(.debug_aranges)
 .debug_aranges
                0x00000000       0x14 /usr/lib/gcc/msp430/4.5.3/mmpy-16/libgcc.a(_udivmodsi4.o)
 .debug_aranges
                0x00000014       0x14 /usr/lib/gcc/msp430/4.5.3/mmpy-16/libgcc.a(_mul_sf.o)
 .debug_aranges
                0x00000028       0x14 /usr/lib/gcc/msp430/4.5.3/mmpy-16/libgcc.a(_si_to_sf.o)
 .debug_aranges
                0x0000003c       0x14 /usr/lib/gcc/msp430/4.5.3/mmpy-16/libgcc.a(_sf_to_si.o)
 .debug_aranges
                0x00000050       0x14 /usr/lib/gcc/msp430/4.5.3/mmpy-16/libgcc.a(_clzsi2.o)
 .debug_aranges
                0x00000064       0x14 /usr/lib/gcc/msp430/4.5.3/mmpy-16/libgcc.a(_pack_sf.o)
 .debug_aranges
                0x00000078       0x14 /usr/lib/gcc/msp430/4.5.3/mmpy-16/libgcc.a(_unpack_sf.o)
 .debug_aranges
                0x0000008c       0x14 /usr/lib/gcc/msp430/4.5.3/../../../../msp430/lib/mmpy-16/libc.a(memcpy.o)
 .debug_aranges
                0x000000a0       0x14 /usr/lib/gcc/msp430/4.5.3/../../../../msp430/lib/mmpy-16/libc.a(memset.o)
 .debug_aranges
                0x000000b4       0x14 /usr/lib/gcc/msp430/4.5.3/../../../../msp430/lib/mmpy-16/libc.a(printf.o)
 .debug_aranges
                0x000000c8       0x14 /usr/lib/gcc/msp430/4.5.3/../../../../msp430/lib/mmpy-16/libc.a(vuprintf.o)
 .debug_aranges
                0x000000dc       0x14 /usr/lib/gcc/msp430/4.5.3/../../../../msp430/lib/mmpy-16/libc.a(puts.o)
 .debug_aranges
                0x000000f0       0x14 /usr/lib/gcc/msp430/4.5.3/../../../../msp430/lib/mmpy-16/libc.a(rand.o)
 .debug_aranges
                0x00000104       0x14 /usr/lib/gcc/msp430/4.5.3/mmpy-16/libcrt0.a(__init_stack.o)
 .debug_aranges
                0x00000118       0x14 /usr/lib/gcc/msp430/4.5.3/mmpy-16/libcrt0.a(__low_level_init.o)
 .debug_aranges
                0x0000012c       0x14 /usr/lib/gcc/msp430/4.5.3/mmpy-16/libcrt0.a(_copy_data.o)
 .debug_aranges
                0x00000140       0x14 /usr/lib/gcc/msp430/4.5.3/mmpy-16/libcrt0.a(_clear_bss.o)
 .debug_aranges
                0x00000154       0x14 /usr/lib/gcc/msp430/4.5.3/mmpy-16/libcrt0.a(_endless_loop__.o)
 .debug_aranges
                0x00000168       0x14 /usr/lib/gcc/msp430/4.5.3/mmpy-16/libcrt0.a(_unexpected_.o)

.debug_pubnames
                0x00000000      0x1cf
 *(.debug_pubnames)
 .debug_pubnames
                0x00000000       0x1f /usr/lib/gcc/msp430/4.5.3/mmpy-16/libgcc.a(_mul_sf.o)
 .debug_pubnames
                0x0000001f       0x22 /usr/lib/gcc/msp430/4.5.3/mmpy-16/libgcc.a(_si_to_sf.o)
 .debug_pubnames
                0x00000041       0x20 /usr/lib/gcc/msp430/4.5.3/mmpy-16/libgcc.a(_sf_to_si.o)
 .debug_pubnames
                0x00000061       0x22 /usr/lib/gcc/msp430/4.5.3/mmpy-16/libgcc.a(_thenan_sf.o)
 .debug_pubnames
                0x00000083       0x20 /usr/lib/gcc/msp430/4.5.3/mmpy-16/libgcc.a(_clz.o)
 .debug_pubnames
                0x000000a3       0x1f /usr/lib/gcc/msp430/4.5.3/mmpy-16/libgcc.a(_clzsi2.o)
 .debug_pubnames
                0x000000c2       0x1f /usr/lib/gcc/msp430/4.5.3/mmpy-16/libgcc.a(_pack_sf.o)
 .debug_pubnames
                0x000000e1       0x21 /usr/lib/gcc/msp430/4.5.3/mmpy-16/libgcc.a(_unpack_sf.o)
 .debug_pubnames
                0x00000102       0x1d /usr/lib/gcc/msp430/4.5.3/../../../../msp430/lib/mmpy-16/libc.a(memcpy.o)
 .debug_pubnames
                0x0000011f       0x1d /usr/lib/gcc/msp430/4.5.3/../../../../msp430/lib/mmpy-16/libc.a(memset.o)
 .debug_pubnames
                0x0000013c       0x29 /usr/lib/gcc/msp430/4.5.3/../../../../msp430/lib/mmpy-16/libc.a(printf.o)
 .debug_pubnames
                0x00000165       0x1f /usr/lib/gcc/msp430/4.5.3/../../../../msp430/lib/mmpy-16/libc.a(vuprintf.o)
 .debug_pubnames
                0x00000184       0x1b /usr/lib/gcc/msp430/4.5.3/../../../../msp430/lib/mmpy-16/libc.a(puts.o)
 .debug_pubnames
                0x0000019f       0x30 /usr/lib/gcc/msp430/4.5.3/../../../../msp430/lib/mmpy-16/libc.a(rand.o)

.debug_info     0x00000000     0x1e55
 *(.debug_info)
 .debug_info    0x00000000       0xd7 /usr/lib/gcc/msp430/4.5.3/mmpy-16/libgcc.a(_udivmodsi4.o)
 .debug_info    0x000000d7      0x3d6 /usr/lib/gcc/msp430/4.5.3/mmpy-16/libgcc.a(_mul_sf.o)
 .debug_info    0x000004ad      0x218 /usr/lib/gcc/msp430/4.5.3/mmpy-16/libgcc.a(_si_to_sf.o)
 .debug_info    0x000006c5      0x296 /usr/lib/gcc/msp430/4.5.3/mmpy-16/libgcc.a(_sf_to_si.o)
 .debug_info    0x0000095b      0x151 /usr/lib/gcc/msp430/4.5.3/mmpy-16/libgcc.a(_thenan_sf.o)
 .debug_info    0x00000aac       0x99 /usr/lib/gcc/msp430/4.5.3/mmpy-16/libgcc.a(_clz.o)
 .debug_info    0x00000b45      0x115 /usr/lib/gcc/msp430/4.5.3/mmpy-16/libgcc.a(_clzsi2.o)
 .debug_info    0x00000c5a      0x2c2 /usr/lib/gcc/msp430/4.5.3/mmpy-16/libgcc.a(_pack_sf.o)
 .debug_info    0x00000f1c      0x24d /usr/lib/gcc/msp430/4.5.3/mmpy-16/libgcc.a(_unpack_sf.o)
 .debug_info    0x00001169      0x113 /usr/lib/gcc/msp430/4.5.3/../../../../msp430/lib/mmpy-16/libc.a(memcpy.o)
 .debug_info    0x0000127c       0xfe /usr/lib/gcc/msp430/4.5.3/../../../../msp430/lib/mmpy-16/libc.a(memset.o)
 .debug_info    0x0000137a      0x103 /usr/lib/gcc/msp430/4.5.3/../../../../msp430/lib/mmpy-16/libc.a(printf.o)
 .debug_info    0x0000147d      0x3b5 /usr/lib/gcc/msp430/4.5.3/../../../../msp430/lib/mmpy-16/libc.a(vuprintf.o)
 .debug_info    0x00001832       0x96 /usr/lib/gcc/msp430/4.5.3/../../../../msp430/lib/mmpy-16/libc.a(puts.o)
 .debug_info    0x000018c8      0x137 /usr/lib/gcc/msp430/4.5.3/../../../../msp430/lib/mmpy-16/libc.a(rand.o)
 .debug_info    0x000019ff       0xb9 /usr/lib/gcc/msp430/4.5.3/mmpy-16/libcrt0.a(__init_stack.o)
 .debug_info    0x00001ab8       0xb9 /usr/lib/gcc/msp430/4.5.3/mmpy-16/libcrt0.a(__low_level_init.o)
 .debug_info    0x00001b71       0xb9 /usr/lib/gcc/msp430/4.5.3/mmpy-16/libcrt0.a(_copy_data.o)
 .debug_info    0x00001c2a       0xb9 /usr/lib/gcc/msp430/4.5.3/mmpy-16/libcrt0.a(_clear_bss.o)
 .debug_info    0x00001ce3       0xb9 /usr/lib/gcc/msp430/4.5.3/mmpy-16/libcrt0.a(_endless_loop__.o)
 .debug_info    0x00001d9c       0xb9 /usr/lib/gcc/msp430/4.5.3/mmpy-16/libcrt0.a(_unexpected_.o)
 *(.gnu.linkonce.wi.*)

.debug_abbrev   0x00000000      0xed7
 *(.debug_abbrev)
 .debug_abbrev  0x00000000       0x14 /usr/lib/gcc/msp430/4.5.3/mmpy-16/libgcc.a(_udivmodsi4.o)
 .debug_abbrev  0x00000014      0x1d9 /usr/lib/gcc/msp430/4.5.3/mmpy-16/libgcc.a(_mul_sf.o)
 .debug_abbrev  0x000001ed      0x162 /usr/lib/gcc/msp430/4.5.3/mmpy-16/libgcc.a(_si_to_sf.o)
 .debug_abbrev  0x0000034f      0x160 /usr/lib/gcc/msp430/4.5.3/mmpy-16/libgcc.a(_sf_to_si.o)
 .debug_abbrev  0x000004af       0xcb /usr/lib/gcc/msp430/4.5.3/mmpy-16/libgcc.a(_thenan_sf.o)
 .debug_abbrev  0x0000057a       0x61 /usr/lib/gcc/msp430/4.5.3/mmpy-16/libgcc.a(_clz.o)
 .debug_abbrev  0x000005db       0xbd /usr/lib/gcc/msp430/4.5.3/mmpy-16/libgcc.a(_clzsi2.o)
 .debug_abbrev  0x00000698      0x183 /usr/lib/gcc/msp430/4.5.3/mmpy-16/libgcc.a(_pack_sf.o)
 .debug_abbrev  0x0000081b      0x14b /usr/lib/gcc/msp430/4.5.3/mmpy-16/libgcc.a(_unpack_sf.o)
 .debug_abbrev  0x00000966       0x97 /usr/lib/gcc/msp430/4.5.3/../../../../msp430/lib/mmpy-16/libc.a(memcpy.o)
 .debug_abbrev  0x000009fd       0x8d /usr/lib/gcc/msp430/4.5.3/../../../../msp430/lib/mmpy-16/libc.a(memset.o)
 .debug_abbrev  0x00000a8a       0xce /usr/lib/gcc/msp430/4.5.3/../../../../msp430/lib/mmpy-16/libc.a(printf.o)
 .debug_abbrev  0x00000b58      0x1cb /usr/lib/gcc/msp430/4.5.3/../../../../msp430/lib/mmpy-16/libc.a(vuprintf.o)
 .debug_abbrev  0x00000d23       0x60 /usr/lib/gcc/msp430/4.5.3/../../../../msp430/lib/mmpy-16/libc.a(puts.o)
 .debug_abbrev  0x00000d83       0xdc /usr/lib/gcc/msp430/4.5.3/../../../../msp430/lib/mmpy-16/libc.a(rand.o)
 .debug_abbrev  0x00000e5f       0x14 /usr/lib/gcc/msp430/4.5.3/mmpy-16/libcrt0.a(__init_stack.o)
 .debug_abbrev  0x00000e73       0x14 /usr/lib/gcc/msp430/4.5.3/mmpy-16/libcrt0.a(__low_level_init.o)
 .debug_abbrev  0x00000e87       0x14 /usr/lib/gcc/msp430/4.5.3/mmpy-16/libcrt0.a(_copy_data.o)
 .debug_abbrev  0x00000e9b       0x14 /usr/lib/gcc/msp430/4.5.3/mmpy-16/libcrt0.a(_clear_bss.o)
 .debug_abbrev  0x00000eaf       0x14 /usr/lib/gcc/msp430/4.5.3/mmpy-16/libcrt0.a(_endless_loop__.o)
 .debug_abbrev  0x00000ec3       0x14 /usr/lib/gcc/msp430/4.5.3/mmpy-16/libcrt0.a(_unexpected_.o)

.debug_line     0x00000000      0xe81
 *(.debug_line)
 .debug_line    0x00000000       0xa1 /usr/lib/gcc/msp430/4.5.3/mmpy-16/libgcc.a(_udivmodsi4.o)
 .debug_line    0x000000a1      0x13d /usr/lib/gcc/msp430/4.5.3/mmpy-16/libgcc.a(_mul_sf.o)
 .debug_line    0x000001de       0xc5 /usr/lib/gcc/msp430/4.5.3/mmpy-16/libgcc.a(_si_to_sf.o)
 .debug_line    0x000002a3       0xc3 /usr/lib/gcc/msp430/4.5.3/mmpy-16/libgcc.a(_sf_to_si.o)
 .debug_line    0x00000366       0x94 /usr/lib/gcc/msp430/4.5.3/mmpy-16/libgcc.a(_thenan_sf.o)
 .debug_line    0x000003fa       0x80 /usr/lib/gcc/msp430/4.5.3/mmpy-16/libgcc.a(_clz.o)
 .debug_line    0x0000047a       0xbd /usr/lib/gcc/msp430/4.5.3/mmpy-16/libgcc.a(_clzsi2.o)
 .debug_line    0x00000537       0xfd /usr/lib/gcc/msp430/4.5.3/mmpy-16/libgcc.a(_pack_sf.o)
 .debug_line    0x00000634       0xd9 /usr/lib/gcc/msp430/4.5.3/mmpy-16/libgcc.a(_unpack_sf.o)
 .debug_line    0x0000070d       0xf3 /usr/lib/gcc/msp430/4.5.3/../../../../msp430/lib/mmpy-16/libc.a(memcpy.o)
 .debug_line    0x00000800       0xbd /usr/lib/gcc/msp430/4.5.3/../../../../msp430/lib/mmpy-16/libc.a(memset.o)
 .debug_line    0x000008bd       0x72 /usr/lib/gcc/msp430/4.5.3/../../../../msp430/lib/mmpy-16/libc.a(printf.o)
 .debug_line    0x0000092f      0x198 /usr/lib/gcc/msp430/4.5.3/../../../../msp430/lib/mmpy-16/libc.a(vuprintf.o)
 .debug_line    0x00000ac7       0x4d /usr/lib/gcc/msp430/4.5.3/../../../../msp430/lib/mmpy-16/libc.a(puts.o)
 .debug_line    0x00000b14       0x52 /usr/lib/gcc/msp430/4.5.3/../../../../msp430/lib/mmpy-16/libc.a(rand.o)
 .debug_line    0x00000b66       0x82 /usr/lib/gcc/msp430/4.5.3/mmpy-16/libcrt0.a(__init_stack.o)
 .debug_line    0x00000be8       0x84 /usr/lib/gcc/msp430/4.5.3/mmpy-16/libcrt0.a(__low_level_init.o)
 .debug_line    0x00000c6c       0x88 /usr/lib/gcc/msp430/4.5.3/mmpy-16/libcrt0.a(_copy_data.o)
 .debug_line    0x00000cf4       0x88 /usr/lib/gcc/msp430/4.5.3/mmpy-16/libcrt0.a(_clear_bss.o)
 .debug_line    0x00000d7c       0x83 /usr/lib/gcc/msp430/4.5.3/mmpy-16/libcrt0.a(_endless_loop__.o)
 .debug_line    0x00000dff       0x82 /usr/lib/gcc/msp430/4.5.3/mmpy-16/libcrt0.a(_unexpected_.o)

.debug_frame    0x00000000      0x2aa
 *(.debug_frame)
 .debug_frame   0x00000000       0x4a /usr/lib/gcc/msp430/4.5.3/mmpy-16/libgcc.a(_mul_sf.o)
 .debug_frame   0x0000004a       0x2c /usr/lib/gcc/msp430/4.5.3/mmpy-16/libgcc.a(_si_to_sf.o)
 .debug_frame   0x00000076       0x22 /usr/lib/gcc/msp430/4.5.3/mmpy-16/libgcc.a(_sf_to_si.o)
 .debug_frame   0x00000098       0x24 /usr/lib/gcc/msp430/4.5.3/mmpy-16/libgcc.a(_clzsi2.o)
 .debug_frame   0x000000bc       0x3c /usr/lib/gcc/msp430/4.5.3/mmpy-16/libgcc.a(_pack_sf.o)
 .debug_frame   0x000000f8       0x2e /usr/lib/gcc/msp430/4.5.3/mmpy-16/libgcc.a(_unpack_sf.o)
 .debug_frame   0x00000126       0x32 /usr/lib/gcc/msp430/4.5.3/../../../../msp430/lib/mmpy-16/libc.a(memcpy.o)
 .debug_frame   0x00000158       0x32 /usr/lib/gcc/msp430/4.5.3/../../../../msp430/lib/mmpy-16/libc.a(memset.o)
 .debug_frame   0x0000018a       0x2a /usr/lib/gcc/msp430/4.5.3/../../../../msp430/lib/mmpy-16/libc.a(printf.o)
 .debug_frame   0x000001b4       0x82 /usr/lib/gcc/msp430/4.5.3/../../../../msp430/lib/mmpy-16/libc.a(vuprintf.o)
 .debug_frame   0x00000236       0x24 /usr/lib/gcc/msp430/4.5.3/../../../../msp430/lib/mmpy-16/libc.a(puts.o)
 .debug_frame   0x0000025a       0x50 /usr/lib/gcc/msp430/4.5.3/../../../../msp430/lib/mmpy-16/libc.a(rand.o)

.debug_str      0x00000000      0x516
 *(.debug_str)
 .debug_str     0x00000000      0x1a4 /usr/lib/gcc/msp430/4.5.3/mmpy-16/libgcc.a(_mul_sf.o)
                                0x1e5 (size before relaxing)
 .debug_str     0x000001a4       0x27 /usr/lib/gcc/msp430/4.5.3/mmpy-16/libgcc.a(_si_to_sf.o)
                                0x1a2 (size before relaxing)
 .debug_str     0x000001cb        0xa /usr/lib/gcc/msp430/4.5.3/mmpy-16/libgcc.a(_sf_to_si.o)
                                0x1bc (size before relaxing)
 .debug_str     0x00000000      0x15e /usr/lib/gcc/msp430/4.5.3/mmpy-16/libgcc.a(_thenan_sf.o)
 .debug_str     0x000001d5       0x98 /usr/lib/gcc/msp430/4.5.3/mmpy-16/libgcc.a(_clz.o)
                                0x13e (size before relaxing)
 .debug_str     0x0000026d        0x5 /usr/lib/gcc/msp430/4.5.3/mmpy-16/libgcc.a(_clzsi2.o)
                                0x15b (size before relaxing)
 .debug_str     0x00000272       0x10 /usr/lib/gcc/msp430/4.5.3/mmpy-16/libgcc.a(_pack_sf.o)
                                0x1bb (size before relaxing)
 .debug_str     0x00000282        0xb /usr/lib/gcc/msp430/4.5.3/mmpy-16/libgcc.a(_unpack_sf.o)
                                0x19d (size before relaxing)
 .debug_str     0x0000028d       0x75 /usr/lib/gcc/msp430/4.5.3/../../../../msp430/lib/mmpy-16/libc.a(memcpy.o)
                                 0xed (size before relaxing)
 .debug_str     0x00000302       0x26 /usr/lib/gcc/msp430/4.5.3/../../../../msp430/lib/mmpy-16/libc.a(memset.o)
                                 0xeb (size before relaxing)
 .debug_str     0x00000328       0x40 /usr/lib/gcc/msp430/4.5.3/../../../../msp430/lib/mmpy-16/libc.a(printf.o)
                                0x101 (size before relaxing)
 .debug_str     0x00000368      0x16a /usr/lib/gcc/msp430/4.5.3/../../../../msp430/lib/mmpy-16/libc.a(vuprintf.o)
                                0x25d (size before relaxing)
 .debug_str     0x000004d2       0x15 /usr/lib/gcc/msp430/4.5.3/../../../../msp430/lib/mmpy-16/libc.a(puts.o)
                                 0xc7 (size before relaxing)
 .debug_str     0x000004e7       0x2f /usr/lib/gcc/msp430/4.5.3/../../../../msp430/lib/mmpy-16/libc.a(rand.o)
                                 0xe6 (size before relaxing)

.debug_loc      0x00000000      0xdc0
 *(.debug_loc)
 .debug_loc     0x00000000      0x266 /usr/lib/gcc/msp430/4.5.3/mmpy-16/libgcc.a(_mul_sf.o)
 .debug_loc     0x00000266       0x77 /usr/lib/gcc/msp430/4.5.3/mmpy-16/libgcc.a(_si_to_sf.o)
 .debug_loc     0x000002dd       0x3c /usr/lib/gcc/msp430/4.5.3/mmpy-16/libgcc.a(_sf_to_si.o)
 .debug_loc     0x00000319       0x58 /usr/lib/gcc/msp430/4.5.3/mmpy-16/libgcc.a(_clzsi2.o)
 .debug_loc     0x00000371      0x18a /usr/lib/gcc/msp430/4.5.3/mmpy-16/libgcc.a(_pack_sf.o)
 .debug_loc     0x000004fb       0xc5 /usr/lib/gcc/msp430/4.5.3/mmpy-16/libgcc.a(_unpack_sf.o)
 .debug_loc     0x000005c0      0x1d6 /usr/lib/gcc/msp430/4.5.3/../../../../msp430/lib/mmpy-16/libc.a(memcpy.o)
 .debug_loc     0x00000796       0xeb /usr/lib/gcc/msp430/4.5.3/../../../../msp430/lib/mmpy-16/libc.a(memset.o)
 .debug_loc     0x00000881       0x24 /usr/lib/gcc/msp430/4.5.3/../../../../msp430/lib/mmpy-16/libc.a(printf.o)
 .debug_loc     0x000008a5      0x49c /usr/lib/gcc/msp430/4.5.3/../../../../msp430/lib/mmpy-16/libc.a(vuprintf.o)
 .debug_loc     0x00000d41       0x2d /usr/lib/gcc/msp430/4.5.3/../../../../msp430/lib/mmpy-16/libc.a(puts.o)
 .debug_loc     0x00000d6e       0x52 /usr/lib/gcc/msp430/4.5.3/../../../../msp430/lib/mmpy-16/libc.a(rand.o)

.debug_macinfo
 *(.debug_macinfo)

.debug_pubtypes
                0x00000000      0x452
 *(.debug_pubtypes)
 .debug_pubtypes
                0x00000000       0x86 /usr/lib/gcc/msp430/4.5.3/mmpy-16/libgcc.a(_mul_sf.o)
 .debug_pubtypes
                0x00000086       0x7e /usr/lib/gcc/msp430/4.5.3/mmpy-16/libgcc.a(_si_to_sf.o)
 .debug_pubtypes
                0x00000104       0x91 /usr/lib/gcc/msp430/4.5.3/mmpy-16/libgcc.a(_sf_to_si.o)
 .debug_pubtypes
                0x00000195       0x5b /usr/lib/gcc/msp430/4.5.3/mmpy-16/libgcc.a(_thenan_sf.o)
 .debug_pubtypes
                0x000001f0       0x1e /usr/lib/gcc/msp430/4.5.3/mmpy-16/libgcc.a(_clz.o)
 .debug_pubtypes
                0x0000020e       0x35 /usr/lib/gcc/msp430/4.5.3/mmpy-16/libgcc.a(_clzsi2.o)
 .debug_pubtypes
                0x00000243       0x86 /usr/lib/gcc/msp430/4.5.3/mmpy-16/libgcc.a(_pack_sf.o)
 .debug_pubtypes
                0x000002c9       0x86 /usr/lib/gcc/msp430/4.5.3/mmpy-16/libgcc.a(_unpack_sf.o)
 .debug_pubtypes
                0x0000034f       0x26 /usr/lib/gcc/msp430/4.5.3/../../../../msp430/lib/mmpy-16/libc.a(memcpy.o)
 .debug_pubtypes
                0x00000375       0x32 /usr/lib/gcc/msp430/4.5.3/../../../../msp430/lib/mmpy-16/libc.a(memset.o)
 .debug_pubtypes
                0x000003a7       0x31 /usr/lib/gcc/msp430/4.5.3/../../../../msp430/lib/mmpy-16/libc.a(printf.o)
 .debug_pubtypes
                0x000003d8       0x56 /usr/lib/gcc/msp430/4.5.3/../../../../msp430/lib/mmpy-16/libc.a(vuprintf.o)
 .debug_pubtypes
                0x0000042e       0x12 /usr/lib/gcc/msp430/4.5.3/../../../../msp430/lib/mmpy-16/libc.a(puts.o)
 .debug_pubtypes
                0x00000440       0x12 /usr/lib/gcc/msp430/4.5.3/../../../../msp430/lib/mmpy-16/libc.a(rand.o)

.debug_ranges   0x00000000       0x68
 *(.debug_ranges)
 .debug_ranges  0x00000000       0x28 /usr/lib/gcc/msp430/4.5.3/mmpy-16/libgcc.a(_mul_sf.o)
 .debug_ranges  0x00000028       0x10 /usr/lib/gcc/msp430/4.5.3/mmpy-16/libgcc.a(_si_to_sf.o)
 .debug_ranges  0x00000038        0xc /usr/lib/gcc/msp430/4.5.3/mmpy-16/libgcc.a(_clzsi2.o)
 .debug_ranges  0x00000044       0x18 /usr/lib/gcc/msp430/4.5.3/mmpy-16/libgcc.a(_pack_sf.o)
 .debug_ranges  0x0000005c        0xc /usr/lib/gcc/msp430/4.5.3/../../../../msp430/lib/mmpy-16/libc.a(vuprintf.o)
                0x00003900                PROVIDE (__stack, (ORIGIN (ram) + 0x2800))
                0x0000833c                PROVIDE (__data_start_rom, _etext)
                0x00008396                PROVIDE (__data_end_rom, (_etext + SIZEOF (.data)))
OUTPUT(example-broadcast.sky elf32-msp430)
