Archive member included to satisfy reference by file (symbol)

contiki-srf06-cc26xx.a(contiki-main.o)
                              obj_srf06-cc26xx/startup_gcc.o (main)
contiki-srf06-cc26xx.a(leds.o)
                              contiki-srf06-cc26xx.a(contiki-main.o) (leds_on)
contiki-srf06-cc26xx.a(board.o)
                              contiki-srf06-cc26xx.a(contiki-main.o) (board_init)
contiki-srf06-cc26xx.a(leds-arch.o)
                              contiki-srf06-cc26xx.a(leds.o) (leds_arch_init)
contiki-srf06-cc26xx.a(clock.o)
                              contiki-srf06-cc26xx.a(contiki-main.o) (clock_init)
contiki-srf06-cc26xx.a(soc-rtc.o)
                              contiki-srf06-cc26xx.a(contiki-main.o) (soc_rtc_init)
contiki-srf06-cc26xx.a(contiki-watchdo)
                              contiki-srf06-cc26xx.a(contiki-main.o) (watchdog_init)
contiki-srf06-cc26xx.a(putchar.o)
                              contiki-srf06-cc26xx.a(contiki-main.o) (putchar)
contiki-srf06-cc26xx.a(ieee-addr.o)
                              contiki-srf06-cc26xx.a(contiki-main.o) (ieee_addr_cpy_to)
contiki-srf06-cc26xx.a(cc26xx-uart.o)
                              contiki-srf06-cc26xx.a(contiki-main.o) (cc26xx_uart_init)
contiki-srf06-cc26xx.a(lpm.o)
                              contiki-srf06-cc26xx.a(contiki-main.o) (lpm_drop)
contiki-srf06-cc26xx.a(gpio-interrupt.)
                              contiki-srf06-cc26xx.a(contiki-main.o) (gpio_interrupt_init)
contiki-srf06-cc26xx.a(oscillators.o)
                              contiki-srf06-cc26xx.a(contiki-main.o) (oscillators_select_lf_xosc)
contiki-srf06-cc26xx.a(ieee-mode.o)
                              contiki-srf06-cc26xx.a(contiki-main.o) (ieee_mode_driver)
contiki-srf06-cc26xx.a(dbg-printf.o)
                              contiki-srf06-cc26xx.a(contiki-main.o) (printf)
contiki-srf06-cc26xx.a(strformat.o)
                              contiki-srf06-cc26xx.a(dbg-printf.o) (format_str_v)
contiki-srf06-cc26xx.a(rtimer.o)
                              contiki-srf06-cc26xx.a(contiki-main.o) (rtimer_init)
contiki-srf06-cc26xx.a(process.o)
                              contiki-srf06-cc26xx.a(contiki-main.o) (process_init)
contiki-srf06-cc26xx.a(etimer.o)
                              contiki-srf06-cc26xx.a(clock.o) (etimer_request_poll)
contiki-srf06-cc26xx.a(ctimer.o)
                              contiki-srf06-cc26xx.a(contiki-main.o) (ctimer_init)
contiki-srf06-cc26xx.a(energest.o)
                              contiki-srf06-cc26xx.a(contiki-main.o) (energest_init)
contiki-srf06-cc26xx.a(autostart.o)
                              contiki-srf06-cc26xx.a(contiki-main.o) (autostart_start)
contiki-srf06-cc26xx.a(serial-line.o)
                              contiki-srf06-cc26xx.a(contiki-main.o) (serial_line_init)
contiki-srf06-cc26xx.a(ringbuf.o)
                              contiki-srf06-cc26xx.a(serial-line.o) (ringbuf_init)
contiki-srf06-cc26xx.a(random.o)
                              contiki-srf06-cc26xx.a(contiki-main.o) (random_init)
contiki-srf06-cc26xx.a(list.o)
                              contiki-srf06-cc26xx.a(lpm.o) (list_init)
contiki-srf06-cc26xx.a(device-module-c)
                              module-cc2630-example.co (device_module_open)
contiki-srf06-cc26xx.a(ftsp.o)
                              contiki-srf06-cc26xx.a(device-module-c) (get_global_time)
contiki-srf06-cc26xx.a(broadcast.o)
                              contiki-srf06-cc26xx.a(device-module-c) (broadcast_open)
contiki-srf06-cc26xx.a(channel.o)
                              contiki-srf06-cc26xx.a(ftsp.o) (channel_set_attributes)
contiki-srf06-cc26xx.a(abc.o)
                              contiki-srf06-cc26xx.a(broadcast.o) (abc_open)
contiki-srf06-cc26xx.a(rime.o)
                              contiki-srf06-cc26xx.a(abc.o) (rime_output)
contiki-srf06-cc26xx.a(osc.o)
                              contiki-srf06-cc26xx.a(oscillators.o) (NOROM_OSCClockSourceSet)
contiki-srf06-cc26xx.a(aon_rtc.o)
                              contiki-srf06-cc26xx.a(soc-rtc.o) (NOROM_AONRTCCurrentCompareValueGet)
contiki-srf06-cc26xx.a(aon_batmon.o)
                              contiki-srf06-cc26xx.a(osc.o) (AONBatMonTemperatureGetDegC)
contiki-srf06-cc26xx.a(pwr_ctrl.o)
                              contiki-srf06-cc26xx.a(lpm.o) (NOROM_PowerCtrlSourceSet)
contiki-srf06-cc26xx.a(cpu.o)
                              contiki-srf06-cc26xx.a(contiki-main.o) (NOROM_CPUcpsid)
contiki-srf06-cc26xx.a(sys_ctrl.o)
                              contiki-srf06-cc26xx.a(lpm.o) (SysCtrlSetRechargeBeforePowerDown)
contiki-srf06-cc26xx.a(ddi.o)
                              contiki-srf06-cc26xx.a(oscillators.o) (NOROM_DDI16BitfieldWrite)
contiki-srf06-cc26xx.a(setup.o)
                              obj_srf06-cc26xx/startup_gcc.o (trimDevice)
contiki-srf06-cc26xx.a(linkaddr.o)
                              contiki-srf06-cc26xx.a(broadcast.o) (linkaddr_copy)
contiki-srf06-cc26xx.a(netstack.o)
[...]
Memory Configuration

Name             Origin             Length             Attributes
FLASH            0x00000000         0x0001ffa8         xr
FLASH_CCFG       0x0001ffa8         0x00000058         xr
SRAM             0x20000000         0x00005000         xrw
GPRAM            0x11000000         0x00002000         xrw
*default*        0x00000000         0xffffffff

Linker script and memory map

LOAD obj_srf06-cc26xx/fault-handlers.o
LOAD obj_srf06-cc26xx/ccfg.o
LOAD obj_srf06-cc26xx/startup_gcc.o
LOAD module-cc2630-example.co
LOAD contiki-srf06-cc26xx.a
LOAD c:/program files (x86)/gnu tools arm embedded/5.3 2016q1/bin/../lib/gcc/arm-none-eabi/5.3.1/../../../../arm-none-eabi/lib/armv7-m\libm.a
START GROUP
LOAD c:/program files (x86)/gnu tools arm embedded/5.3 2016q1/bin/../lib/gcc/arm-none-eabi/5.3.1/armv7-m\libgcc.a
LOAD c:/program files (x86)/gnu tools arm embedded/5.3 2016q1/bin/../lib/gcc/arm-none-eabi/5.3.1/../../../../arm-none-eabi/lib/armv7-m\libc.a
END GROUP
                0x20005000                _estack = (ORIGIN (SRAM) + LENGTH (SRAM))
                0x00000000                _Min_Heap_Size = 0x0
                0x00000100                _Min_Stack_Size = 0x100

.text           0x00000000     0x7088
                0x00000000                _text = .
 *(SORT(.vectors))
 .vectors       0x00000000       0xc8 obj_srf06-cc26xx/startup_gcc.o
                0x00000000                gVectors
 *(SORT(.text*))
 .text.FaultISR
                0x000000c8       0x18 obj_srf06-cc26xx/fault-handlers.o
                0x000000c8                FaultISR
 .text.NmiSRHandler
                0x000000e0        0x4 obj_srf06-cc26xx/startup_gcc.o
                0x000000e0                NmiSR
 .text.IntDefaultHandler
                0x000000e4        0x4 obj_srf06-cc26xx/startup_gcc.o
                0x000000e4                TRNGIntHandler
                0x000000e4                SSI0IntHandler
                0x000000e4                SWEvent0IntHandler
                0x000000e4                uDMAIntHandler
                0x000000e4                WatchdogIntHandler
                0x000000e4                RFCHardwareIntHandler
                0x000000e4                Timer1BIntHandler
                0x000000e4                I2SIntHandler
                0x000000e4                Timer2BIntHandler
                0x000000e4                Timer2AIntHandler
                0x000000e4                Timer1AIntHandler
                0x000000e4                AONIntHandler
                0x000000e4                AUXSWEvent0IntHandler
                0x000000e4                AUXADCIntHandler
                0x000000e4                PendSVIntHandler
                0x000000e4                AUXSWEvent1IntHandler
                0x000000e4                SVCallIntHandler
                0x000000e4                MPUFaultIntHandler
                0x000000e4                SysTickIntHandler
                0x000000e4                BusFaultIntHandler
                0x000000e4                AONProgIntHandler
                0x000000e4                AUXCompAIntHandler
                0x000000e4                SSI1IntHandler
                0x000000e4                FlashIntHandler
                0x000000e4                uDMAErrIntHandler
                0x000000e4                UsageFaultIntHandler
                0x000000e4                RFCCmdAckIntHandler
                0x000000e4                CryptoIntHandler
                0x000000e4                Timer0AIntHandler
                0x000000e4                I2CIntHandler
                0x000000e4                DebugMonIntHandler
                0x000000e4                Timer0BIntHandler
                0x000000e4                AUXCombEventIntHandler
                0x000000e4                Timer3AIntHandler
                0x000000e4                DynProgIntHandler
                0x000000e4                Timer3BIntHandler
 .text.ResetISR
                0x000000e8       0x5c obj_srf06-cc26xx/startup_gcc.o
                0x000000e8                ResetISR
 .text.process_thread_device_process
                0x00000144       0x34 module-cc2630-example.co
 .text.fade     0x00000178       0x64 contiki-srf06-cc26xx.a(contiki-main.o)
 .text.configure_bootloader
                0x000001dc       0x28 contiki-srf06-cc26xx.a(contiki-main.o)
                0x000001dc                configure_bootloader
 .text.startup.main
                0x00000204      0x1bc contiki-srf06-cc26xx.a(contiki-main.o)
                0x00000204                main
 .text.leds_blink
                0x000003c0       0x30 contiki-srf06-cc26xx.a(leds.o)
                0x000003c0                leds_blink
 .text.leds_on  0x000003f0       0x14 contiki-srf06-cc26xx.a(leds.o)
                0x000003f0                leds_on
 .text.leds_off
                0x00000404       0x14 contiki-srf06-cc26xx.a(leds.o)
                0x00000404                leds_off
 .text.leds_toggle
                0x00000418       0x14 contiki-srf06-cc26xx.a(leds.o)
                0x00000418                leds_toggle
 .text.lpm_handler
                0x0000042c       0x34 contiki-srf06-cc26xx.a(board.o)
 .text.wakeup_handler
                0x00000460       0x20 contiki-srf06-cc26xx.a(board.o)
 .text.board_init
                0x00000480       0x70 contiki-srf06-cc26xx.a(board.o)
                0x00000480                board_init
 .text.leds_arch_set
                0x000004f0       0x48 contiki-srf06-cc26xx.a(leds-arch.o)
                0x000004f0                leds_arch_set
 .text.power_domain_on
                0x00000538       0x20 contiki-srf06-cc26xx.a(clock.o)
 .text.clock_init
                0x00000558       0x90 contiki-srf06-cc26xx.a(clock.o)
                0x00000558                clock_init
 .text.clock_time
                0x000005e8       0x34 contiki-srf06-cc26xx.a(clock.o)
                0x000005e8                clock_time
 .text.clock_update
                0x0000061c       0x3c contiki-srf06-cc26xx.a(clock.o)
                0x0000061c                clock_update
 .text.clock_delay_usec
                0x00000658       0x84 contiki-srf06-cc26xx.a(clock.o)
                0x00000658                clock_delay_usec
 .text.clock_delay
                0x000006dc        0x8 contiki-srf06-cc26xx.a(clock.o)
                0x000006dc                clock_delay
 .text.soc_rtc_init
                0x000006e4       0x94 contiki-srf06-cc26xx.a(soc-rtc.o)
                0x000006e4                soc_rtc_init
 .text.soc_rtc_get_next_trigger
                0x00000778       0x28 contiki-srf06-cc26xx.a(soc-rtc.o)
                0x00000778                soc_rtc_get_next_trigger
 .text.soc_rtc_schedule_one_shot
                0x000007a0       0x4c contiki-srf06-cc26xx.a(soc-rtc.o)
                0x000007a0                soc_rtc_schedule_one_shot
 .text.soc_rtc_last_isr_time
                0x000007ec        0xc contiki-srf06-cc26xx.a(soc-rtc.o)
                0x000007ec                soc_rtc_last_isr_time
 .text.AONRTCIntHandler
                0x000007f8       0x68 contiki-srf06-cc26xx.a(soc-rtc.o)
                0x000007f8                AONRTCIntHandler
 .text.lock_config
                0x00000860       0x18 contiki-srf06-cc26xx.a(contiki-watchdo)
 .text.unlock_config
                0x00000878       0x2c contiki-srf06-cc26xx.a(contiki-watchdo)
 .text.watchdog_init
                0x000008a4       0x1c contiki-srf06-cc26xx.a(contiki-watchdo)
                0x000008a4                watchdog_init
 .text.watchdog_start
                0x000008c0       0x30 contiki-srf06-cc26xx.a(contiki-watchdo)
                0x000008c0                watchdog_start
 .text.watchdog_periodic
                0x000008f0       0x1c contiki-srf06-cc26xx.a(contiki-watchdo)
                0x000008f0                watchdog_periodic
 .text.putchar  0x0000090c       0x10 contiki-srf06-cc26xx.a(putchar.o)
                0x0000090c                putchar
 .text.puts     0x0000091c       0x30 contiki-srf06-cc26xx.a(putchar.o)
                0x0000091c                puts
 .text.dbg_send_bytes
                0x0000094c       0x40 contiki-srf06-cc26xx.a(putchar.o)
                0x0000094c                dbg_send_bytes
 .text.ieee_addr_cpy_to
                0x0000098c       0x40 contiki-srf06-cc26xx.a(ieee-addr.o)
                0x0000098c                ieee_addr_cpy_to
 .text.power_and_clock
                0x000009cc       0x40 contiki-srf06-cc26xx.a(cc26xx-uart.o)
 .text.enable   0x00000a0c       0xf0 contiki-srf06-cc26xx.a(cc26xx-uart.o)
 .text.accessible
                0x00000afc       0x24 contiki-srf06-cc26xx.a(cc26xx-uart.o)
 .text.lpm_drop_handler
                0x00000b20       0xcc contiki-srf06-cc26xx.a(cc26xx-uart.o)
 .text.cc26xx_uart_init
                0x00000bec       0x28 contiki-srf06-cc26xx.a(cc26xx-uart.o)
                0x00000bec                cc26xx_uart_init
 .text.cc26xx_uart_write_byte
                0x00000c14       0x28 contiki-srf06-cc26xx.a(cc26xx-uart.o)
                0x00000c14                cc26xx_uart_write_byte
 .text.cc26xx_uart_set_input
                0x00000c3c       0x64 contiki-srf06-cc26xx.a(cc26xx-uart.o)
                0x00000c3c                cc26xx_uart_set_input
 .text.cc26xx_uart_busy
                0x00000ca0       0x18 contiki-srf06-cc26xx.a(cc26xx-uart.o)
                0x00000ca0                cc26xx_uart_busy
 .text.UART0IntHandler
                0x00000cb8       0x54 contiki-srf06-cc26xx.a(cc26xx-uart.o)
                0x00000cb8                UART0IntHandler
 .text.lpm_drop
                0x00000d0c      0x22c contiki-srf06-cc26xx.a(lpm.o)
                0x00000d0c                lpm_drop
 .text.lpm_sleep
                0x00000f38       0x14 contiki-srf06-cc26xx.a(lpm.o)
                0x00000f38                lpm_sleep
 .text.lpm_register_module
                0x00000f4c        0xc contiki-srf06-cc26xx.a(lpm.o)
                0x00000f4c                lpm_register_module
 .text.lpm_init
                0x00000f58       0x20 contiki-srf06-cc26xx.a(lpm.o)
                0x00000f58                lpm_init
 .text.lpm_pin_set_default_state
                0x00000f78       0x30 contiki-srf06-cc26xx.a(lpm.o)
                0x00000f78                lpm_pin_set_default_state
 .text.gpio_interrupt_init
                0x00000fa8       0x24 contiki-srf06-cc26xx.a(gpio-interrupt.)
                0x00000fa8                gpio_interrupt_init
 .text.GPIOIntHandler
                0x00000fcc       0x30 contiki-srf06-cc26xx.a(gpio-interrupt.)
                0x00000fcc                GPIOIntHandler
 .text.oscillators_select_lf_xosc
                0x00000ffc       0x50 contiki-srf06-cc26xx.a(oscillators.o)
                0x00000ffc                oscillators_select_lf_xosc
 .text.oscillators_request_hf_xosc
                0x0000104c       0x30 contiki-srf06-cc26xx.a(oscillators.o)
                0x0000104c                oscillators_request_hf_xosc
 .text.oscillators_switch_to_hf_xosc
                0x0000107c       0x34 contiki-srf06-cc26xx.a(oscillators.o)
                0x0000107c                oscillators_switch_to_hf_xosc
 .text.oscillators_switch_to_hf_rc
                0x000010b0       0x38 contiki-srf06-cc26xx.a(oscillators.o)
                0x000010b0                oscillators_switch_to_hf_rc
 .text.request  0x000010e8       0x20 contiki-srf06-cc26xx.a(ieee-mode.o)
 .text.rx_on    0x00001108       0x60 contiki-srf06-cc26xx.a(ieee-mode.o)
 .text.rf_radio_setup
                0x00001168       0x74 contiki-srf06-cc26xx.a(ieee-mode.o)
 .text.soft_on  0x000011dc       0x18 contiki-srf06-cc26xx.a(ieee-mode.o)
 .text.pending_packet
                0x000011f4       0x34 contiki-srf06-cc26xx.a(ieee-mode.o)
 .text.prepare  0x00001228       0x1c contiki-srf06-cc26xx.a(ieee-mode.o)
 .text.read_frame
                0x00001244       0x58 contiki-srf06-cc26xx.a(ieee-mode.o)
 .text.soft_off
                0x0000129c       0x3c contiki-srf06-cc26xx.a(ieee-mode.o)
 .text.get_object
                0x000012d8       0x30 contiki-srf06-cc26xx.a(ieee-mode.o)
 .text.transmitting.part.1
                0x00001308       0x40 contiki-srf06-cc26xx.a(ieee-mode.o)
 .text.rx_off   0x00001348       0x64 contiki-srf06-cc26xx.a(ieee-mode.o)
 .text.get_cca_info
                0x000013ac       0x44 contiki-srf06-cc26xx.a(ieee-mode.o)
 .text.off.part.4
                0x000013f0       0x4c contiki-srf06-cc26xx.a(ieee-mode.o)
 .text.off      0x0000143c       0x14 contiki-srf06-cc26xx.a(ieee-mode.o)
 .text.receiving_packet
                0x00001450       0x48 contiki-srf06-cc26xx.a(ieee-mode.o)
 .text.on       0x00001498       0x98 contiki-srf06-cc26xx.a(ieee-mode.o)
 .text.set_value
                0x00001530      0x168 contiki-srf06-cc26xx.a(ieee-mode.o)
 .text.get_value
                0x00001698      0x140 contiki-srf06-cc26xx.a(ieee-mode.o)
 .text.transmit
                0x000017d8       0xf8 contiki-srf06-cc26xx.a(ieee-mode.o)
 .text.send     0x000018d0       0x24 contiki-srf06-cc26xx.a(ieee-mode.o)
 .text.set_object
                0x000018f4       0x6c contiki-srf06-cc26xx.a(ieee-mode.o)
 .text.channel_clear
                0x00001960       0x84 contiki-srf06-cc26xx.a(ieee-mode.o)
 .text.init     0x000019e4       0xd0 contiki-srf06-cc26xx.a(ieee-mode.o)
 .text.write_str
                0x00001ab4       0x14 contiki-srf06-cc26xx.a(dbg-printf.o)
 .text.printf   0x00001ac8       0x24 contiki-srf06-cc26xx.a(dbg-printf.o)
                0x00001ac8                printf
 .text.fill_space
                0x00001aec       0x3c contiki-srf06-cc26xx.a(strformat.o)
 .text.format_str_v
                0x00001b28      0x95c contiki-srf06-cc26xx.a(strformat.o)
                0x00001b28                format_str_v
 .text.rtimer_init
                0x00002484        0x4 contiki-srf06-cc26xx.a(rtimer.o)
                0x00002484                rtimer_init
 .text.rtimer_run_next
                0x00002488       0x28 contiki-srf06-cc26xx.a(rtimer.o)
                0x00002488                rtimer_run_next
 .text.exit_process
                0x000024b0       0xb0 contiki-srf06-cc26xx.a(process.o)
 .text.call_process.part.0
                0x00002560       0x38 contiki-srf06-cc26xx.a(process.o)
 .text.do_poll  0x00002598       0x3c contiki-srf06-cc26xx.a(process.o)
 .text.process_alloc_event
                0x000025d4       0x10 contiki-srf06-cc26xx.a(process.o)
                0x000025d4                process_alloc_event
 .text.process_init
                0x000025e4       0x34 contiki-srf06-cc26xx.a(process.o)
                0x000025e4                process_init
 .text.process_run
                0x00002618       0xac contiki-srf06-cc26xx.a(process.o)
                0x00002618                process_run
 .text.process_nevents
                0x000026c4       0x14 contiki-srf06-cc26xx.a(process.o)
                0x000026c4                process_nevents
 .text.process_post
                0x000026d8       0x40 contiki-srf06-cc26xx.a(process.o)
                0x000026d8                process_post
 .text.process_post_synch
                0x00002718       0x18 contiki-srf06-cc26xx.a(process.o)
                0x00002718                process_post_synch
 .text.process_start
                0x00002730       0x40 contiki-srf06-cc26xx.a(process.o)
                0x00002730                process_start
 .text.process_poll
                0x00002770       0x18 contiki-srf06-cc26xx.a(process.o)
                0x00002770                process_poll
 .text.update_time
                0x00002788       0x44 contiki-srf06-cc26xx.a(etimer.o)
 .text.process_thread_etimer_process
                0x000027cc       0xc8 contiki-srf06-cc26xx.a(etimer.o)
 .text.add_timer
                0x00002894       0x54 contiki-srf06-cc26xx.a(etimer.o)
 .text.etimer_request_poll
                0x000028e8        0xc contiki-srf06-cc26xx.a(etimer.o)
                0x000028e8                etimer_request_poll
 .text.etimer_set
                0x000028f4       0x14 contiki-srf06-cc26xx.a(etimer.o)
                0x000028f4                etimer_set
 .text.etimer_reset
                0x00002908       0x14 contiki-srf06-cc26xx.a(etimer.o)
                0x00002908                etimer_reset
 .text.etimer_expired
                0x0000291c        0xc contiki-srf06-cc26xx.a(etimer.o)
                0x0000291c                etimer_expired
 .text.etimer_pending
                0x00002928       0x10 contiki-srf06-cc26xx.a(etimer.o)
                0x00002928                etimer_pending
 .text.etimer_next_expiration_time
                0x00002938       0x14 contiki-srf06-cc26xx.a(etimer.o)
                0x00002938                etimer_next_expiration_time
 .text.etimer_stop
                0x0000294c       0x4c contiki-srf06-cc26xx.a(etimer.o)
                0x0000294c                etimer_stop
 .text.process_thread_ctimer_process
                0x00002998       0x94 contiki-srf06-cc26xx.a(ctimer.o)
 .text.ctimer_init
                0x00002a2c       0x28 contiki-srf06-cc26xx.a(ctimer.o)
                0x00002a2c                ctimer_init
 .text.ctimer_set_with_process
                0x00002a54       0x4c contiki-srf06-cc26xx.a(ctimer.o)
                0x00002a54                ctimer_set_with_process
 .text.ctimer_set
                0x00002aa0       0x18 contiki-srf06-cc26xx.a(ctimer.o)
                0x00002aa0                ctimer_set
 .text.ctimer_reset
                0x00002ab8       0x38 contiki-srf06-cc26xx.a(ctimer.o)
                0x00002ab8                ctimer_reset
 .text.ctimer_stop
                0x00002af0       0x34 contiki-srf06-cc26xx.a(ctimer.o)
                0x00002af0                ctimer_stop
 .text.energest_init
                0x00002b24        0x4 contiki-srf06-cc26xx.a(energest.o)
                0x00002b24                energest_init
 .text.autostart_start
                0x00002b28       0x18 contiki-srf06-cc26xx.a(autostart.o)
                0x00002b28                autostart_start
 .text.process_thread_serial_line_process
                0x00002b40       0xac contiki-srf06-cc26xx.a(serial-line.o)
 .text.serial_line_init
                0x00002bec       0x24 contiki-srf06-cc26xx.a(serial-line.o)
                0x00002bec                serial_line_init
 .text.ringbuf_init
                0x00002c10       0x10 contiki-srf06-cc26xx.a(ringbuf.o)
                0x00002c10                ringbuf_init
 .text.ringbuf_get
                0x00002c20       0x28 contiki-srf06-cc26xx.a(ringbuf.o)
                0x00002c20                ringbuf_get
 .text.random_init
                0x00002c48        0x4 contiki-srf06-cc26xx.a(random.o)
                0x00002c48                random_init
 .text.random_rand
                0x00002c4c        0xc contiki-srf06-cc26xx.a(random.o)
                0x00002c4c                random_rand
 .text.list_init
                0x00002c58        0x8 contiki-srf06-cc26xx.a(list.o)
                0x00002c58                list_init
 .text.list_head
                0x00002c60        0x4 contiki-srf06-cc26xx.a(list.o)
                0x00002c60                list_head
 .text.list_add
                0x00002c64       0x48 contiki-srf06-cc26xx.a(list.o)
                0x00002c64                list_add
 .text.list_remove
                0x00002cac       0x2c contiki-srf06-cc26xx.a(list.o)
                0x00002cac                list_remove
 .text.list_item_next
                0x00002cd8        0x8 contiki-srf06-cc26xx.a(list.o)
                0x00002cd8                list_item_next
 .text.process_thread_MW_check_process
                0x00002ce0      0x1a4 contiki-srf06-cc26xx.a(device-module-c)
 .text.device_module_set_period_first
                0x00002e84       0x18 contiki-srf06-cc26xx.a(device-module-c)
                0x00002e84                device_module_set_period_first
 .text.broadcast_recv
                0x00002e9c       0x4c contiki-srf06-cc26xx.a(device-module-c)
 .text.device_module_HD_send_status_to_PMS_diretly
                0x00002ee8       0x3c contiki-srf06-cc26xx.a(device-module-c)
                0x00002ee8                device_module_HD_send_status_to_PMS_diretly
 .text.device_module_set_period_general
                0x00002f24      0x154 contiki-srf06-cc26xx.a(device-module-c)
                0x00002f24                device_module_set_period_general
 .text.device_module_open
                0x00003078       0x78 contiki-srf06-cc26xx.a(device-module-c)
                0x00003078                device_module_open
 .text.ftsp_sent
                0x000030f0        0x4 contiki-srf06-cc26xx.a(ftsp.o)
 .text.ftsp_recv
                0x000030f4       0xcc contiki-srf06-cc26xx.a(ftsp.o)
 .text.get_global_time
                0x000031c0       0x34 contiki-srf06-cc26xx.a(ftsp.o)
                0x000031c0                get_global_time
 .text.process_thread_ftsp_send_process
                0x000031f4       0xe0 contiki-srf06-cc26xx.a(ftsp.o)
 .text.get_global_time_departure
                0x000032d4       0x3c contiki-srf06-cc26xx.a(ftsp.o)
                0x000032d4                get_global_time_departure
 .text.calculate_conversion
                0x00003310      0x1d4 contiki-srf06-cc26xx.a(ftsp.o)
                0x00003310                calculate_conversion
 .text.add_new_entry
                0x000034e4      0x1ec contiki-srf06-cc26xx.a(ftsp.o)
                0x000034e4                add_new_entry
 .text.process_msg
                0x000036d0       0x74 contiki-srf06-cc26xx.a(ftsp.o)
                0x000036d0                process_msg
 .text.process_thread_ftsp_msg_process
                0x00003744       0x5c contiki-srf06-cc26xx.a(ftsp.o)
 .text.ftsp_init
                0x000037a0       0xa4 contiki-srf06-cc26xx.a(ftsp.o)
                0x000037a0                ftsp_init
 .text.msg_send
                0x00003844       0xa8 contiki-srf06-cc26xx.a(ftsp.o)
                0x00003844                msg_send
 .text.process_thread_ftsp_process
                0x000038ec       0xb8 contiki-srf06-cc26xx.a(ftsp.o)
 .text.ftsp_reset_seqNum
                0x000039a4        0xc contiki-srf06-cc26xx.a(ftsp.o)
                0x000039a4                ftsp_reset_seqNum
 .text.ftsp_set_mode
                0x000039b0       0x24 contiki-srf06-cc26xx.a(ftsp.o)
                0x000039b0                ftsp_set_mode
 .text.sent_by_abc
                0x000039d4        0xc contiki-srf06-cc26xx.a(broadcast.o)
 .text.recv_from_abc
                0x000039e0       0x24 contiki-srf06-cc26xx.a(broadcast.o)
 .text.broadcast_open
                0x00003a04       0x24 contiki-srf06-cc26xx.a(broadcast.o)
                0x00003a04                broadcast_open
 .text.broadcast_close
                0x00003a28        0x4 contiki-srf06-cc26xx.a(broadcast.o)
                0x00003a28                broadcast_close
 .text.broadcast_send
                0x00003a2c       0x1c contiki-srf06-cc26xx.a(broadcast.o)
                0x00003a2c                broadcast_send
 .text.channel_init
                0x00003a48        0xc contiki-srf06-cc26xx.a(channel.o)
                0x00003a48                channel_init
 .text.channel_open
                0x00003a54       0x10 contiki-srf06-cc26xx.a(channel.o)
                0x00003a54                channel_open
 .text.channel_close
                0x00003a64        0xc contiki-srf06-cc26xx.a(channel.o)
                0x00003a64                channel_close
 .text.channel_lookup
                0x00003a70       0x30 contiki-srf06-cc26xx.a(channel.o)
                0x00003a70                channel_lookup
 .text.channel_set_attributes
                0x00003aa0       0x18 contiki-srf06-cc26xx.a(channel.o)
                0x00003aa0                channel_set_attributes
 .text.abc_open
                0x00003ab8       0x20 contiki-srf06-cc26xx.a(abc.o)
                0x00003ab8                abc_open
 .text.abc_close
                0x00003ad8        0x4 contiki-srf06-cc26xx.a(abc.o)
                0x00003ad8                abc_close
 .text.abc_send
                0x00003adc        0x4 contiki-srf06-cc26xx.a(abc.o)
                0x00003adc                abc_send
 .text.abc_input
                0x00003ae0        0xc contiki-srf06-cc26xx.a(abc.o)
                0x00003ae0                abc_input
 .text.abc_sent
                0x00003aec        0xc contiki-srf06-cc26xx.a(abc.o)
                0x00003aec                abc_sent
 .text.packet_sent
                0x00003af8       0x38 contiki-srf06-cc26xx.a(rime.o)
 .text.input    0x00003b30       0x38 contiki-srf06-cc26xx.a(rime.o)
 .text.init     0x00003b68       0x28 contiki-srf06-cc26xx.a(rime.o)
 .text.rime_output
                0x00003b90       0x24 contiki-srf06-cc26xx.a(rime.o)
                0x00003b90                rime_output
 .text.NOROM_OSCClockSourceSet
                0x00003bb4       0x50 contiki-srf06-cc26xx.a(osc.o)
                0x00003bb4                NOROM_OSCClockSourceSet
 .text.NOROM_OSCClockSourceGet
                0x00003c04       0x24 contiki-srf06-cc26xx.a(osc.o)
                0x00003c04                NOROM_OSCClockSourceGet
 .text.NOROM_AONRTCCurrentCompareValueGet
                0x00003c28       0x24 contiki-srf06-cc26xx.a(aon_rtc.o)
                0x00003c28                NOROM_AONRTCCurrentCompareValueGet
 .text.AONBatMonTemperatureGetDegC
                0x00003c4c       0x30 contiki-srf06-cc26xx.a(aon_batmon.o)
                0x00003c4c                AONBatMonTemperatureGetDegC
 .text.NOROM_PowerCtrlSourceSet
                0x00003c7c       0x30 contiki-srf06-cc26xx.a(pwr_ctrl.o)
                0x00003c7c                NOROM_PowerCtrlSourceSet
 .text.NOROM_CPUcpsid
                0x00003cac        0x8 contiki-srf06-cc26xx.a(cpu.o)
                0x00003cac                NOROM_CPUcpsid
 .text.NOROM_CPUcpsie
                0x00003cb4        0x8 contiki-srf06-cc26xx.a(cpu.o)
                0x00003cb4                NOROM_CPUcpsie
 .text.SysCtrlSetRechargeBeforePowerDown
                0x00003cbc      0x1e8 contiki-srf06-cc26xx.a(sys_ctrl.o)
                0x00003cbc                SysCtrlSetRechargeBeforePowerDown
 .text.SysCtrlAdjustRechargeAfterPowerDown
                0x00003ea4       0x64 contiki-srf06-cc26xx.a(sys_ctrl.o)
                0x00003ea4                SysCtrlAdjustRechargeAfterPowerDown
 .text.SysCtrl_DCDC_VoltageConditionalControl
                0x00003f08       0x78 contiki-srf06-cc26xx.a(sys_ctrl.o)
                0x00003f08                SysCtrl_DCDC_VoltageConditionalControl
 .text.NOROM_DDI16BitfieldWrite
                0x00003f80       0x4c contiki-srf06-cc26xx.a(ddi.o)
                0x00003f80                NOROM_DDI16BitfieldWrite
 .text.NOROM_DDI16BitfieldRead
                0x00003fcc       0x48 contiki-srf06-cc26xx.a(ddi.o)
                0x00003fcc                NOROM_DDI16BitfieldRead
 .text.HapiTrimDeviceShutDown
                0x00004014      0x4f4 contiki-srf06-cc26xx.a(setup.o)
 .text.trimDevice
                0x00004508       0xfc contiki-srf06-cc26xx.a(setup.o)
                0x00004508                trimDevice
 .text.linkaddr_copy
                0x00004604        0x8 contiki-srf06-cc26xx.a(linkaddr.o)
                0x00004604                linkaddr_copy
 .text.linkaddr_cmp
                0x0000460c       0x10 contiki-srf06-cc26xx.a(linkaddr.o)
                0x0000460c                linkaddr_cmp
 .text.netstack_init
                0x0000461c       0x38 contiki-srf06-cc26xx.a(netstack.o)
                0x0000461c                netstack_init
 .text.packetbuf_compact
                0x00004654       0x4c contiki-srf06-cc26xx.a(packetbuf.o)
                0x00004654                packetbuf_compact
 .text.packetbuf_copyto
                0x000046a0       0x50 contiki-srf06-cc26xx.a(packetbuf.o)
                0x000046a0                packetbuf_copyto
 .text.packetbuf_hdralloc
                0x000046f0       0x58 contiki-srf06-cc26xx.a(packetbuf.o)
                0x000046f0                packetbuf_hdralloc
 .text.packetbuf_hdrreduce
                0x00004748       0x2c contiki-srf06-cc26xx.a(packetbuf.o)
                0x00004748                packetbuf_hdrreduce
 .text.packetbuf_set_datalen
                0x00004774        0xc contiki-srf06-cc26xx.a(packetbuf.o)
                0x00004774                packetbuf_set_datalen
 .text.packetbuf_dataptr
                0x00004780       0x20 contiki-srf06-cc26xx.a(packetbuf.o)
                0x00004780                packetbuf_dataptr
 .text.packetbuf_hdrptr
                0x000047a0        0x8 contiki-srf06-cc26xx.a(packetbuf.o)
                0x000047a0                packetbuf_hdrptr
 .text.packetbuf_datalen
                0x000047a8        0xc contiki-srf06-cc26xx.a(packetbuf.o)
                0x000047a8                packetbuf_datalen
 .text.packetbuf_totlen
                0x000047b4       0x24 contiki-srf06-cc26xx.a(packetbuf.o)
                0x000047b4                packetbuf_totlen
 .text.packetbuf_attr_clear
                0x000047d8       0x30 contiki-srf06-cc26xx.a(packetbuf.o)
                0x000047d8                packetbuf_attr_clear
 .text.packetbuf_clear
                0x00004808       0x20 contiki-srf06-cc26xx.a(packetbuf.o)
                0x00004808                packetbuf_clear
 .text.packetbuf_copyfrom
                0x00004828       0x40 contiki-srf06-cc26xx.a(packetbuf.o)
                0x00004828                packetbuf_copyfrom
 .text.packetbuf_attr_copyfrom
                0x00004868       0x3c contiki-srf06-cc26xx.a(packetbuf.o)
                0x00004868                packetbuf_attr_copyfrom
 .text.packetbuf_set_attr
                0x000048a4       0x10 contiki-srf06-cc26xx.a(packetbuf.o)
                0x000048a4                packetbuf_set_attr
 .text.packetbuf_attr
                0x000048b4        0xc contiki-srf06-cc26xx.a(packetbuf.o)
                0x000048b4                packetbuf_attr
 .text.packetbuf_set_addr
                0x000048c0       0x18 contiki-srf06-cc26xx.a(packetbuf.o)
                0x000048c0                packetbuf_set_addr
 .text.packetbuf_addr
                0x000048d8       0x10 contiki-srf06-cc26xx.a(packetbuf.o)
                0x000048d8                packetbuf_addr
 .text.queuebuf_init
                0x000048e8       0x1c contiki-srf06-cc26xx.a(queuebuf.o)
                0x000048e8                queuebuf_init
 .text.queuebuf_to_packetbuf
                0x00004904       0x30 contiki-srf06-cc26xx.a(queuebuf.o)
                0x00004904                queuebuf_to_packetbuf
 .text.on       0x00004934        0xc contiki-srf06-cc26xx.a(nullrdc.o)
 .text.channel_check_interval
                0x00004940        0x4 contiki-srf06-cc26xx.a(nullrdc.o)
 .text.init     0x00004944        0xc contiki-srf06-cc26xx.a(nullrdc.o)
 .text.send_one_packet
                0x00004950       0x70 contiki-srf06-cc26xx.a(nullrdc.o)
 .text.send_list
                0x000049c0       0x24 contiki-srf06-cc26xx.a(nullrdc.o)
 .text.send_packet
                0x000049e4        0x4 contiki-srf06-cc26xx.a(nullrdc.o)
 .text.off      0x000049e8       0x1c contiki-srf06-cc26xx.a(nullrdc.o)
 .text.packet_input
                0x00004a04       0x5c contiki-srf06-cc26xx.a(nullrdc.o)
 .text.nullRdc_HD_send_room_status_to_PMS
                0x00004a60      0x108 contiki-srf06-cc26xx.a(nullrdc.o)
                0x00004a60                nullRdc_HD_send_room_status_to_PMS
 .text.mac_call_sent_callback
                0x00004b68       0x10 contiki-srf06-cc26xx.a(mac.o)
                0x00004b68                mac_call_sent_callback
 .text.hdr_length
                0x00004b78        0x4 contiki-srf06-cc26xx.a(framer-nullmac.)
 .text.parse    0x00004b7c       0x2c contiki-srf06-cc26xx.a(framer-nullmac.)
 .text.create   0x00004ba8       0x34 contiki-srf06-cc26xx.a(framer-nullmac.)
 .text.mac_sequence_is_duplicate
                0x00004bdc       0x3c contiki-srf06-cc26xx.a(mac-sequence.o)
                0x00004bdc                mac_sequence_is_duplicate
 .text.mac_sequence_register_seqno
                0x00004c18       0x58 contiki-srf06-cc26xx.a(mac-sequence.o)
                0x00004c18                mac_sequence_register_seqno
 .text.send_packet
                0x00004c70        0xc contiki-srf06-cc26xx.a(nullmac.o)
 .text.on       0x00004c7c        0xc contiki-srf06-cc26xx.a(nullmac.o)
 .text.off      0x00004c88        0xc contiki-srf06-cc26xx.a(nullmac.o)
 .text.channel_check_interval
                0x00004c94        0x4 contiki-srf06-cc26xx.a(nullmac.o)
 .text.init     0x00004c98        0x4 contiki-srf06-cc26xx.a(nullmac.o)
 .text.packet_input
                0x00004c9c       0x1c contiki-srf06-cc26xx.a(nullmac.o)
 .text.init     0x00004cb8        0x4 contiki-srf06-cc26xx.a(nullsec.o)
 .text.input    0x00004cbc        0xc contiki-srf06-cc26xx.a(nullsec.o)
 .text.send     0x00004cc8       0x20 contiki-srf06-cc26xx.a(nullsec.o)
 .text.rtimer_arch_init
                0x00004ce8        0x4 contiki-srf06-cc26xx.a(rtimer-arch.o)
                0x00004ce8                rtimer_arch_init
 .text.rtimer_arch_schedule
                0x00004cec        0x8 contiki-srf06-cc26xx.a(rtimer-arch.o)
                0x00004cec                rtimer_arch_schedule
 .text.rtimer_arch_now
                0x00004cf4        0x4 contiki-srf06-cc26xx.a(rtimer-arch.o)
                0x00004cf4                rtimer_arch_now
 .text.aux_ctrl_power_up
                0x00004cf8       0x28 contiki-srf06-cc26xx.a(aux-ctrl.o)
                0x00004cf8                aux_ctrl_power_up
 .text.aux_ctrl_register_consumer
                0x00004d20       0x40 contiki-srf06-cc26xx.a(aux-ctrl.o)
                0x00004d20                aux_ctrl_register_consumer
 .text.aux_ctrl_power_down
                0x00004d60       0x6c contiki-srf06-cc26xx.a(aux-ctrl.o)
                0x00004d60                aux_ctrl_power_down
 .text.aux_ctrl_unregister_consumer
                0x00004dcc       0x28 contiki-srf06-cc26xx.a(aux-ctrl.o)
                0x00004dcc                aux_ctrl_unregister_consumer
 .text.cc26xx_adc_init
                0x00004df4       0x70 contiki-srf06-cc26xx.a(cc26xx_adc.o)
                0x00004df4                cc26xx_adc_init
 .text.cc26xx_adc_start_convert
                0x00004e64       0x14 contiki-srf06-cc26xx.a(cc26xx_adc.o)
                0x00004e64                cc26xx_adc_start_convert
 .text.cc26xx_get_adc_value
                0x00004e78        0xc contiki-srf06-cc26xx.a(cc26xx_adc.o)
                0x00004e78                cc26xx_get_adc_value
 .text.cc26xx_adc_stop
                0x00004e84       0x14 contiki-srf06-cc26xx.a(cc26xx_adc.o)
                0x00004e84                cc26xx_adc_stop
 .text.process_thread_rf_core_process
                0x00004e98       0x58 contiki-srf06-cc26xx.a(rf-core.o)
 .text.rf_core_is_accessible
                0x00004ef0       0x10 contiki-srf06-cc26xx.a(rf-core.o)
                0x00004ef0                rf_core_is_accessible
 .text.rf_core_send_cmd
                0x00004f00       0x94 contiki-srf06-cc26xx.a(rf-core.o)
                0x00004f00                rf_core_send_cmd
 .text.rf_core_wait_cmd_done
                0x00004f94       0x30 contiki-srf06-cc26xx.a(rf-core.o)
                0x00004f94                rf_core_wait_cmd_done
 .text.rf_core_power_up
                0x00004fc4       0xb4 contiki-srf06-cc26xx.a(rf-core.o)
                0x00004fc4                rf_core_power_up
 .text.rf_core_power_down
                0x00005078       0xe8 contiki-srf06-cc26xx.a(rf-core.o)
                0x00005078                rf_core_power_down
 .text.rf_core_set_modesel
                0x00005160       0x68 contiki-srf06-cc26xx.a(rf-core.o)
                0x00005160                rf_core_set_modesel
 .text.rf_core_boot
                0x000051c8       0x30 contiki-srf06-cc26xx.a(rf-core.o)
                0x000051c8                rf_core_boot
 .text.rf_core_setup_interrupts
                0x000051f8       0x6c contiki-srf06-cc26xx.a(rf-core.o)
                0x000051f8                rf_core_setup_interrupts
 .text.rf_core_cmd_done_en
                0x00005264       0x28 contiki-srf06-cc26xx.a(rf-core.o)
                0x00005264                rf_core_cmd_done_en
 .text.rf_core_cmd_done_dis
                0x0000528c       0x10 contiki-srf06-cc26xx.a(rf-core.o)
                0x0000528c                rf_core_cmd_done_dis
 .text.rf_core_get_last_radio_op
                0x0000529c        0xc contiki-srf06-cc26xx.a(rf-core.o)
                0x0000529c                rf_core_get_last_radio_op
 .text.rf_core_init_radio_op
                0x000052a8       0x1c contiki-srf06-cc26xx.a(rf-core.o)
                0x000052a8                rf_core_init_radio_op
 .text.rf_core_primary_mode_register
                0x000052c4        0xc contiki-srf06-cc26xx.a(rf-core.o)
                0x000052c4                rf_core_primary_mode_register
 .text.RFCCPE1IntHandler
                0x000052d0       0x28 contiki-srf06-cc26xx.a(rf-core.o)
                0x000052d0                RFCCPE1IntHandler
 .text.RFCCPE0IntHandler
                0x000052f8       0x68 contiki-srf06-cc26xx.a(rf-core.o)
                0x000052f8                RFCCPE0IntHandler
 .text.rf_ble_is_active
                0x00005360        0xc contiki-srf06-cc26xx.a(rf-ble.o)
                0x00005360                rf_ble_is_active
 .text.timer_set
                0x0000536c       0x10 contiki-srf06-cc26xx.a(timer.o)
                0x0000536c                timer_set
 .text.timer_reset
                0x0000537c        0xc contiki-srf06-cc26xx.a(timer.o)
                0x0000537c                timer_reset
 .text.timer_expired
                0x00005388       0x1c contiki-srf06-cc26xx.a(timer.o)
                0x00005388                timer_expired
 .text.memb_init
                0x000053a4       0x24 contiki-srf06-cc26xx.a(memb.o)
                0x000053a4                memb_init
 .text.memb_inmemb
                0x000053c8       0x1c contiki-srf06-cc26xx.a(memb.o)
                0x000053c8                memb_inmemb
 .text.ifft     0x000053e4      0x238 contiki-srf06-cc26xx.a(ifft.o)
                0x000053e4                ifft
 .text.announcement_init
                0x0000561c        0xc contiki-srf06-cc26xx.a(announcement.o)
                0x0000561c                announcement_init
 .text.announcement_register_observer_callback
                0x00005628        0xc contiki-srf06-cc26xx.a(announcement.o)
                0x00005628                announcement_register_observer_callback
 .text.announcement_list
                0x00005634        0xc contiki-srf06-cc26xx.a(announcement.o)
                0x00005634                announcement_list
 .text.announcement_heard
                0x00005640       0x3c contiki-srf06-cc26xx.a(announcement.o)
                0x00005640                announcement_heard
 .text.chameleon_init
                0x0000567c        0x4 contiki-srf06-cc26xx.a(chameleon.o)
                0x0000567c                chameleon_init
 .text.chameleon_parse
                0x00005680       0x1c contiki-srf06-cc26xx.a(chameleon.o)
                0x00005680                chameleon_parse
 .text.chameleon_create
                0x0000569c       0x20 contiki-srf06-cc26xx.a(chameleon.o)
                0x0000569c                chameleon_create
 .text.chameleon_hdrsize
                0x000056bc        0xc contiki-srf06-cc26xx.a(chameleon.o)
                0x000056bc                chameleon_hdrsize
 .text.adv_packet_sent
                0x000056c8        0x4 contiki-srf06-cc26xx.a(broadcast-annou)
 .text.set_timers
                0x000056cc       0x3c contiki-srf06-cc26xx.a(broadcast-annou)
 .text.send_timer
                0x00005708       0x18 contiki-srf06-cc26xx.a(broadcast-annou)
 .text.send_adv
                0x00005720       0x58 contiki-srf06-cc26xx.a(broadcast-annou)
 .text.adv_packet_received
                0x00005778       0x48 contiki-srf06-cc26xx.a(broadcast-annou)
 .text.new_announcement
                0x000057c0       0x18 contiki-srf06-cc26xx.a(broadcast-annou)
 .text.broadcast_announcement_init
                0x000057d8       0x30 contiki-srf06-cc26xx.a(broadcast-annou)
                0x000057d8                broadcast_announcement_init
 .text.header_size
                0x00005808       0x1c contiki-srf06-cc26xx.a(chameleon-bitop)
 .text.get_bits
                0x00005824       0xa8 contiki-srf06-cc26xx.a(chameleon-bitop)
                0x00005824                get_bits
 .text.unpack_header
                0x000058cc       0xb8 contiki-srf06-cc26xx.a(chameleon-bitop)
 .text.set_bits
                0x00005984       0xcc contiki-srf06-cc26xx.a(chameleon-bitop)
                0x00005984                set_bits
 .text.pack_header
                0x00005a50       0xa8 contiki-srf06-cc26xx.a(chameleon-bitop)
 .text.ChipInfo_GetSupportedProtocol_BV
                0x00005af8       0x10 contiki-srf06-cc26xx.a(chipinfo.o)
                0x00005af8                ChipInfo_GetSupportedProtocol_BV
 .text.ChipInfo_GetChipFamily
                0x00005b08       0x38 contiki-srf06-cc26xx.a(chipinfo.o)
                0x00005b08                ChipInfo_GetChipFamily
 .text.ChipInfo_GetHwRevision
                0x00005b40       0x98 contiki-srf06-cc26xx.a(chipinfo.o)
                0x00005b40                ChipInfo_GetHwRevision
 .text.ThisCodeIsBuiltForCC26xxHwRev22AndLater_HaltIfViolated
                0x00005bd8       0x2c contiki-srf06-cc26xx.a(chipinfo.o)
                0x00005bd8                ThisCodeIsBuiltForCC26xxHwRev22AndLater_HaltIfViolated
 .text.NOROM_AUXADCDisable
                0x00005c04       0x80 contiki-srf06-cc26xx.a(aux_adc.o)
                0x00005c04                NOROM_AUXADCDisable
 .text.NOROM_AUXADCEnableSync
                0x00005c84       0xbc contiki-srf06-cc26xx.a(aux_adc.o)
                0x00005c84                NOROM_AUXADCEnableSync
 .text.NOROM_AUXADCReadFifo
                0x00005d40       0x18 contiki-srf06-cc26xx.a(aux_adc.o)
                0x00005d40                NOROM_AUXADCReadFifo
 .text.SafeHapiAuxAdiSelect
                0x00005d58       0x30 contiki-srf06-cc26xx.a(adi.o)
                0x00005d58                SafeHapiAuxAdiSelect
 .text          0x00005d88      0x21c c:/program files (x86)/gnu tools arm embedded/5.3 2016q1/bin/../lib/gcc/arm-none-eabi/5.3.1/armv7-m\libgcc.a(_arm_addsubsf3.o)
                0x00005d88                __aeabi_frsub
                0x00005d90                __subsf3
                0x00005d90                __aeabi_fsub
                0x00005d94                __aeabi_fadd
                0x00005d94                __addsf3
                0x00005ef4                __aeabi_ui2f
                0x00005ef4                __floatunsisf
                0x00005efc                __aeabi_i2f
                0x00005efc                __floatsisf
                0x00005f18                __aeabi_ul2f
                0x00005f18                __floatundisf
                0x00005f28                __aeabi_l2f
                0x00005f28                __floatdisf
 .text          0x00005fa4      0x2a0 c:/program files (x86)/gnu tools arm embedded/5.3 2016q1/bin/../lib/gcc/arm-none-eabi/5.3.1/armv7-m\libgcc.a(_arm_muldivsf3.o)
                0x00005fa4                __mulsf3
                0x00005fa4                __aeabi_fmul
                0x0000610c                __aeabi_fdiv
                0x0000610c                __divsf3
 .text          0x00006244       0x4c c:/program files (x86)/gnu tools arm embedded/5.3 2016q1/bin/../lib/gcc/arm-none-eabi/5.3.1/armv7-m\libgcc.a(_arm_fixsfsi.o)
                0x00006244                __aeabi_f2iz
                0x00006244                __fixsfsi
 .text          0x00006290       0x30 c:/program files (x86)/gnu tools arm embedded/5.3 2016q1/bin/../lib/gcc/arm-none-eabi/5.3.1/armv7-m\libgcc.a(_aeabi_uldivmod.o)
                0x00006290                __aeabi_uldivmod
 .text          0x000062c0      0x2ec c:/program files (x86)/gnu tools arm embedded/5.3 2016q1/bin/../lib/gcc/arm-none-eabi/5.3.1/armv7-m\libgcc.a(_udivmoddi4.o)
                0x000062c0                __udivmoddi4
 .text          0x000065ac        0x4 c:/program files (x86)/gnu tools arm embedded/5.3 2016q1/bin/../lib/gcc/arm-none-eabi/5.3.1/armv7-m\libgcc.a(_dvmd_tls.o)
                0x000065ac                __aeabi_idiv0
                0x000065ac                __aeabi_ldiv0
 .text.memcmp   0x000065b0       0x64 c:/program files (x86)/gnu tools arm embedded/5.3 2016q1/bin/../lib/gcc/arm-none-eabi/5.3.1/../../../../arm-none-eabi/lib/armv7-m\libc.a(lib_a-memcmp.o)
                0x000065b0                memcmp
 .text          0x00006614       0xec c:/program files (x86)/gnu tools arm embedded/5.3 2016q1/bin/../lib/gcc/arm-none-eabi/5.3.1/../../../../arm-none-eabi/lib/armv7-m\libc.a(lib_a-memcpy.o)
                0x00006614                memcpy
 .text.memset   0x00006700       0x9c c:/program files (x86)/gnu tools arm embedded/5.3 2016q1/bin/../lib/gcc/arm-none-eabi/5.3.1/../../../../arm-none-eabi/lib/armv7-m\libc.a(lib_a-memset.o)
                0x00006700                memset
 .text.srand    0x0000679c       0x14 c:/program files (x86)/gnu tools arm embedded/5.3 2016q1/bin/../lib/gcc/arm-none-eabi/5.3.1/../../../../arm-none-eabi/lib/armv7-m\libc.a(lib_a-rand.o)
                0x0000679c                srand
 .text.rand     0x000067b0       0x40 c:/program files (x86)/gnu tools arm embedded/5.3 2016q1/bin/../lib/gcc/arm-none-eabi/5.3.1/../../../../arm-none-eabi/lib/armv7-m\libc.a(lib_a-rand.o)
                0x000067b0                rand
 .text.strlen   0x000067f0       0x5c c:/program files (x86)/gnu tools arm embedded/5.3 2016q1/bin/../lib/gcc/arm-none-eabi/5.3.1/../../../../arm-none-eabi/lib/armv7-m\libc.a(lib_a-strlen-stub.o)
                0x000067f0                strlen
 *(SORT(.rodata*))
 .rodata.autostart_processes
                0x0000684c        0x8 module-cc2630-example.co
                0x0000684c                autostart_processes
 .rodata.str1.4
                0x00006854       0xa9 contiki-srf06-cc26xx.a(contiki-main.o)
                                 0xac (size before relaxing)
 *fill*         0x000068fd        0x3 00000000
 .rodata.output_power
                0x00006900       0x68 contiki-srf06-cc26xx.a(ieee-mode.o)
 .rodata.ieee_mode_driver
                0x00006968       0x38 contiki-srf06-cc26xx.a(ieee-mode.o)
                0x00006968                ieee_mode_driver
 .rodata.mode_ieee
                0x000069a0        0x8 contiki-srf06-cc26xx.a(ieee-mode.o)
 .rodata.str1.4
                0x000069a8       0x42 contiki-srf06-cc26xx.a(strformat.o)
                                 0x48 (size before relaxing)
 *fill*         0x000069ea        0x2 00000000
 .rodata.buffer.4019
                0x000069ec       0x10 contiki-srf06-cc26xx.a(strformat.o)
 .rodata.buffer.4028
                0x000069fc       0x10 contiki-srf06-cc26xx.a(strformat.o)
 .rodata.str1.4
                0x00006a0c        0xc contiki-srf06-cc26xx.a(etimer.o)
 .rodata.str1.4
                0x00006a18        0xf contiki-srf06-cc26xx.a(ctimer.o)
                                 0x10 (size before relaxing)
 *fill*         0x00006a27        0x1 00000000
 .rodata.str1.4
                0x00006a28        0xe contiki-srf06-cc26xx.a(serial-line.o)
                                 0x10 (size before relaxing)
 *fill*         0x00006a36        0x2 00000000
 .rodata.module_device_broadcast_call
                0x00006a38        0x8 contiki-srf06-cc26xx.a(device-module-c)
 .rodata.str1.4
                0x00006a40      0x162 contiki-srf06-cc26xx.a(device-module-c)
 *fill*         0x00006ba2        0x2 00000000
 .rodata.check_max_no_movement
                0x00006ba4       0x28 contiki-srf06-cc26xx.a(device-module-c)
 .rodata.ftsp_call
                0x00006bcc        0x8 contiki-srf06-cc26xx.a(ftsp.o)
 .rodata.ftsp_attributes
                0x00006bd4        0x6 contiki-srf06-cc26xx.a(ftsp.o)
 *fill*         0x00006bda        0x2 00000000
 .rodata.str1.4
                0x00006bdc      0x1de contiki-srf06-cc26xx.a(ftsp.o)
 *fill*         0x00006dba        0x2 00000000
 .rodata.attributes
                0x00006dbc        0x4 contiki-srf06-cc26xx.a(broadcast.o)
 .rodata.broadcast
                0x00006dc0        0x8 contiki-srf06-cc26xx.a(broadcast.o)
 .rodata.attributes
                0x00006dc8        0x4 contiki-srf06-cc26xx.a(abc.o)
 .rodata.str1.4
                0x00006dcc        0x5 contiki-srf06-cc26xx.a(rime.o)
                                  0x8 (size before relaxing)
 *fill*         0x00006dd1        0x3 00000000
 .rodata.rime_driver
                0x00006dd4        0xc contiki-srf06-cc26xx.a(rime.o)
                0x00006dd4                rime_driver
 .rodata.linkaddr_null
                0x00006de0        0x4 contiki-srf06-cc26xx.a(linkaddr.o)
                0x00006de0                linkaddr_null
 .rodata.str1.4
                0x00006de4      0x108 contiki-srf06-cc26xx.a(nullrdc.o)
 .rodata.nullrdc_driver
                0x00006eec       0x20 contiki-srf06-cc26xx.a(nullrdc.o)
                0x00006eec                nullrdc_driver
 .rodata.framer_nullmac
                0x00006f0c        0xc contiki-srf06-cc26xx.a(framer-nullmac.)
                0x00006f0c                framer_nullmac
 .rodata.nullmac_driver
                0x00006f18       0x1c contiki-srf06-cc26xx.a(nullmac.o)
                0x00006f18                nullmac_driver
 .rodata.str1.4
                0x00006f34       0x20 contiki-srf06-cc26xx.a(nullmac.o)
 .rodata.str1.4
                0x00006f54        0x8 contiki-srf06-cc26xx.a(nullsec.o)
 .rodata.nullsec_driver
                0x00006f5c       0x10 contiki-srf06-cc26xx.a(nullsec.o)
                0x00006f5c                nullsec_driver
 .rodata.str1.4
                0x00006f6c       0x54 contiki-srf06-cc26xx.a(cc26xx_adc.o)
 .rodata.str1.4
                0x00006fc0       0x2a contiki-srf06-cc26xx.a(rf-core.o)
 *fill*         0x00006fea        0x2 00000000
 .rodata.SIN_TAB
                0x00006fec       0x78 contiki-srf06-cc26xx.a(ifft.o)
 .rodata.broadcast_callbacks
                0x00007064        0x8 contiki-srf06-cc26xx.a(broadcast-annou)
 .rodata.chameleon_bitopt
                0x0000706c        0xc contiki-srf06-cc26xx.a(chameleon-bitop)
                0x0000706c                chameleon_bitopt
 .rodata.bitmask
                0x00007078        0xc contiki-srf06-cc26xx.a(chameleon-bitop)
 .rodata.str1.4
                0x00007084        0x4 c:/program files (x86)/gnu tools arm embedded/5.3 2016q1/bin/../lib/gcc/arm-none-eabi/5.3.1/../../../../arm-none-eabi/lib/armv7-m\libc.a(lib_a-impure.o)
                                  0x2 (size before relaxing)
                0x00007088                _etext = .

.glue_7         0x00007088        0x0
 .glue_7        0x00007088        0x0 linker stubs

.glue_7t        0x00007088        0x0
 .glue_7t       0x00007088        0x0 linker stubs

.vfp11_veneer   0x00007088        0x0
 .vfp11_veneer  0x00007088        0x0 linker stubs

.v4_bx          0x00007088        0x0
 .v4_bx         0x00007088        0x0 linker stubs

.iplt           0x00007088        0x0
 .iplt          0x00007088        0x0 obj_srf06-cc26xx/startup_gcc.o

.data           0x20000000      0x530 load address 0x00007088
                0x20000000                _data = .
 *(SORT(vtable))
 *(SORT(.data*))
 .data.impure_data
                0x20000000      0x428 c:/program files (x86)/gnu tools arm embedded/5.3 2016q1/bin/../lib/gcc/arm-none-eabi/5.3.1/../../../../arm-none-eabi/lib/armv7-m\libc.a(lib_a-impure.o)
 .data.device_process
                0x20000428        0xc module-cc2630-example.co
                0x20000428                device_process
 .data.srf_module
                0x20000434       0x14 contiki-srf06-cc26xx.a(board.o)
 .data.uart_module
                0x20000448       0x14 contiki-srf06-cc26xx.a(cc26xx-uart.o)
 .data.cc26xx_rf_lpm_module
                0x2000045c       0x14 contiki-srf06-cc26xx.a(ieee-mode.o)
 .data.tx_power_current
                0x20000470        0x4 contiki-srf06-cc26xx.a(ieee-mode.o)
                0x20000470                tx_power_current
 .data.ieee_overrides
                0x20000474       0x2c contiki-srf06-cc26xx.a(ieee-mode.o)
 .data.ctxt     0x200004a0        0x8 contiki-srf06-cc26xx.a(dbg-printf.o)
 .data.etimer_process
                0x200004a8       0x10 contiki-srf06-cc26xx.a(etimer.o)
                0x200004a8                etimer_process
 .data.ctimer_process
                0x200004b8       0x10 contiki-srf06-cc26xx.a(ctimer.o)
                0x200004b8                ctimer_process
 .data.serial_line_process
                0x200004c8       0x10 contiki-srf06-cc26xx.a(serial-line.o)
                0x200004c8                serial_line_process
 .data.MW_check_process
                0x200004d8        0xc contiki-srf06-cc26xx.a(device-module-c)
                0x200004d8                MW_check_process
 .data.ftsp_msg_process
                0x200004e4        0xc contiki-srf06-cc26xx.a(ftsp.o)
                0x200004e4                ftsp_msg_process
 .data.ftsp_process
                0x200004f0        0xc contiki-srf06-cc26xx.a(ftsp.o)
                0x200004f0                ftsp_process
 .data.ftsp_send_process
                0x200004fc        0xc contiki-srf06-cc26xx.a(ftsp.o)
                0x200004fc                ftsp_send_process
 .data.bufmem   0x20000508        0xc contiki-srf06-cc26xx.a(queuebuf.o)
 .data.buframmem
                0x20000514        0xc contiki-srf06-cc26xx.a(queuebuf.o)
 .data.rf_core_process
                0x20000520        0xc contiki-srf06-cc26xx.a(rf-core.o)
                0x20000520                rf_core_process
 .data._impure_ptr
                0x2000052c        0x4 c:/program files (x86)/gnu tools arm embedded/5.3 2016q1/bin/../lib/gcc/arm-none-eabi/5.3.1/../../../../arm-none-eabi/lib/armv7-m\libc.a(lib_a-impure.o)
                0x2000052c                _impure_ptr
                0x20000530                _edata = .

.igot.plt       0x20000530        0x0 load address 0x000075b8
 .igot.plt      0x20000530        0x0 obj_srf06-cc26xx/startup_gcc.o

.ARM.exidx      0x000075b8        0x8
 *(SORT(.ARM.exidx*))
 .ARM.exidx     0x000075b8        0x8 c:/program files (x86)/gnu tools arm embedded/5.3 2016q1/bin/../lib/gcc/arm-none-eabi/5.3.1/armv7-m\libgcc.a(_udivmoddi4.o)

.bss            0x20000530     0x14b5
                0x20000530                _bss = .
 *(SORT(.bss*))
 .bss.count     0x20000530        0x8 contiki-srf06-cc26xx.a(clock.o)
 .bss.local_sum
                0x20000538        0x8 contiki-srf06-cc26xx.a(ftsp.o)
 .bss.offset_sum
                0x20000540        0x8 contiki-srf06-cc26xx.a(ftsp.o)
 .bss.last_isr_time
                0x20000548        0x4 contiki-srf06-cc26xx.a(soc-rtc.o)
 .bss.input_handler
                0x2000054c        0x4 contiki-srf06-cc26xx.a(cc26xx-uart.o)
 .bss.modules_list_list
                0x20000550        0x4 contiki-srf06-cc26xx.a(lpm.o)
 .bss.handlers  0x20000554       0x80 contiki-srf06-cc26xx.a(gpio-interrupt.)
 .bss.rf_stats  0x200005d4       0x10 contiki-srf06-cc26xx.a(ieee-mode.o)
 .bss.rx_data_queue
                0x200005e4        0x8 contiki-srf06-cc26xx.a(ieee-mode.o)
 .bss.rx_read_entry
                0x200005ec        0x4 contiki-srf06-cc26xx.a(ieee-mode.o)
 .bss.cmd_ieee_rx_buf
                0x200005f0       0x80 contiki-srf06-cc26xx.a(ieee-mode.o)
 .bss.tx_buf    0x20000670       0xb6 contiki-srf06-cc26xx.a(ieee-mode.o)
 *fill*         0x20000726        0x2 
 .bss.rx_buf_1  0x20000728       0x8c contiki-srf06-cc26xx.a(ieee-mode.o)
 .bss.rx_buf_0  0x200007b4       0x8c contiki-srf06-cc26xx.a(ieee-mode.o)
 .bss.rx_buf_2  0x20000840       0x8c contiki-srf06-cc26xx.a(ieee-mode.o)
 .bss.rx_buf_3  0x200008cc       0x8c contiki-srf06-cc26xx.a(ieee-mode.o)
 .bss.next_rtimer
                0x20000958        0x4 contiki-srf06-cc26xx.a(rtimer.o)
 .bss.process_current
                0x2000095c        0x4 contiki-srf06-cc26xx.a(process.o)
                0x2000095c                process_current
 .bss.process_list
                0x20000960        0x4 contiki-srf06-cc26xx.a(process.o)
                0x20000960                process_list
 .bss.events    0x20000964      0x180 contiki-srf06-cc26xx.a(process.o)
 .bss.timerlist
                0x20000ae4        0x4 contiki-srf06-cc26xx.a(etimer.o)
 .bss.next_expiration
                0x20000ae8        0x4 contiki-srf06-cc26xx.a(etimer.o)
 .bss.ctimer_list_list
                0x20000aec        0x4 contiki-srf06-cc26xx.a(ctimer.o)
 .bss.rxbuf_data
                0x20000af0       0x80 contiki-srf06-cc26xx.a(serial-line.o)
 .bss.rxbuf     0x20000b70        0x8 contiki-srf06-cc26xx.a(serial-line.o)
 .bss.ptr.4799  0x20000b78        0x4 contiki-srf06-cc26xx.a(serial-line.o)
 .bss.buf.4798  0x20000b7c       0x80 contiki-srf06-cc26xx.a(serial-line.o)
 .bss.PIR_buffer
                0x20000bfc       0x64 contiki-srf06-cc26xx.a(device-module-c)
 .bss.FFT_buffer
                0x20000c60      0x100 contiki-srf06-cc26xx.a(device-module-c)
 .bss.HD_MWre   0x20000d60      0x100 contiki-srf06-cc26xx.a(device-module-c)
 .bss.HD_MWimg  0x20000e60      0x100 contiki-srf06-cc26xx.a(device-module-c)
 .bss.i.8841    0x20000f60        0x4 contiki-srf06-cc26xx.a(device-module-c)
 .bss.msg       0x20000f64       0x20 contiki-srf06-cc26xx.a(ftsp.o)
 .bss.table     0x20000f84       0x60 contiki-srf06-cc26xx.a(ftsp.o)
 .bss.local_average
                0x20000fe4        0x4 contiki-srf06-cc26xx.a(ftsp.o)
 .bss.et_process_msg
                0x20000fe8       0x10 contiki-srf06-cc26xx.a(ftsp.o)
 .bss.offset_average
                0x20000ff8        0x4 contiki-srf06-cc26xx.a(ftsp.o)
 .bss.msg_rcv   0x20000ffc       0x28 contiki-srf06-cc26xx.a(ftsp.o)
 .bss.skew      0x20001024        0x4 contiki-srf06-cc26xx.a(ftsp.o)
 .bss.oldest_time
                0x20001028        0x4 contiki-srf06-cc26xx.a(ftsp.o)
 .bss.et        0x2000102c       0x10 contiki-srf06-cc26xx.a(ftsp.o)
 .bss.ftsp_conn
                0x2000103c       0x18 contiki-srf06-cc26xx.a(ftsp.o)
 .bss.channel_list_list
                0x20001054        0x4 contiki-srf06-cc26xx.a(channel.o)
 .bss.sniffers_list
                0x20001058        0x4 contiki-srf06-cc26xx.a(rime.o)
 .bss.powerQualGlobals
                0x2000105c        0x8 contiki-srf06-cc26xx.a(sys_ctrl.o)
 .bss.packetbuf_aligned
                0x20001064       0x80 contiki-srf06-cc26xx.a(packetbuf.o)
 .bss.buframmem_memb_count
                0x200010e4        0x8 contiki-srf06-cc26xx.a(queuebuf.o)
 .bss.bufmem_memb_mem
                0x200010ec       0x20 contiki-srf06-cc26xx.a(queuebuf.o)
 .bss.buframmem_memb_mem
                0x2000110c      0x5f0 contiki-srf06-cc26xx.a(queuebuf.o)
 .bss.bufmem_memb_count
                0x200016fc        0x8 contiki-srf06-cc26xx.a(queuebuf.o)
 .bss.received_seqnos
                0x20001704       0x40 contiki-srf06-cc26xx.a(mac-sequence.o)
 .bss.consumers_list_list
                0x20001744        0x4 contiki-srf06-cc26xx.a(aux-ctrl.o)
 .bss.last_radio_op
                0x20001748        0x4 contiki-srf06-cc26xx.a(rf-core.o)
 .bss.primary_mode
                0x2000174c        0x4 contiki-srf06-cc26xx.a(rf-core.o)
 .bss.announcements_list
                0x20001750        0x4 contiki-srf06-cc26xx.a(announcement.o)
 .bss.observer_callback
                0x20001754        0x4 contiki-srf06-cc26xx.a(announcement.o)
 .bss.c         0x20001758       0x6c contiki-srf06-cc26xx.a(broadcast-annou)
 .bss.buflen    0x200017c4        0x2 contiki-srf06-cc26xx.a(packetbuf.o)
 .bss.bufptr    0x200017c6        0x2 contiki-srf06-cc26xx.a(packetbuf.o)
 .bss.leds      0x200017c8        0x1 contiki-srf06-cc26xx.a(leds.o)
 .bss.c         0x200017c9        0x1 contiki-srf06-cc26xx.a(leds-arch.o)
 .bss.fevent    0x200017ca        0x1 contiki-srf06-cc26xx.a(process.o)
 .bss.nevents   0x200017cb        0x1 contiki-srf06-cc26xx.a(process.o)
 .bss.poll_requested
                0x200017cc        0x1 contiki-srf06-cc26xx.a(process.o)
 .bss.lastevent
                0x200017cd        0x1 contiki-srf06-cc26xx.a(process.o)
 .bss.initialized
                0x200017ce        0x1 contiki-srf06-cc26xx.a(ctimer.o)
 .bss.check_count.8842
                0x200017cf        0x1 contiki-srf06-cc26xx.a(device-module-c)
 .bss.device_module_curState
                0x200017d0        0x1 contiki-srf06-cc26xx.a(device-module-c)
 .bss.device_module_MW_is_checking
                0x200017d1        0x1 contiki-srf06-cc26xx.a(device-module-c)
 .bss.device_module_HD_check
                0x200017d2        0x1 contiki-srf06-cc26xx.a(device-module-c)
 .bss.FFT_HD_movement_detect.8843
                0x200017d3        0x1 contiki-srf06-cc26xx.a(device-module-c)
 .bss.free_item
                0x200017d4        0x1 contiki-srf06-cc26xx.a(ftsp.o)
 .bss.num_errors
                0x200017d5        0x1 contiki-srf06-cc26xx.a(ftsp.o)
 .bss.seq_num   0x200017d6        0x1 contiki-srf06-cc26xx.a(ftsp.o)
 .bss.num_entries
                0x200017d7        0x1 contiki-srf06-cc26xx.a(ftsp.o)
 .bss.mode      0x200017d8        0x1 contiki-srf06-cc26xx.a(ftsp.o)
 .bss.table_entries
                0x200017d9        0x1 contiki-srf06-cc26xx.a(ftsp.o)
 .bss.heart_beats
                0x200017da        0x1 contiki-srf06-cc26xx.a(ftsp.o)
 .bss.i         0x200017db        0x1 contiki-srf06-cc26xx.a(ftsp.o)
 .bss.oldest_item
                0x200017dc        0x1 contiki-srf06-cc26xx.a(ftsp.o)
 .bss.hdrlen    0x200017dd        0x1 contiki-srf06-cc26xx.a(packetbuf.o)
 .bss.nullrdc_hd_try_nums
                0x200017de        0x1 contiki-srf06-cc26xx.a(nullrdc.o)
                0x200017de                nullrdc_hd_try_nums
 .bss.ble_mode_on
                0x200017df        0x1 contiki-srf06-cc26xx.a(rf-ble.o)
 *(SORT(COMMON))
 COMMON         0x200017e0      0x195 module-cc2630-example.co
                0x200017e0                nodeId
                0x200017e1                isReceiveBroadcast
                0x200017e4                srt_hd_roomStatus
                0x200017e7                orphan_count
                0x200017e8                periodTimer_1
                0x20001808                turnOffCPUAndRadioTimer
                0x20001828                cmdCount
                0x2000182c                srt_cmd_nodeId
                0x20001834                srt_hd_nodeId
                0x20001838                periodTimer
                0x20001858                totalReceiveCount
                0x2000185a                srt_pms_count
                0x2000185b                state
                0x2000185c                srt_command_count
                0x20001860                srt_pms_powerConsumption
                0x20001868                nullrdc_pms_count_sent
                0x2000186c                ftsp_table_updated
                0x2000186d                commandPktSize
                0x20001870                periodAdvSyncTimer
                0x20001890                receiveControlMsg
                0x200018f4                periodSyncTimer
                0x20001914                sendCount
                0x20001918                srt_cmd_type
                0x2000191d                srt_hd_count
                0x20001920                srt_pms_nodeId
                0x20001923                indexmBSS
                0x20001924                isReceivingCommandPeriod
                0x20001928                nullrdc_rm_cycle
                0x2000192c                num_superframe
                0x2000192e                numTries
                0x2000192f                ftsp_msg_sent
                0x20001930                isSendingCommandPeriod
                0x20001934                periodResetSyncTimer
                0x20001954                periodTimer_2
                0x20001974                ssmab_index
 *fill*         0x20001975        0x3 
 COMMON         0x20001978        0x4 contiki-srf06-cc26xx.a(ieee-mode.o)
                0x20001978                ftsp_departure_time
 COMMON         0x2000197c       0x1c contiki-srf06-cc26xx.a(device-module-c)
                0x2000197c                cycleCount
                0x20001980                broadcast
 COMMON         0x20001998        0xc contiki-srf06-cc26xx.a(ftsp.o)
                0x20001998                node_id
                0x2000199c                ftsp_arrival_time
                0x200019a0                ftsp_arrival_global_time
 COMMON         0x200019a4        0x2 contiki-srf06-cc26xx.a(linkaddr.o)
                0x200019a4                linkaddr_node_addr
 *fill*         0x200019a6        0x2 
 COMMON         0x200019a8       0x3c contiki-srf06-cc26xx.a(packetbuf.o)
                0x200019a8                packetbuf_addrs
                0x200019b0                packetbuf_attrs
 COMMON         0x200019e4        0x1 contiki-srf06-cc26xx.a(serial-line.o)
                0x200019e4                serial_line_event_message
                0x200019e5                _ebss = .

.ccfg           0x0001ffa8       0x58
 *(SORT(.ccfg))
 .ccfg          0x0001ffa8       0x58 obj_srf06-cc26xx/ccfg.o
                0x0001ffa8                __ccfg

.rel.dyn        0x00020000        0x0
 .rel.iplt      0x00020000        0x0 obj_srf06-cc26xx/startup_gcc.o

._user_heap_stack
                0x200019e5      0x103
                0x200019e8                . = ALIGN (0x4)
 *fill*         0x200019e5        0x3 
                0x200019e8                . = (. + _Min_Heap_Size)
                0x20001ae8                . = (. + _Min_Stack_Size)
 *fill*         0x200019e8      0x100 
                0x20001ae8                . = ALIGN (0x4)

.gpram
OUTPUT(module-cc2630-example.elf elf32-littlearm)

.comment        0x00000000       0xde
 .comment       0x00000000       0x6e obj_srf06-cc26xx/fault-handlers.o
                                 0x6f (size before relaxing)
 .comment       0x0000006e       0x6f obj_srf06-cc26xx/ccfg.o
 .comment       0x0000006e       0x6f obj_srf06-cc26xx/startup_gcc.o
 .comment       0x0000006e       0x6f module-cc2630-example.co
 .comment       0x0000006e       0x70 contiki-srf06-cc26xx.a(contiki-main.o)
                                 0x71 (size before relaxing)
 .comment       0x000000de       0x71 contiki-srf06-cc26xx.a(leds.o)
 .comment       0x000000de       0x71 contiki-srf06-cc26xx.a(board.o)
 .comment       0x000000de       0x71 contiki-srf06-cc26xx.a(leds-arch.o)
 .comment       0x000000de       0x71 contiki-srf06-cc26xx.a(clock.o)
 .comment       0x000000de       0x71 contiki-srf06-cc26xx.a(soc-rtc.o)
 .comment       0x000000de       0x71 contiki-srf06-cc26xx.a(contiki-watchdo)
 .comment       0x000000de       0x71 contiki-srf06-cc26xx.a(putchar.o)
 .comment       0x000000de       0x6f contiki-srf06-cc26xx.a(ieee-addr.o)
 .comment       0x000000de       0x71 contiki-srf06-cc26xx.a(cc26xx-uart.o)
 .comment       0x000000de       0x71 contiki-srf06-cc26xx.a(lpm.o)
 .comment       0x000000de       0x71 contiki-srf06-cc26xx.a(gpio-interrupt.)
 .comment       0x000000de       0x71 contiki-srf06-cc26xx.a(oscillators.o)
 .comment       0x000000de       0x6f contiki-srf06-cc26xx.a(ieee-mode.o)
 .comment       0x000000de       0x71 contiki-srf06-cc26xx.a(dbg-printf.o)
 .comment       0x000000de       0x71 contiki-srf06-cc26xx.a(strformat.o)
 .comment       0x000000de       0x71 contiki-srf06-cc26xx.a(rtimer.o)
 .comment       0x000000de       0x71 contiki-srf06-cc26xx.a(process.o)
 .comment       0x000000de       0x71 contiki-srf06-cc26xx.a(etimer.o)
 .comment       0x000000de       0x71 contiki-srf06-cc26xx.a(ctimer.o)
 .comment       0x000000de       0x71 contiki-srf06-cc26xx.a(energest.o)
 .comment       0x000000de       0x71 contiki-srf06-cc26xx.a(autostart.o)
 .comment       0x000000de       0x71 contiki-srf06-cc26xx.a(serial-line.o)
 .comment       0x000000de       0x71 contiki-srf06-cc26xx.a(ringbuf.o)
 .comment       0x000000de       0x71 contiki-srf06-cc26xx.a(random.o)
 .comment       0x000000de       0x71 contiki-srf06-cc26xx.a(list.o)
 .comment       0x000000de       0x6f contiki-srf06-cc26xx.a(device-module-c)
 .comment       0x000000de       0x6f contiki-srf06-cc26xx.a(ftsp.o)
 .comment       0x000000de       0x71 contiki-srf06-cc26xx.a(broadcast.o)
 .comment       0x000000de       0x71 contiki-srf06-cc26xx.a(channel.o)
 .comment       0x000000de       0x71 contiki-srf06-cc26xx.a(abc.o)
 .comment       0x000000de       0x71 contiki-srf06-cc26xx.a(rime.o)
 .comment       0x000000de       0x71 contiki-srf06-cc26xx.a(osc.o)
 .comment       0x000000de       0x71 contiki-srf06-cc26xx.a(aon_rtc.o)
 .comment       0x000000de       0x71 contiki-srf06-cc26xx.a(aon_batmon.o)
 .comment       0x000000de       0x71 contiki-srf06-cc26xx.a(pwr_ctrl.o)
 .comment       0x000000de       0x71 contiki-srf06-cc26xx.a(cpu.o)
 .comment       0x000000de       0x71 contiki-srf06-cc26xx.a(sys_ctrl.o)
 .comment       0x000000de       0x71 contiki-srf06-cc26xx.a(ddi.o)
 .comment       0x000000de       0x71 contiki-srf06-cc26xx.a(setup.o)
 .comment       0x000000de       0x71 contiki-srf06-cc26xx.a(linkaddr.o)
 .comment       0x000000de       0x71 contiki-srf06-cc26xx.a(netstack.o)
 .comment       0x000000de       0x71 contiki-srf06-cc26xx.a(packetbuf.o)
 .comment       0x000000de       0x71 contiki-srf06-cc26xx.a(queuebuf.o)
 .comment       0x000000de       0x71 contiki-srf06-cc26xx.a(nullrdc.o)
 .comment       0x000000de       0x71 contiki-srf06-cc26xx.a(mac.o)
 .comment       0x000000de       0x71 contiki-srf06-cc26xx.a(framer-nullmac.)
 .comment       0x000000de       0x71 contiki-srf06-cc26xx.a(mac-sequence.o)
 .comment       0x000000de       0x71 contiki-srf06-cc26xx.a(nullmac.o)
 .comment       0x000000de       0x71 contiki-srf06-cc26xx.a(nullsec.o)
 .comment       0x000000de       0x71 contiki-srf06-cc26xx.a(rtimer-arch.o)
 .comment       0x000000de       0x71 contiki-srf06-cc26xx.a(aux-ctrl.o)
 .comment       0x000000de       0x71 contiki-srf06-cc26xx.a(cc26xx_adc.o)
 .comment       0x000000de       0x6f contiki-srf06-cc26xx.a(rf-core.o)
 .comment       0x000000de       0x71 contiki-srf06-cc26xx.a(rf-ble.o)
 .comment       0x000000de       0x71 contiki-srf06-cc26xx.a(timer.o)
 .comment       0x000000de       0x71 contiki-srf06-cc26xx.a(memb.o)
 .comment       0x000000de       0x71 contiki-srf06-cc26xx.a(ifft.o)
 .comment       0x000000de       0x71 contiki-srf06-cc26xx.a(announcement.o)
 .comment       0x000000de       0x71 contiki-srf06-cc26xx.a(chameleon.o)
 .comment       0x000000de       0x71 contiki-srf06-cc26xx.a(broadcast-annou)
 .comment       0x000000de       0x71 contiki-srf06-cc26xx.a(chameleon-bitop)
 .comment       0x000000de       0x71 contiki-srf06-cc26xx.a(chipinfo.o)
 .comment       0x000000de       0x71 contiki-srf06-cc26xx.a(aux_adc.o)
 .comment       0x000000de       0x71 contiki-srf06-cc26xx.a(adi.o)

.ARM.attributes
                0x00000000       0x31
 .ARM.attributes
                0x00000000       0x33 obj_srf06-cc26xx/fault-handlers.o
 .ARM.attributes
                0x00000033       0x33 obj_srf06-cc26xx/ccfg.o
 .ARM.attributes
                0x00000066       0x33 obj_srf06-cc26xx/startup_gcc.o
 .ARM.attributes
                0x00000099       0x33 module-cc2630-example.co
 .ARM.attributes
                0x000000cc       0x33 contiki-srf06-cc26xx.a(contiki-main.o)
 .ARM.attributes
                0x000000ff       0x33 contiki-srf06-cc26xx.a(leds.o)
 .ARM.attributes
                0x00000132       0x33 contiki-srf06-cc26xx.a(board.o)
 .ARM.attributes
                0x00000165       0x33 contiki-srf06-cc26xx.a(leds-arch.o)
 .ARM.attributes
                0x00000198       0x33 contiki-srf06-cc26xx.a(clock.o)
 .ARM.attributes
                0x000001cb       0x33 contiki-srf06-cc26xx.a(soc-rtc.o)
 .ARM.attributes
                0x000001fe       0x33 contiki-srf06-cc26xx.a(contiki-watchdo)
 .ARM.attributes
                0x00000231       0x33 contiki-srf06-cc26xx.a(putchar.o)
 .ARM.attributes
                0x00000264       0x33 contiki-srf06-cc26xx.a(ieee-addr.o)
 .ARM.attributes
                0x00000297       0x33 contiki-srf06-cc26xx.a(cc26xx-uart.o)
 .ARM.attributes
                0x000002ca       0x33 contiki-srf06-cc26xx.a(lpm.o)
 .ARM.attributes
                0x000002fd       0x33 contiki-srf06-cc26xx.a(gpio-interrupt.)
 .ARM.attributes
                0x00000330       0x33 contiki-srf06-cc26xx.a(oscillators.o)
 .ARM.attributes
                0x00000363       0x33 contiki-srf06-cc26xx.a(ieee-mode.o)
 .ARM.attributes
                0x00000396       0x33 contiki-srf06-cc26xx.a(dbg-printf.o)
 .ARM.attributes
                0x000003c9       0x33 contiki-srf06-cc26xx.a(strformat.o)
 .ARM.attributes
                0x000003fc       0x33 contiki-srf06-cc26xx.a(rtimer.o)
 .ARM.attributes
                0x0000042f       0x33 contiki-srf06-cc26xx.a(process.o)
 .ARM.attributes
                0x00000462       0x33 contiki-srf06-cc26xx.a(etimer.o)
 .ARM.attributes
                0x00000495       0x33 contiki-srf06-cc26xx.a(ctimer.o)
 .ARM.attributes
                0x000004c8       0x33 contiki-srf06-cc26xx.a(energest.o)
 .ARM.attributes
                0x000004fb       0x33 contiki-srf06-cc26xx.a(autostart.o)
 .ARM.attributes
                0x0000052e       0x33 contiki-srf06-cc26xx.a(serial-line.o)
 .ARM.attributes
                0x00000561       0x33 contiki-srf06-cc26xx.a(ringbuf.o)
 .ARM.attributes
                0x00000594       0x33 contiki-srf06-cc26xx.a(random.o)
 .ARM.attributes
                0x000005c7       0x33 contiki-srf06-cc26xx.a(list.o)
 .ARM.attributes
                0x000005fa       0x33 contiki-srf06-cc26xx.a(device-module-c)
 .ARM.attributes
                0x0000062d       0x33 contiki-srf06-cc26xx.a(ftsp.o)
 .ARM.attributes
                0x00000660       0x33 contiki-srf06-cc26xx.a(broadcast.o)
 .ARM.attributes
                0x00000693       0x33 contiki-srf06-cc26xx.a(channel.o)
 .ARM.attributes
                0x000006c6       0x33 contiki-srf06-cc26xx.a(abc.o)
 .ARM.attributes
                0x000006f9       0x33 contiki-srf06-cc26xx.a(rime.o)
 .ARM.attributes
                0x0000072c       0x33 contiki-srf06-cc26xx.a(osc.o)
 .ARM.attributes
                0x0000075f       0x33 contiki-srf06-cc26xx.a(aon_rtc.o)
 .ARM.attributes
                0x00000792       0x33 contiki-srf06-cc26xx.a(aon_batmon.o)
 .ARM.attributes
                0x000007c5       0x33 contiki-srf06-cc26xx.a(pwr_ctrl.o)
 .ARM.attributes
                0x000007f8       0x33 contiki-srf06-cc26xx.a(cpu.o)
 .ARM.attributes
                0x0000082b       0x33 contiki-srf06-cc26xx.a(sys_ctrl.o)
 .ARM.attributes
                0x0000085e       0x33 contiki-srf06-cc26xx.a(ddi.o)
 .ARM.attributes
                0x00000891       0x33 contiki-srf06-cc26xx.a(setup.o)
 .ARM.attributes
                0x000008c4       0x33 contiki-srf06-cc26xx.a(linkaddr.o)
 .ARM.attributes
                0x000008f7       0x33 contiki-srf06-cc26xx.a(netstack.o)
 .ARM.attributes
                0x0000092a       0x33 contiki-srf06-cc26xx.a(packetbuf.o)
 .ARM.attributes
                0x0000095d       0x33 contiki-srf06-cc26xx.a(queuebuf.o)
 .ARM.attributes
                0x00000990       0x33 contiki-srf06-cc26xx.a(nullrdc.o)
 .ARM.attributes
                0x000009c3       0x33 contiki-srf06-cc26xx.a(mac.o)
 .ARM.attributes
                0x000009f6       0x33 contiki-srf06-cc26xx.a(framer-nullmac.)
 .ARM.attributes
                0x00000a29       0x33 contiki-srf06-cc26xx.a(mac-sequence.o)
 .ARM.attributes
                0x00000a5c       0x33 contiki-srf06-cc26xx.a(nullmac.o)
 .ARM.attributes
                0x00000a8f       0x33 contiki-srf06-cc26xx.a(nullsec.o)
 .ARM.attributes
                0x00000ac2       0x33 contiki-srf06-cc26xx.a(rtimer-arch.o)
 .ARM.attributes
                0x00000af5       0x33 contiki-srf06-cc26xx.a(aux-ctrl.o)
 .ARM.attributes
                0x00000b28       0x33 contiki-srf06-cc26xx.a(cc26xx_adc.o)
 .ARM.attributes
                0x00000b5b       0x33 contiki-srf06-cc26xx.a(rf-core.o)
 .ARM.attributes
                0x00000b8e       0x33 contiki-srf06-cc26xx.a(rf-ble.o)
 .ARM.attributes
                0x00000bc1       0x33 contiki-srf06-cc26xx.a(timer.o)
 .ARM.attributes
                0x00000bf4       0x33 contiki-srf06-cc26xx.a(memb.o)
 .ARM.attributes
                0x00000c27       0x33 contiki-srf06-cc26xx.a(ifft.o)
 .ARM.attributes
                0x00000c5a       0x33 contiki-srf06-cc26xx.a(announcement.o)
 .ARM.attributes
                0x00000c8d       0x33 contiki-srf06-cc26xx.a(chameleon.o)
 .ARM.attributes
                0x00000cc0       0x33 contiki-srf06-cc26xx.a(broadcast-annou)
 .ARM.attributes
                0x00000cf3       0x33 contiki-srf06-cc26xx.a(chameleon-bitop)
 .ARM.attributes
                0x00000d26       0x33 contiki-srf06-cc26xx.a(chipinfo.o)
 .ARM.attributes
                0x00000d59       0x33 contiki-srf06-cc26xx.a(aux_adc.o)
 .ARM.attributes
                0x00000d8c       0x33 contiki-srf06-cc26xx.a(adi.o)
 .ARM.attributes
                0x00000dbf       0x1d c:/program files (x86)/gnu tools arm embedded/5.3 2016q1/bin/../lib/gcc/arm-none-eabi/5.3.1/armv7-m\libgcc.a(_arm_addsubsf3.o)
 .ARM.attributes
                0x00000ddc       0x1d c:/program files (x86)/gnu tools arm embedded/5.3 2016q1/bin/../lib/gcc/arm-none-eabi/5.3.1/armv7-m\libgcc.a(_arm_muldivsf3.o)
 .ARM.attributes
                0x00000df9       0x1d c:/program files (x86)/gnu tools arm embedded/5.3 2016q1/bin/../lib/gcc/arm-none-eabi/5.3.1/armv7-m\libgcc.a(_arm_fixsfsi.o)
 .ARM.attributes
                0x00000e16       0x1d c:/program files (x86)/gnu tools arm embedded/5.3 2016q1/bin/../lib/gcc/arm-none-eabi/5.3.1/armv7-m\libgcc.a(_aeabi_uldivmod.o)
 .ARM.attributes
                0x00000e33       0x2d c:/program files (x86)/gnu tools arm embedded/5.3 2016q1/bin/../lib/gcc/arm-none-eabi/5.3.1/armv7-m\libgcc.a(_udivmoddi4.o)
 .ARM.attributes
                0x00000e60       0x1d c:/program files (x86)/gnu tools arm embedded/5.3 2016q1/bin/../lib/gcc/arm-none-eabi/5.3.1/armv7-m\libgcc.a(_dvmd_tls.o)
 .ARM.attributes
                0x00000e7d       0x2d c:/program files (x86)/gnu tools arm embedded/5.3 2016q1/bin/../lib/gcc/arm-none-eabi/5.3.1/../../../../arm-none-eabi/lib/armv7-m\libc.a(lib_a-memcmp.o)
 .ARM.attributes
                0x00000eaa       0x1b c:/program files (x86)/gnu tools arm embedded/5.3 2016q1/bin/../lib/gcc/arm-none-eabi/5.3.1/../../../../arm-none-eabi/lib/armv7-m\libc.a(lib_a-memcpy.o)
 .ARM.attributes
                0x00000ec5       0x2d c:/program files (x86)/gnu tools arm embedded/5.3 2016q1/bin/../lib/gcc/arm-none-eabi/5.3.1/../../../../arm-none-eabi/lib/armv7-m\libc.a(lib_a-memset.o)
 .ARM.attributes
                0x00000ef2       0x2d c:/program files (x86)/gnu tools arm embedded/5.3 2016q1/bin/../lib/gcc/arm-none-eabi/5.3.1/../../../../arm-none-eabi/lib/armv7-m\libc.a(lib_a-rand.o)
 .ARM.attributes
                0x00000f1f       0x2d c:/program files (x86)/gnu tools arm embedded/5.3 2016q1/bin/../lib/gcc/arm-none-eabi/5.3.1/../../../../arm-none-eabi/lib/armv7-m\libc.a(lib_a-strlen-stub.o)
 .ARM.attributes
                0x00000f4c       0x2d c:/program files (x86)/gnu tools arm embedded/5.3 2016q1/bin/../lib/gcc/arm-none-eabi/5.3.1/../../../../arm-none-eabi/lib/armv7-m\libc.a(lib_a-impure.o)

.debug_frame    0x00000000      0x12c
 .debug_frame   0x00000000       0x2c c:/program files (x86)/gnu tools arm embedded/5.3 2016q1/bin/../lib/gcc/arm-none-eabi/5.3.1/armv7-m\libgcc.a(_aeabi_uldivmod.o)
 .debug_frame   0x0000002c       0x38 c:/program files (x86)/gnu tools arm embedded/5.3 2016q1/bin/../lib/gcc/arm-none-eabi/5.3.1/armv7-m\libgcc.a(_udivmoddi4.o)
 .debug_frame   0x00000064       0x38 c:/program files (x86)/gnu tools arm embedded/5.3 2016q1/bin/../lib/gcc/arm-none-eabi/5.3.1/../../../../arm-none-eabi/lib/armv7-m\libc.a(lib_a-memcmp.o)
 .debug_frame   0x0000009c       0x34 c:/program files (x86)/gnu tools arm embedded/5.3 2016q1/bin/../lib/gcc/arm-none-eabi/5.3.1/../../../../arm-none-eabi/lib/armv7-m\libc.a(lib_a-memset.o)
 .debug_frame   0x000000d0       0x3c c:/program files (x86)/gnu tools arm embedded/5.3 2016q1/bin/../lib/gcc/arm-none-eabi/5.3.1/../../../../arm-none-eabi/lib/armv7-m\libc.a(lib_a-rand.o)
 .debug_frame   0x0000010c       0x20 c:/program files (x86)/gnu tools arm embedded/5.3 2016q1/bin/../lib/gcc/arm-none-eabi/5.3.1/../../../../arm-none-eabi/lib/armv7-m\libc.a(lib_a-strlen-stub.o)

Cross Reference Table

Symbol                                            File
AONBatMonTemperatureGetDegC                       contiki-srf06-cc26xx.a(aon_batmon.o)
                                                  contiki-srf06-cc26xx.a(sys_ctrl.o)
                                                  contiki-srf06-cc26xx.a(osc.o)
AONIntHandler                                     obj_srf06-cc26xx/startup_gcc.o
AONProgIntHandler                                 obj_srf06-cc26xx/startup_gcc.o
AONRTCIntHandler                                  contiki-srf06-cc26xx.a(soc-rtc.o)
                                                  obj_srf06-cc26xx/startup_gcc.o
AUXADCIntHandler                                  obj_srf06-cc26xx/startup_gcc.o
AUXCombEventIntHandler                            obj_srf06-cc26xx/startup_gcc.o
AUXCompAIntHandler                                obj_srf06-cc26xx/startup_gcc.o
AUXSWEvent0IntHandler                             obj_srf06-cc26xx/startup_gcc.o
AUXSWEvent1IntHandler                             obj_srf06-cc26xx/startup_gcc.o
BusFaultIntHandler                                obj_srf06-cc26xx/startup_gcc.o
ChipInfo_GetChipFamily                            contiki-srf06-cc26xx.a(chipinfo.o)
                                                  contiki-srf06-cc26xx.a(rf-core.o)
ChipInfo_GetHwRevision                            contiki-srf06-cc26xx.a(chipinfo.o)
ChipInfo_GetPackageType                           contiki-srf06-cc26xx.a(chipinfo.o)
ChipInfo_GetSupportedProtocol_BV                  contiki-srf06-cc26xx.a(chipinfo.o)
                                                  contiki-srf06-cc26xx.a(rf-core.o)
CryptoIntHandler                                  obj_srf06-cc26xx/startup_gcc.o
DebugMonIntHandler                                obj_srf06-cc26xx/startup_gcc.o
DynProgIntHandler                                 obj_srf06-cc26xx/startup_gcc.o
FaultISR                                          obj_srf06-cc26xx/fault-handlers.o
FlashIntHandler                                   obj_srf06-cc26xx/startup_gcc.o
GPIOIntHandler                                    contiki-srf06-cc26xx.a(gpio-interrupt.)
                                                  obj_srf06-cc26xx/startup_gcc.o
I2CIntHandler                                     obj_srf06-cc26xx/startup_gcc.o
I2SIntHandler                                     obj_srf06-cc26xx/startup_gcc.o
MPUFaultIntHandler                                obj_srf06-cc26xx/startup_gcc.o
MW_check_process                                  contiki-srf06-cc26xx.a(device-module-c)
NOROM_AONRTCCurrent64BitValueGet                  contiki-srf06-cc26xx.a(aon_rtc.o)
NOROM_AONRTCCurrentCompareValueGet                contiki-srf06-cc26xx.a(aon_rtc.o)
                                                  contiki-srf06-cc26xx.a(rtimer-arch.o)
                                                  contiki-srf06-cc26xx.a(osc.o)
                                                  contiki-srf06-cc26xx.a(soc-rtc.o)
NOROM_AUXADCAdjustValueForGainAndOffset           contiki-srf06-cc26xx.a(aux_adc.o)
NOROM_AUXADCDisable                               contiki-srf06-cc26xx.a(aux_adc.o)
                                                  contiki-srf06-cc26xx.a(cc26xx_adc.o)
NOROM_AUXADCDisableInputScaling                   contiki-srf06-cc26xx.a(aux_adc.o)
NOROM_AUXADCEnableAsync                           contiki-srf06-cc26xx.a(aux_adc.o)
NOROM_AUXADCEnableSync                            contiki-srf06-cc26xx.a(aux_adc.o)
                                                  contiki-srf06-cc26xx.a(cc26xx_adc.o)
NOROM_AUXADCFlushFifo                             contiki-srf06-cc26xx.a(aux_adc.o)
NOROM_AUXADCGetAdjustmentGain                     contiki-srf06-cc26xx.a(aux_adc.o)
NOROM_AUXADCGetAdjustmentOffset                   contiki-srf06-cc26xx.a(aux_adc.o)
NOROM_AUXADCMicrovoltsToValue                     contiki-srf06-cc26xx.a(aux_adc.o)
NOROM_AUXADCPopFifo                               contiki-srf06-cc26xx.a(aux_adc.o)
NOROM_AUXADCReadFifo                              contiki-srf06-cc26xx.a(aux_adc.o)
                                                  contiki-srf06-cc26xx.a(cc26xx_adc.o)
NOROM_AUXADCUnadjustValueForGainAndOffset         contiki-srf06-cc26xx.a(aux_adc.o)
NOROM_AUXADCValueToMicrovolts                     contiki-srf06-cc26xx.a(aux_adc.o)
NOROM_CPUbasepriGet                               contiki-srf06-cc26xx.a(cpu.o)
NOROM_CPUcpsid                                    contiki-srf06-cc26xx.a(cpu.o)
                                                  contiki-srf06-cc26xx.a(adi.o)
                                                  contiki-srf06-cc26xx.a(aux_adc.o)
                                                  contiki-srf06-cc26xx.a(rf-ble.o)
                                                  contiki-srf06-cc26xx.a(rf-core.o)
                                                  contiki-srf06-cc26xx.a(aux-ctrl.o)
                                                  contiki-srf06-cc26xx.a(setup.o)
                                                  contiki-srf06-cc26xx.a(ddi.o)
                                                  contiki-srf06-cc26xx.a(ftsp.o)
                                                  contiki-srf06-cc26xx.a(gpio-interrupt.)
                                                  contiki-srf06-cc26xx.a(lpm.o)
                                                  contiki-srf06-cc26xx.a(cc26xx-uart.o)
                                                  contiki-srf06-cc26xx.a(contiki-watchdo)
                                                  contiki-srf06-cc26xx.a(soc-rtc.o)
                                                  contiki-srf06-cc26xx.a(clock.o)
                                                  contiki-srf06-cc26xx.a(board.o)
                                                  contiki-srf06-cc26xx.a(contiki-main.o)
NOROM_CPUcpsie                                    contiki-srf06-cc26xx.a(cpu.o)
                                                  contiki-srf06-cc26xx.a(adi.o)
                                                  contiki-srf06-cc26xx.a(aux_adc.o)
                                                  contiki-srf06-cc26xx.a(rf-ble.o)
                                                  contiki-srf06-cc26xx.a(rf-core.o)
                                                  contiki-srf06-cc26xx.a(aux-ctrl.o)
                                                  contiki-srf06-cc26xx.a(setup.o)
                                                  contiki-srf06-cc26xx.a(ddi.o)
                                                  contiki-srf06-cc26xx.a(ftsp.o)
                                                  contiki-srf06-cc26xx.a(gpio-interrupt.)
                                                  contiki-srf06-cc26xx.a(lpm.o)
                                                  contiki-srf06-cc26xx.a(cc26xx-uart.o)
                                                  contiki-srf06-cc26xx.a(contiki-watchdo)
                                                  contiki-srf06-cc26xx.a(soc-rtc.o)
                                                  contiki-srf06-cc26xx.a(clock.o)
                                                  contiki-srf06-cc26xx.a(board.o)
                                                  contiki-srf06-cc26xx.a(contiki-main.o)
NOROM_CPUdelay                                    contiki-srf06-cc26xx.a(cpu.o)
NOROM_CPUprimask                                  contiki-srf06-cc26xx.a(cpu.o)
NOROM_DDI16BitRead                                contiki-srf06-cc26xx.a(ddi.o)
NOROM_DDI16BitWrite                               contiki-srf06-cc26xx.a(ddi.o)
NOROM_DDI16BitfieldRead                           contiki-srf06-cc26xx.a(ddi.o)
                                                  contiki-srf06-cc26xx.a(osc.o)
NOROM_DDI16BitfieldWrite                          contiki-srf06-cc26xx.a(ddi.o)
                                                  contiki-srf06-cc26xx.a(setup.o)
                                                  contiki-srf06-cc26xx.a(osc.o)
                                                  contiki-srf06-cc26xx.a(oscillators.o)
NOROM_OSCClockSourceGet                           contiki-srf06-cc26xx.a(osc.o)
                                                  contiki-srf06-cc26xx.a(setup.o)
                                                  contiki-srf06-cc26xx.a(sys_ctrl.o)
                                                  contiki-srf06-cc26xx.a(oscillators.o)
NOROM_OSCClockSourceSet                           contiki-srf06-cc26xx.a(osc.o)
                                                  contiki-srf06-cc26xx.a(setup.o)
                                                  contiki-srf06-cc26xx.a(sys_ctrl.o)
                                                  contiki-srf06-cc26xx.a(oscillators.o)
NOROM_OSCInterfaceEnable                          contiki-srf06-cc26xx.a(osc.o)
                                                  contiki-srf06-cc26xx.a(sys_ctrl.o)
NOROM_PowerCtrlSourceSet                          contiki-srf06-cc26xx.a(pwr_ctrl.o)
                                                  contiki-srf06-cc26xx.a(lpm.o)
NOROM_PowerCtrlStateSet                           contiki-srf06-cc26xx.a(pwr_ctrl.o)
                                                  contiki-srf06-cc26xx.a(sys_ctrl.o)
NOROM_SysCtrlPowerEverything                      contiki-srf06-cc26xx.a(sys_ctrl.o)
NOROM_SysCtrlPowerdown                            contiki-srf06-cc26xx.a(sys_ctrl.o)
NOROM_SysCtrlResetSourceGet                       contiki-srf06-cc26xx.a(sys_ctrl.o)
NOROM_SysCtrlShutdown                             contiki-srf06-cc26xx.a(sys_ctrl.o)
NOROM_SysCtrlStandby                              contiki-srf06-cc26xx.a(sys_ctrl.o)
NmiSR                                             obj_srf06-cc26xx/startup_gcc.o
OSCHF_AttemptToSwitchToXosc                       contiki-srf06-cc26xx.a(osc.o)
OSCHF_GetStartupTime                              contiki-srf06-cc26xx.a(osc.o)
OSCHF_SwitchToRcOscTurnOffXosc                    contiki-srf06-cc26xx.a(osc.o)
OSCHF_TurnOnXosc                                  contiki-srf06-cc26xx.a(osc.o)
PendSVIntHandler                                  obj_srf06-cc26xx/startup_gcc.o
RFCCPE0IntHandler                                 contiki-srf06-cc26xx.a(rf-core.o)
                                                  obj_srf06-cc26xx/startup_gcc.o
RFCCPE1IntHandler                                 contiki-srf06-cc26xx.a(rf-core.o)
                                                  obj_srf06-cc26xx/startup_gcc.o
RFCCmdAckIntHandler                               obj_srf06-cc26xx/startup_gcc.o
RFCHardwareIntHandler                             obj_srf06-cc26xx/startup_gcc.o
ResetISR                                          obj_srf06-cc26xx/startup_gcc.o
SSI0IntHandler                                    obj_srf06-cc26xx/startup_gcc.o
SSI1IntHandler                                    obj_srf06-cc26xx/startup_gcc.o
SVCallIntHandler                                  obj_srf06-cc26xx/startup_gcc.o
SWEvent0IntHandler                                obj_srf06-cc26xx/startup_gcc.o
SafeHapiAuxAdiSelect                              contiki-srf06-cc26xx.a(adi.o)
                                                  contiki-srf06-cc26xx.a(cc26xx_adc.o)
SysCtrlAdjustRechargeAfterPowerDown               contiki-srf06-cc26xx.a(sys_ctrl.o)
                                                  contiki-srf06-cc26xx.a(lpm.o)
SysCtrlSetRechargeBeforePowerDown                 contiki-srf06-cc26xx.a(sys_ctrl.o)
                                                  contiki-srf06-cc26xx.a(lpm.o)
SysCtrl_DCDC_VoltageConditionalControl            contiki-srf06-cc26xx.a(sys_ctrl.o)
                                                  contiki-srf06-cc26xx.a(lpm.o)
SysTickIntHandler                                 obj_srf06-cc26xx/startup_gcc.o
TRNGIntHandler                                    obj_srf06-cc26xx/startup_gcc.o
ThisCodeIsBuiltForCC26xxHwRev22AndLater_HaltIfViolated contiki-srf06-cc26xx.a(chipinfo.o)
                                                  contiki-srf06-cc26xx.a(setup.o)
Timer0AIntHandler                                 obj_srf06-cc26xx/startup_gcc.o
Timer0BIntHandler                                 obj_srf06-cc26xx/startup_gcc.o
Timer1AIntHandler                                 obj_srf06-cc26xx/startup_gcc.o
Timer1BIntHandler                                 obj_srf06-cc26xx/startup_gcc.o
Timer2AIntHandler                                 obj_srf06-cc26xx/startup_gcc.o
Timer2BIntHandler                                 obj_srf06-cc26xx/startup_gcc.o
Timer3AIntHandler                                 obj_srf06-cc26xx/startup_gcc.o
Timer3BIntHandler                                 obj_srf06-cc26xx/startup_gcc.o
UART0IntHandler                                   contiki-srf06-cc26xx.a(cc26xx-uart.o)
                                                  obj_srf06-cc26xx/startup_gcc.o
UsageFaultIntHandler                              obj_srf06-cc26xx/startup_gcc.o
WatchdogIntHandler                                obj_srf06-cc26xx/startup_gcc.o
__addsf3                                          c:/program files (x86)/gnu tools arm embedded/5.3 2016q1/bin/../lib/gcc/arm-none-eabi/5.3.1/armv7-m\libgcc.a(_arm_addsubsf3.o)
__aeabi_f2iz                                      c:/program files (x86)/gnu tools arm embedded/5.3 2016q1/bin/../lib/gcc/arm-none-eabi/5.3.1/armv7-m\libgcc.a(_arm_fixsfsi.o)
                                                  contiki-srf06-cc26xx.a(ftsp.o)
__aeabi_fadd                                      c:/program files (x86)/gnu tools arm embedded/5.3 2016q1/bin/../lib/gcc/arm-none-eabi/5.3.1/armv7-m\libgcc.a(_arm_addsubsf3.o)
__aeabi_fdiv                                      c:/program files (x86)/gnu tools arm embedded/5.3 2016q1/bin/../lib/gcc/arm-none-eabi/5.3.1/armv7-m\libgcc.a(_arm_muldivsf3.o)
                                                  contiki-srf06-cc26xx.a(ftsp.o)